 Container cynox-cassandra Stopping 
 Container cynox-elasticsearch Stopping 
 Container cynox-elasticsearch Stopped 
 Container cynox-elasticsearch Removing 
 Container cynox-elasticsearch Removed 
 Container cynox-cassandra Stopped 
 Container cynox-cassandra Removing 
 Container cynox-cassandra Removed 
 Network cynoxnew_default Removing 
 Network cynoxnew_default Removed 
 Image cynoxproject/cynox4:4.1.24-1 Pulling 
 6195973a4b48 Pulling fs layer 0B
 001c52e26ad5 Pulling fs layer 0B
 2068746827ec Pulling fs layer 0B
 d85151f15b66 Pulling fs layer 0B
 2b0c8378d253 Pulling fs layer 0B
 52a8c426d30b Pulling fs layer 0B
 0404e9563550 Pulling fs layer 0B
 7b23f6d0da54 Pulling fs layer 0B
 45ecedb65299 Pulling fs layer 0B
 8754a66e0050 Pulling fs layer 0B
 d9d4b9b6e964 Pulling fs layer 0B
 9daef329d350 Pulling fs layer 0B
 d1371cf669f4 Pulling fs layer 0B
 ea7f2741e4dc Pulling fs layer 0B
 001c52e26ad5 Downloading 1.049MB
 45ecedb65299 Downloading 911B
 001c52e26ad5 Downloading 2.097MB
 45ecedb65299 Download complete 0B
 001c52e26ad5 Downloading 4.194MB
 001c52e26ad5 Downloading 5.243MB
 001c52e26ad5 Downloading 6.291MB
 001c52e26ad5 Downloading 7.34MB
 52a8c426d30b Downloading 210B
 001c52e26ad5 Downloading 7.34MB
 001c52e26ad5 Downloading 7.34MB
 52a8c426d30b Download complete 0B
 6195973a4b48 Download complete 0B
 001c52e26ad5 Downloading 8.389MB
 001c52e26ad5 Downloading 8.389MB
 001c52e26ad5 Downloading 8.389MB
 9daef329d350 Downloading 1.049MB
 d9d4b9b6e964 Downloading 1.049MB
 d85151f15b66 Downloading 1.049MB
 d85151f15b66 Downloading 1.049MB
 001c52e26ad5 Downloading 9.437MB
 9daef329d350 Downloading 1.049MB
 d9d4b9b6e964 Downloading 1.049MB
 2068746827ec Downloading 1.049MB
 d85151f15b66 Downloading 1.049MB
 001c52e26ad5 Downloading 10.49MB
 9daef329d350 Downloading 1.049MB
 d9d4b9b6e964 Downloading 1.049MB
 2068746827ec Downloading 1.049MB
 d85151f15b66 Downloading 1.049MB
 7b23f6d0da54 Downloading 113B
 001c52e26ad5 Downloading 11.53MB
 9daef329d350 Downloading 1.049MB
 d9d4b9b6e964 Downloading 1.049MB
 7b23f6d0da54 Download complete 0B
 001c52e26ad5 Downloading 11.53MB
 9daef329d350 Downloading 2.097MB
 d9d4b9b6e964 Downloading 1.049MB
 d1371cf669f4 Downloading 10.73kB
 ea7f2741e4dc Downloading 1.049MB
 2068746827ec Downloading 1.049MB
 d85151f15b66 Downloading 2.097MB
 001c52e26ad5 Downloading 11.53MB
 9daef329d350 Downloading 2.097MB
 d9d4b9b6e964 Downloading 1.049MB
 d1371cf669f4 Download complete 0B
 ea7f2741e4dc Downloading 1.049MB
 2068746827ec Downloading 1.049MB
 d85151f15b66 Downloading 2.097MB
 001c52e26ad5 Downloading 11.53MB
 9daef329d350 Downloading 2.097MB
 d9d4b9b6e964 Downloading 1.049MB
 ea7f2741e4dc Downloading 1.049MB
 2068746827ec Downloading 1.049MB
 d85151f15b66 Downloading 2.097MB
 2b0c8378d253 Downloading 185B
 001c52e26ad5 Downloading 12.58MB
 9daef329d350 Downloading 2.097MB
 d9d4b9b6e964 Downloading 1.049MB
 ea7f2741e4dc Downloading 1.049MB
 2068746827ec Downloading 1.049MB
 d85151f15b66 Downloading 2.097MB
 2b0c8378d253 Download complete 0B
 001c52e26ad5 Downloading 12.58MB
 9daef329d350 Downloading 2.097MB
 d9d4b9b6e964 Downloading 1.049MB
 ea7f2741e4dc Downloading 1.049MB
 2068746827ec Downloading 2.097MB
 d85151f15b66 Downloading 2.097MB
 001c52e26ad5 Downloading 12.58MB
 9daef329d350 Downloading 3.146MB
 d9d4b9b6e964 Downloading 1.049MB
 ea7f2741e4dc Downloading 1.049MB
 2068746827ec Downloading 2.097MB
 d85151f15b66 Downloading 2.097MB
 001c52e26ad5 Downloading 12.58MB
 9daef329d350 Downloading 3.146MB
 d9d4b9b6e964 Downloading 1.049MB
 ea7f2741e4dc Downloading 1.049MB
 2068746827ec Downloading 2.097MB
 d85151f15b66 Downloading 3.146MB
 d85151f15b66 Downloading 3.146MB
 001c52e26ad5 Downloading 13.63MB
 9daef329d350 Downloading 3.146MB
 d9d4b9b6e964 Downloading 1.049MB
 ea7f2741e4dc Downloading 1.049MB
 2068746827ec Downloading 3.146MB
 001c52e26ad5 Downloading 13.63MB
 9daef329d350 Downloading 4.194MB
 d9d4b9b6e964 Downloading 2.097MB
 ea7f2741e4dc Downloading 1.049MB
 2068746827ec Downloading 3.146MB
 d85151f15b66 Downloading 4.194MB
 001c52e26ad5 Downloading 14.68MB
 9daef329d350 Downloading 4.194MB
 d9d4b9b6e964 Downloading 2.097MB
 ea7f2741e4dc Downloading 1.049MB
 2068746827ec Downloading 3.146MB
 d85151f15b66 Downloading 4.194MB
 001c52e26ad5 Downloading 14.68MB
 9daef329d350 Downloading 4.194MB
 d9d4b9b6e964 Downloading 2.097MB
 ea7f2741e4dc Downloading 1.049MB
 2068746827ec Downloading 3.146MB
 d85151f15b66 Downloading 4.194MB
 d9d4b9b6e964 Downloading 2.097MB
 ea7f2741e4dc Downloading 1.049MB
 2068746827ec Downloading 3.146MB
 d85151f15b66 Downloading 5.243MB
 001c52e26ad5 Downloading 15.73MB
 9daef329d350 Downloading 5.243MB
 001c52e26ad5 Downloading 15.73MB
 9daef329d350 Downloading 5.243MB
 d9d4b9b6e964 Downloading 2.097MB
 ea7f2741e4dc Downloading 1.049MB
 2068746827ec Downloading 4.194MB
 ea7f2741e4dc Downloading 2.097MB
 2068746827ec Downloading 4.194MB
 d85151f15b66 Download complete 0B
 001c52e26ad5 Downloading 16.78MB
 9daef329d350 Downloading 5.243MB
 d9d4b9b6e964 Downloading 2.097MB
 2068746827ec Downloading 4.194MB
 001c52e26ad5 Downloading 16.78MB
 9daef329d350 Downloading 5.243MB
 d9d4b9b6e964 Downloading 2.097MB
 ea7f2741e4dc Downloading 2.097MB
 ea7f2741e4dc Downloading 2.097MB
 2068746827ec Downloading 4.194MB
 001c52e26ad5 Downloading 17.83MB
 9daef329d350 Downloading 6.291MB
 d9d4b9b6e964 Downloading 2.097MB
 8754a66e0050 Downloading 1.049MB
 001c52e26ad5 Downloading 17.83MB
 9daef329d350 Downloading 6.291MB
 d9d4b9b6e964 Downloading 2.097MB
 ea7f2741e4dc Downloading 2.097MB
 2068746827ec Downloading 5.243MB
 0404e9563550 Downloading 1.049MB
 8754a66e0050 Downloading 1.049MB
 001c52e26ad5 Downloading 17.83MB
 9daef329d350 Downloading 6.291MB
 d9d4b9b6e964 Downloading 2.097MB
 ea7f2741e4dc Downloading 2.097MB
 2068746827ec Downloading 5.243MB
 0404e9563550 Downloading 1.049MB
 8754a66e0050 Downloading 1.049MB
 001c52e26ad5 Downloading 18.87MB
 9daef329d350 Downloading 6.291MB
 d9d4b9b6e964 Downloading 2.097MB
 ea7f2741e4dc Downloading 2.097MB
 2068746827ec Downloading 5.243MB
 ea7f2741e4dc Downloading 2.097MB
 2068746827ec Downloading 5.243MB
 0404e9563550 Downloading 1.049MB
 8754a66e0050 Downloading 1.049MB
 001c52e26ad5 Downloading 18.87MB
 9daef329d350 Downloading 7.34MB
 d9d4b9b6e964 Downloading 2.097MB
 ea7f2741e4dc Downloading 2.097MB
 2068746827ec Downloading 5.243MB
 0404e9563550 Downloading 1.049MB
 8754a66e0050 Downloading 1.049MB
 001c52e26ad5 Downloading 18.87MB
 9daef329d350 Downloading 7.34MB
 d9d4b9b6e964 Downloading 2.097MB
 0404e9563550 Downloading 1.049MB
 8754a66e0050 Downloading 2.097MB
 001c52e26ad5 Downloading 18.87MB
 9daef329d350 Downloading 7.34MB
 d9d4b9b6e964 Downloading 2.097MB
 ea7f2741e4dc Downloading 2.097MB
 2068746827ec Downloading 6.291MB
 9daef329d350 Downloading 7.34MB
 d9d4b9b6e964 Downloading 2.343MB
 ea7f2741e4dc Downloading 2.097MB
 2068746827ec Downloading 6.291MB
 0404e9563550 Downloading 1.049MB
 8754a66e0050 Downloading 2.097MB
 001c52e26ad5 Downloading 18.87MB
 001c52e26ad5 Downloading 19.92MB
 9daef329d350 Downloading 8.389MB
 d9d4b9b6e964 Downloading 3.146MB
 ea7f2741e4dc Downloading 2.097MB
 2068746827ec Downloading 6.291MB
 0404e9563550 Downloading 1.049MB
 8754a66e0050 Downloading 2.097MB
 2068746827ec Downloading 6.291MB
 0404e9563550 Downloading 1.049MB
 8754a66e0050 Downloading 2.097MB
 001c52e26ad5 Downloading 19.92MB
 9daef329d350 Downloading 8.389MB
 d9d4b9b6e964 Downloading 3.146MB
 ea7f2741e4dc Downloading 2.097MB
 2068746827ec Downloading 7.34MB
 0404e9563550 Downloading 1.049MB
 8754a66e0050 Downloading 2.097MB
 001c52e26ad5 Downloading 19.92MB
 9daef329d350 Downloading 8.389MB
 d9d4b9b6e964 Downloading 3.146MB
 ea7f2741e4dc Downloading 2.097MB
 8754a66e0050 Downloading 3.146MB
 001c52e26ad5 Downloading 19.92MB
 9daef329d350 Downloading 8.389MB
 d9d4b9b6e964 Downloading 3.146MB
 ea7f2741e4dc Downloading 3.146MB
 2068746827ec Downloading 7.34MB
 0404e9563550 Downloading 1.049MB
 d9d4b9b6e964 Downloading 3.146MB
 ea7f2741e4dc Downloading 3.146MB
 2068746827ec Downloading 7.34MB
 0404e9563550 Downloading 1.049MB
 8754a66e0050 Downloading 3.146MB
 001c52e26ad5 Downloading 20.97MB
 9daef329d350 Downloading 9.437MB
 8754a66e0050 Downloading 3.146MB
 001c52e26ad5 Downloading 20.97MB
 9daef329d350 Downloading 9.437MB
 d9d4b9b6e964 Downloading 3.146MB
 ea7f2741e4dc Downloading 3.146MB
 2068746827ec Downloading 7.34MB
 0404e9563550 Downloading 1.049MB
 0404e9563550 Downloading 1.049MB
 8754a66e0050 Downloading 3.146MB
 001c52e26ad5 Downloading 20.97MB
 9daef329d350 Downloading 9.437MB
 d9d4b9b6e964 Downloading 3.146MB
 ea7f2741e4dc Downloading 3.146MB
 2068746827ec Downloading 7.34MB
 001c52e26ad5 Downloading 20.97MB
 9daef329d350 Downloading 9.437MB
 d9d4b9b6e964 Downloading 3.146MB
 ea7f2741e4dc Downloading 3.146MB
 2068746827ec Downloading 8.389MB
 0404e9563550 Downloading 1.049MB
 8754a66e0050 Downloading 3.146MB
 ea7f2741e4dc Downloading 3.146MB
 2068746827ec Downloading 8.389MB
 0404e9563550 Downloading 1.049MB
 8754a66e0050 Downloading 4.194MB
 001c52e26ad5 Downloading 20.97MB
 9daef329d350 Downloading 10.49MB
 d9d4b9b6e964 Downloading 3.146MB
 0404e9563550 Downloading 2.097MB
 8754a66e0050 Downloading 4.194MB
 001c52e26ad5 Downloading 22.02MB
 9daef329d350 Downloading 10.49MB
 d9d4b9b6e964 Downloading 3.146MB
 ea7f2741e4dc Downloading 3.146MB
 2068746827ec Downloading 8.389MB
 0404e9563550 Downloading 2.097MB
 8754a66e0050 Downloading 4.194MB
 001c52e26ad5 Downloading 23.07MB
 9daef329d350 Downloading 10.49MB
 d9d4b9b6e964 Downloading 3.146MB
 ea7f2741e4dc Downloading 3.146MB
 2068746827ec Downloading 8.389MB
 9daef329d350 Downloading 10.49MB
 d9d4b9b6e964 Downloading 3.146MB
 ea7f2741e4dc Downloading 3.146MB
 2068746827ec Downloading 8.389MB
 0404e9563550 Downloading 2.097MB
 8754a66e0050 Downloading 4.194MB
 001c52e26ad5 Downloading 23.07MB
 0404e9563550 Downloading 2.097MB
 8754a66e0050 Downloading 4.194MB
 001c52e26ad5 Downloading 23.07MB
 9daef329d350 Downloading 11.53MB
 d9d4b9b6e964 Downloading 3.146MB
 ea7f2741e4dc Downloading 3.146MB
 2068746827ec Downloading 9.437MB
 ea7f2741e4dc Downloading 4.194MB
 2068746827ec Downloading 9.437MB
 0404e9563550 Downloading 2.097MB
 8754a66e0050 Downloading 4.194MB
 001c52e26ad5 Downloading 23.07MB
 9daef329d350 Downloading 11.53MB
 d9d4b9b6e964 Downloading 3.146MB
 0404e9563550 Downloading 2.097MB
 8754a66e0050 Downloading 5.243MB
 001c52e26ad5 Downloading 24.12MB
 9daef329d350 Downloading 11.53MB
 d9d4b9b6e964 Downloading 3.146MB
 ea7f2741e4dc Downloading 4.194MB
 2068746827ec Downloading 9.437MB
 0404e9563550 Downloading 2.097MB
 8754a66e0050 Downloading 5.243MB
 001c52e26ad5 Downloading 24.12MB
 9daef329d350 Downloading 11.53MB
 d9d4b9b6e964 Downloading 3.146MB
 ea7f2741e4dc Downloading 4.194MB
 2068746827ec Downloading 9.437MB
 ea7f2741e4dc Downloading 4.194MB
 2068746827ec Downloading 9.437MB
 0404e9563550 Downloading 2.097MB
 8754a66e0050 Downloading 5.243MB
 001c52e26ad5 Downloading 24.12MB
 9daef329d350 Downloading 12.58MB
 d9d4b9b6e964 Downloading 4.194MB
 2068746827ec Downloading 10.49MB
 0404e9563550 Downloading 2.097MB
 8754a66e0050 Downloading 5.243MB
 001c52e26ad5 Downloading 24.12MB
 9daef329d350 Downloading 12.58MB
 d9d4b9b6e964 Downloading 4.194MB
 ea7f2741e4dc Downloading 4.194MB
 001c52e26ad5 Downloading 25.17MB
 9daef329d350 Downloading 12.58MB
 d9d4b9b6e964 Downloading 4.194MB
 ea7f2741e4dc Downloading 4.194MB
 2068746827ec Downloading 10.88MB
 0404e9563550 Downloading 2.097MB
 8754a66e0050 Downloading 5.243MB
 0404e9563550 Downloading 2.097MB
 8754a66e0050 Downloading 6.291MB
 001c52e26ad5 Downloading 25.17MB
 9daef329d350 Downloading 13.63MB
 d9d4b9b6e964 Downloading 4.194MB
 ea7f2741e4dc Downloading 4.194MB
 2068746827ec Download complete 0B
 8754a66e0050 Downloading 6.291MB
 001c52e26ad5 Downloading 25.17MB
 9daef329d350 Downloading 13.63MB
 d9d4b9b6e964 Downloading 4.194MB
 ea7f2741e4dc Downloading 4.194MB
 0404e9563550 Downloading 2.097MB
 0404e9563550 Downloading 3.146MB
 8754a66e0050 Downloading 6.291MB
 001c52e26ad5 Downloading 26.21MB
 9daef329d350 Downloading 13.63MB
 d9d4b9b6e964 Downloading 4.194MB
 ea7f2741e4dc Downloading 5.243MB
 0404e9563550 Downloading 3.146MB
 8754a66e0050 Downloading 6.291MB
 001c52e26ad5 Downloading 26.21MB
 9daef329d350 Downloading 14.68MB
 d9d4b9b6e964 Downloading 4.194MB
 ea7f2741e4dc Downloading 5.243MB
 001c52e26ad5 Downloading 26.21MB
 9daef329d350 Downloading 14.68MB
 d9d4b9b6e964 Downloading 4.194MB
 ea7f2741e4dc Downloading 5.243MB
 0404e9563550 Downloading 3.146MB
 8754a66e0050 Downloading 6.291MB
 0404e9563550 Downloading 3.146MB
 8754a66e0050 Downloading 6.291MB
 001c52e26ad5 Downloading 26.21MB
 9daef329d350 Downloading 14.68MB
 d9d4b9b6e964 Downloading 4.194MB
 ea7f2741e4dc Downloading 5.243MB
 0404e9563550 Downloading 3.146MB
 8754a66e0050 Downloading 7.34MB
 001c52e26ad5 Downloading 26.21MB
 9daef329d350 Downloading 15.73MB
 d9d4b9b6e964 Downloading 4.194MB
 ea7f2741e4dc Downloading 5.243MB
 8754a66e0050 Downloading 7.34MB
 001c52e26ad5 Downloading 27.26MB
 9daef329d350 Downloading 15.73MB
 d9d4b9b6e964 Downloading 4.194MB
 ea7f2741e4dc Downloading 5.243MB
 0404e9563550 Downloading 3.146MB
 9daef329d350 Downloading 16.78MB
 d9d4b9b6e964 Downloading 4.194MB
 ea7f2741e4dc Downloading 5.243MB
 0404e9563550 Downloading 3.146MB
 8754a66e0050 Downloading 7.34MB
 001c52e26ad5 Downloading 27.26MB
 ea7f2741e4dc Downloading 6.291MB
 0404e9563550 Downloading 4.194MB
 8754a66e0050 Downloading 7.34MB
 001c52e26ad5 Downloading 27.26MB
 9daef329d350 Downloading 16.78MB
 d9d4b9b6e964 Downloading 4.194MB
 001c52e26ad5 Downloading 28.31MB
 9daef329d350 Downloading 16.78MB
 d9d4b9b6e964 Downloading 4.194MB
 ea7f2741e4dc Downloading 6.291MB
 0404e9563550 Downloading 4.194MB
 8754a66e0050 Downloading 7.34MB
 0404e9563550 Downloading 4.194MB
 8754a66e0050 Downloading 7.34MB
 001c52e26ad5 Downloading 28.31MB
 9daef329d350 Downloading 17.83MB
 d9d4b9b6e964 Downloading 4.194MB
 ea7f2741e4dc Downloading 6.291MB
 001c52e26ad5 Downloading 28.31MB
 9daef329d350 Downloading 17.83MB
 d9d4b9b6e964 Downloading 4.194MB
 ea7f2741e4dc Downloading 6.291MB
 0404e9563550 Downloading 4.194MB
 8754a66e0050 Downloading 8.389MB
 001c52e26ad5 Downloading 29.36MB
 9daef329d350 Downloading 17.83MB
 ea7f2741e4dc Downloading 6.291MB
 0404e9563550 Downloading 4.194MB
 8754a66e0050 Downloading 8.389MB
 0404e9563550 Downloading 4.194MB
 8754a66e0050 Downloading 8.389MB
 001c52e26ad5 Downloading 29.36MB
 9daef329d350 Downloading 18.87MB
 d9d4b9b6e964 Download complete 0B
 ea7f2741e4dc Downloading 6.291MB
 0404e9563550 Downloading 4.256MB
 8754a66e0050 Downloading 8.389MB
 001c52e26ad5 Downloading 29.36MB
 9daef329d350 Downloading 18.87MB
 ea7f2741e4dc Downloading 7.34MB
 0404e9563550 Downloading 5.243MB
 8754a66e0050 Downloading 8.389MB
 001c52e26ad5 Downloading 30.41MB
 9daef329d350 Downloading 18.87MB
 ea7f2741e4dc Downloading 7.34MB
 9daef329d350 Downloading 18.87MB
 ea7f2741e4dc Downloading 7.34MB
 0404e9563550 Downloading 5.243MB
 8754a66e0050 Downloading 8.389MB
 001c52e26ad5 Downloading 30.41MB
 0404e9563550 Downloading 5.243MB
 8754a66e0050 Downloading 9.437MB
 001c52e26ad5 Downloading 30.41MB
 9daef329d350 Downloading 19.92MB
 ea7f2741e4dc Downloading 7.34MB
 ea7f2741e4dc Downloading 7.34MB
 0404e9563550 Downloading 5.243MB
 8754a66e0050 Downloading 9.437MB
 001c52e26ad5 Downloading 30.41MB
 9daef329d350 Downloading 19.92MB
 ea7f2741e4dc Downloading 7.34MB
 0404e9563550 Downloading 5.243MB
 8754a66e0050 Downloading 9.437MB
 001c52e26ad5 Downloading 31.46MB
 9daef329d350 Downloading 19.92MB
 ea7f2741e4dc Downloading 8.389MB
 0404e9563550 Downloading 6.291MB
 8754a66e0050 Downloading 9.437MB
 001c52e26ad5 Downloading 31.46MB
 9daef329d350 Downloading 20.97MB
 9daef329d350 Downloading 20.97MB
 ea7f2741e4dc Downloading 8.389MB
 0404e9563550 Downloading 6.291MB
 8754a66e0050 Downloading 9.437MB
 001c52e26ad5 Downloading 31.46MB
 0404e9563550 Downloading 6.291MB
 8754a66e0050 Downloading 9.437MB
 001c52e26ad5 Downloading 31.46MB
 9daef329d350 Downloading 20.97MB
 ea7f2741e4dc Downloading 8.389MB
 ea7f2741e4dc Downloading 8.389MB
 0404e9563550 Downloading 6.291MB
 8754a66e0050 Downloading 10.49MB
 001c52e26ad5 Downloading 32.51MB
 9daef329d350 Downloading 20.97MB
 ea7f2741e4dc Downloading 9.437MB
 0404e9563550 Downloading 6.291MB
 8754a66e0050 Downloading 10.49MB
 001c52e26ad5 Downloading 32.51MB
 9daef329d350 Downloading 22.02MB
 0404e9563550 Downloading 7.34MB
 8754a66e0050 Downloading 10.49MB
 001c52e26ad5 Downloading 32.51MB
 9daef329d350 Downloading 22.02MB
 ea7f2741e4dc Downloading 9.437MB
 0404e9563550 Downloading 7.34MB
 8754a66e0050 Downloading 10.49MB
 001c52e26ad5 Downloading 33.55MB
 9daef329d350 Downloading 22.02MB
 ea7f2741e4dc Downloading 9.437MB
 0404e9563550 Downloading 7.34MB
 8754a66e0050 Downloading 10.49MB
 001c52e26ad5 Downloading 33.55MB
 9daef329d350 Downloading 23.07MB
 ea7f2741e4dc Downloading 9.437MB
 001c52e26ad5 Downloading 33.55MB
 9daef329d350 Downloading 23.07MB
 ea7f2741e4dc Downloading 9.437MB
 0404e9563550 Downloading 7.34MB
 8754a66e0050 Downloading 10.49MB
 ea7f2741e4dc Downloading 10.49MB
 0404e9563550 Downloading 7.34MB
 8754a66e0050 Downloading 11.53MB
 001c52e26ad5 Downloading 34.6MB
 9daef329d350 Downloading 23.07MB
 0404e9563550 Downloading 7.34MB
 8754a66e0050 Downloading 11.53MB
 001c52e26ad5 Downloading 34.6MB
 9daef329d350 Downloading 24.12MB
 ea7f2741e4dc Downloading 10.49MB
 0404e9563550 Downloading 8.389MB
 8754a66e0050 Downloading 11.53MB
 001c52e26ad5 Downloading 34.6MB
 9daef329d350 Downloading 24.12MB
 ea7f2741e4dc Downloading 10.49MB
 001c52e26ad5 Downloading 35.65MB
 9daef329d350 Downloading 24.12MB
 ea7f2741e4dc Downloading 10.49MB
 0404e9563550 Downloading 8.389MB
 8754a66e0050 Downloading 11.53MB
 0404e9563550 Downloading 8.389MB
 8754a66e0050 Downloading 11.53MB
 001c52e26ad5 Downloading 35.65MB
 9daef329d350 Downloading 25.17MB
 ea7f2741e4dc Downloading 10.49MB
 0404e9563550 Downloading 8.389MB
 8754a66e0050 Downloading 12.58MB
 001c52e26ad5 Downloading 35.65MB
 9daef329d350 Downloading 25.17MB
 ea7f2741e4dc Downloading 11.53MB
 0404e9563550 Downloading 8.389MB
 8754a66e0050 Downloading 12.58MB
 001c52e26ad5 Downloading 36.7MB
 9daef329d350 Downloading 25.17MB
 ea7f2741e4dc Downloading 11.53MB
 0404e9563550 Downloading 8.389MB
 8754a66e0050 Downloading 12.58MB
 001c52e26ad5 Downloading 36.7MB
 9daef329d350 Downloading 25.17MB
 ea7f2741e4dc Downloading 11.53MB
 ea7f2741e4dc Downloading 11.53MB
 0404e9563550 Downloading 9.437MB
 8754a66e0050 Downloading 12.58MB
 001c52e26ad5 Downloading 36.7MB
 9daef329d350 Downloading 26.21MB
 ea7f2741e4dc Downloading 11.53MB
 0404e9563550 Downloading 9.437MB
 8754a66e0050 Downloading 12.58MB
 001c52e26ad5 Downloading 36.7MB
 9daef329d350 Downloading 26.21MB
 001c52e26ad5 Downloading 37.75MB
 9daef329d350 Downloading 26.21MB
 ea7f2741e4dc Downloading 11.97MB
 0404e9563550 Downloading 9.437MB
 8754a66e0050 Downloading 13.63MB
 0404e9563550 Downloading 9.437MB
 8754a66e0050 Downloading 13.63MB
 001c52e26ad5 Downloading 37.75MB
 9daef329d350 Downloading 27.26MB
 ea7f2741e4dc Downloading 12.58MB
 0404e9563550 Downloading 9.437MB
 8754a66e0050 Downloading 13.63MB
 001c52e26ad5 Downloading 37.75MB
 9daef329d350 Downloading 27.26MB
 ea7f2741e4dc Downloading 12.58MB
 0404e9563550 Downloading 9.437MB
 8754a66e0050 Downloading 13.63MB
 001c52e26ad5 Downloading 37.75MB
 9daef329d350 Downloading 27.26MB
 ea7f2741e4dc Downloading 12.58MB
 0404e9563550 Downloading 9.437MB
 8754a66e0050 Downloading 13.63MB
 001c52e26ad5 Downloading 38.8MB
 9daef329d350 Downloading 28.31MB
 ea7f2741e4dc Downloading 12.58MB
 0404e9563550 Downloading 10.49MB
 8754a66e0050 Downloading 14.68MB
 001c52e26ad5 Downloading 38.8MB
 9daef329d350 Downloading 28.31MB
 ea7f2741e4dc Downloading 13.63MB
 0404e9563550 Downloading 10.49MB
 8754a66e0050 Downloading 14.68MB
 001c52e26ad5 Downloading 39.85MB
 9daef329d350 Downloading 28.31MB
 ea7f2741e4dc Downloading 13.63MB
 0404e9563550 Downloading 10.49MB
 8754a66e0050 Downloading 14.68MB
 001c52e26ad5 Downloading 39.85MB
 9daef329d350 Downloading 28.82MB
 ea7f2741e4dc Downloading 13.63MB
 0404e9563550 Downloading 10.49MB
 8754a66e0050 Downloading 14.68MB
 001c52e26ad5 Downloading 40.89MB
 9daef329d350 Downloading 29.36MB
 ea7f2741e4dc Downloading 13.63MB
 ea7f2741e4dc Downloading 13.63MB
 0404e9563550 Downloading 10.49MB
 8754a66e0050 Downloading 15.73MB
 001c52e26ad5 Downloading 40.89MB
 9daef329d350 Downloading 29.36MB
 0404e9563550 Downloading 10.49MB
 8754a66e0050 Downloading 15.73MB
 001c52e26ad5 Downloading 40.89MB
 9daef329d350 Downloading 29.36MB
 ea7f2741e4dc Downloading 14.68MB
 9daef329d350 Downloading 29.55MB
 ea7f2741e4dc Downloading 14.68MB
 0404e9563550 Downloading 10.49MB
 8754a66e0050 Downloading 15.73MB
 001c52e26ad5 Downloading 40.89MB
 0404e9563550 Downloading 10.49MB
 8754a66e0050 Downloading 15.73MB
 001c52e26ad5 Downloading 41.94MB
 9daef329d350 Downloading 30.41MB
 ea7f2741e4dc Downloading 14.68MB
 ea7f2741e4dc Downloading 14.68MB
 0404e9563550 Downloading 11.53MB
 8754a66e0050 Downloading 15.73MB
 001c52e26ad5 Downloading 41.94MB
 9daef329d350 Downloading 30.41MB
 0404e9563550 Downloading 11.53MB
 8754a66e0050 Downloading 16.78MB
 001c52e26ad5 Downloading 41.94MB
 9daef329d350 Downloading 30.41MB
 ea7f2741e4dc Downloading 15.73MB
 0404e9563550 Downloading 11.53MB
 8754a66e0050 Downloading 16.78MB
 001c52e26ad5 Downloading 42.99MB
 9daef329d350 Downloading 30.41MB
 ea7f2741e4dc Downloading 15.73MB
 0404e9563550 Downloading 11.53MB
 8754a66e0050 Downloading 16.78MB
 001c52e26ad5 Downloading 42.99MB
 9daef329d350 Downloading 31.46MB
 ea7f2741e4dc Downloading 16.07MB
 0404e9563550 Downloading 11.53MB
 8754a66e0050 Downloading 16.78MB
 001c52e26ad5 Downloading 44.04MB
 9daef329d350 Downloading 31.46MB
 ea7f2741e4dc Download complete 0B
 0404e9563550 Downloading 11.53MB
 8754a66e0050 Downloading 16.78MB
 001c52e26ad5 Downloading 44.04MB
 9daef329d350 Downloading 31.46MB
 0404e9563550 Downloading 12.58MB
 8754a66e0050 Downloading 17.83MB
 001c52e26ad5 Downloading 44.04MB
 9daef329d350 Downloading 32.51MB
 0404e9563550 Downloading 12.58MB
 8754a66e0050 Downloading 17.83MB
 001c52e26ad5 Downloading 44.04MB
 9daef329d350 Downloading 32.51MB
 0404e9563550 Downloading 12.58MB
 8754a66e0050 Downloading 17.83MB
 001c52e26ad5 Downloading 45.09MB
 9daef329d350 Downloading 32.51MB
 0404e9563550 Downloading 12.58MB
 8754a66e0050 Downloading 18.87MB
 001c52e26ad5 Downloading 46.14MB
 9daef329d350 Downloading 32.51MB
 0404e9563550 Downloading 12.58MB
 8754a66e0050 Downloading 18.87MB
 001c52e26ad5 Downloading 46.14MB
 9daef329d350 Downloading 33.55MB
 0404e9563550 Downloading 13.63MB
 8754a66e0050 Downloading 18.87MB
 001c52e26ad5 Downloading 46.14MB
 9daef329d350 Downloading 33.55MB
 001c52e26ad5 Downloading 47.19MB
 9daef329d350 Downloading 33.55MB
 0404e9563550 Downloading 13.63MB
 8754a66e0050 Downloading 19.92MB
 0404e9563550 Downloading 13.63MB
 8754a66e0050 Downloading 19.92MB
 001c52e26ad5 Downloading 47.19MB
 9daef329d350 Downloading 33.55MB
 0404e9563550 Downloading 13.63MB
 8754a66e0050 Downloading 19.92MB
 001c52e26ad5 Downloading 47.19MB
 9daef329d350 Downloading 34.01MB
 001c52e26ad5 Downloading 48.17MB
 9daef329d350 Downloading 34.6MB
 0404e9563550 Downloading 13.63MB
 8754a66e0050 Downloading 19.92MB
 0404e9563550 Downloading 13.63MB
 8754a66e0050 Downloading 20.97MB
 001c52e26ad5 Downloading 48.23MB
 9daef329d350 Downloading 34.6MB
 8754a66e0050 Downloading 20.97MB
 001c52e26ad5 Downloading 48.23MB
 9daef329d350 Downloading 34.6MB
 0404e9563550 Downloading 13.63MB
 8754a66e0050 Downloading 20.97MB
 001c52e26ad5 Downloading 49.28MB
 9daef329d350 Downloading 35.65MB
 0404e9563550 Downloading 14.68MB
 0404e9563550 Downloading 14.68MB
 8754a66e0050 Downloading 22.02MB
 001c52e26ad5 Downloading 50.33MB
 9daef329d350 Downloading 35.65MB
 001c52e26ad5 Downloading 51.38MB
 9daef329d350 Downloading 35.65MB
 0404e9563550 Downloading 14.68MB
 8754a66e0050 Downloading 22.02MB
 0404e9563550 Downloading 15.73MB
 8754a66e0050 Downloading 22.02MB
 001c52e26ad5 Downloading 51.38MB
 9daef329d350 Downloading 36.7MB
 0404e9563550 Downloading 15.73MB
 8754a66e0050 Downloading 22.02MB
 001c52e26ad5 Downloading 51.38MB
 9daef329d350 Downloading 36.7MB
 0404e9563550 Downloading 15.73MB
 8754a66e0050 Downloading 23.07MB
 001c52e26ad5 Downloading 52.43MB
 9daef329d350 Downloading 36.7MB
 0404e9563550 Downloading 15.73MB
 8754a66e0050 Downloading 23.07MB
 001c52e26ad5 Downloading 52.43MB
 9daef329d350 Downloading 37.75MB
 0404e9563550 Downloading 15.73MB
 8754a66e0050 Downloading 23.07MB
 001c52e26ad5 Downloading 52.43MB
 9daef329d350 Downloading 37.75MB
 0404e9563550 Downloading 15.73MB
 8754a66e0050 Downloading 23.07MB
 001c52e26ad5 Downloading 52.43MB
 9daef329d350 Downloading 37.75MB
 0404e9563550 Downloading 16.78MB
 8754a66e0050 Downloading 24.12MB
 001c52e26ad5 Downloading 53.48MB
 9daef329d350 Downloading 38.8MB
 0404e9563550 Downloading 16.78MB
 8754a66e0050 Downloading 24.12MB
 001c52e26ad5 Downloading 53.48MB
 9daef329d350 Downloading 38.8MB
 8754a66e0050 Downloading 24.12MB
 001c52e26ad5 Downloading 55MB
 9daef329d350 Downloading 38.8MB
 0404e9563550 Downloading 16.78MB
 0404e9563550 Downloading 16.78MB
 8754a66e0050 Downloading 24.12MB
 001c52e26ad5 Downloading 55MB
 9daef329d350 Downloading 39.85MB
 8754a66e0050 Downloading 25.17MB
 9daef329d350 Downloading 39.85MB
 0404e9563550 Downloading 16.78MB
 0404e9563550 Downloading 17.83MB
 8754a66e0050 Downloading 25.17MB
 001c52e26ad5 Download complete 0B
 9daef329d350 Downloading 40.89MB
 001c52e26ad5 Extracting 1B
 0404e9563550 Downloading 17.83MB
 8754a66e0050 Downloading 25.17MB
 9daef329d350 Downloading 40.89MB
 001c52e26ad5 Extracting 1B
 0404e9563550 Downloading 17.83MB
 8754a66e0050 Downloading 26.21MB
 9daef329d350 Downloading 41.94MB
 001c52e26ad5 Extracting 1B
 9daef329d350 Downloading 41.94MB
 0404e9563550 Downloading 17.83MB
 8754a66e0050 Downloading 26.21MB
 001c52e26ad5 Extracting 1B
 9daef329d350 Downloading 42.99MB
 0404e9563550 Downloading 17.83MB
 8754a66e0050 Downloading 26.21MB
 001c52e26ad5 Extracting 1B
 0404e9563550 Downloading 18.87MB
 8754a66e0050 Downloading 26.21MB
 9daef329d350 Downloading 42.99MB
 001c52e26ad5 Extracting 1B
 0404e9563550 Downloading 18.87MB
 8754a66e0050 Downloading 27.26MB
 9daef329d350 Downloading 44.04MB
 001c52e26ad5 Extracting 1B
 0404e9563550 Downloading 18.87MB
 8754a66e0050 Downloading 27.26MB
 9daef329d350 Downloading 45.09MB
 001c52e26ad5 Extracting 1B
 0404e9563550 Downloading 18.87MB
 8754a66e0050 Downloading 27.26MB
 9daef329d350 Downloading 45.09MB
 001c52e26ad5 Extracting 1B
 0404e9563550 Downloading 19.92MB
 8754a66e0050 Downloading 28.31MB
 9daef329d350 Downloading 46.14MB
 001c52e26ad5 Extracting 1B
 0404e9563550 Downloading 19.92MB
 8754a66e0050 Downloading 28.31MB
 9daef329d350 Downloading 47.19MB
 001c52e26ad5 Extracting 1B
 0404e9563550 Downloading 19.92MB
 8754a66e0050 Downloading 28.59MB
 9daef329d350 Downloading 48.23MB
 001c52e26ad5 Extracting 2B
 0404e9563550 Downloading 19.92MB
 8754a66e0050 Downloading 29.36MB
 9daef329d350 Downloading 48.23MB
 001c52e26ad5 Extracting 2B
 0404e9563550 Downloading 19.92MB
 8754a66e0050 Downloading 29.36MB
 9daef329d350 Downloading 48.23MB
 001c52e26ad5 Extracting 2B
 0404e9563550 Downloading 20.97MB
 8754a66e0050 Downloading 30.41MB
 9daef329d350 Downloading 49.28MB
 001c52e26ad5 Extracting 2B
 0404e9563550 Downloading 20.97MB
 8754a66e0050 Downloading 30.41MB
 9daef329d350 Downloading 50.33MB
 001c52e26ad5 Extracting 2B
 0404e9563550 Downloading 20.97MB
 8754a66e0050 Downloading 30.41MB
 9daef329d350 Downloading 50.33MB
 001c52e26ad5 Extracting 2B
 9daef329d350 Downloading 51.38MB
 0404e9563550 Downloading 22.02MB
 8754a66e0050 Downloading 31.46MB
 001c52e26ad5 Extracting 2B
 9daef329d350 Downloading 52.43MB
 0404e9563550 Downloading 22.02MB
 8754a66e0050 Downloading 31.46MB
 001c52e26ad5 Extracting 2B
 0404e9563550 Downloading 22.02MB
 8754a66e0050 Downloading 31.46MB
 9daef329d350 Downloading 53.44MB
 001c52e26ad5 Extracting 2B
 8754a66e0050 Downloading 32.51MB
 9daef329d350 Downloading 53.48MB
 0404e9563550 Downloading 22.02MB
 001c52e26ad5 Extracting 2B
 0404e9563550 Downloading 23.07MB
 8754a66e0050 Downloading 32.51MB
 9daef329d350 Downloading 54.58MB
 001c52e26ad5 Extracting 3B
 0404e9563550 Downloading 23.07MB
 8754a66e0050 Downloading 32.51MB
 9daef329d350 Download complete 0B
 001c52e26ad5 Extracting 3B
 0404e9563550 Downloading 24.12MB
 8754a66e0050 Downloading 33.55MB
 001c52e26ad5 Extracting 3B
 0404e9563550 Downloading 24.12MB
 8754a66e0050 Downloading 33.55MB
 001c52e26ad5 Extracting 3B
 0404e9563550 Downloading 24.12MB
 8754a66e0050 Downloading 33.55MB
 001c52e26ad5 Extracting 3B
 0404e9563550 Downloading 25.17MB
 8754a66e0050 Downloading 34.6MB
 001c52e26ad5 Extracting 3B
 0404e9563550 Downloading 26.21MB
 8754a66e0050 Downloading 34.6MB
 001c52e26ad5 Extracting 3B
 0404e9563550 Downloading 26.21MB
 8754a66e0050 Downloading 34.6MB
 001c52e26ad5 Extracting 3B
 0404e9563550 Downloading 27.26MB
 8754a66e0050 Downloading 35.65MB
 001c52e26ad5 Extracting 3B
 0404e9563550 Downloading 28.31MB
 8754a66e0050 Downloading 35.65MB
 001c52e26ad5 Extracting 3B
 0404e9563550 Downloading 28.31MB
 8754a66e0050 Downloading 36.7MB
 001c52e26ad5 Extracting 4B
 0404e9563550 Downloading 29.36MB
 8754a66e0050 Downloading 36.7MB
 001c52e26ad5 Extracting 4B
 0404e9563550 Downloading 30.41MB
 8754a66e0050 Downloading 36.7MB
 001c52e26ad5 Extracting 4B
 0404e9563550 Downloading 31.46MB
 8754a66e0050 Downloading 37.75MB
 001c52e26ad5 Extracting 4B
 0404e9563550 Downloading 32.51MB
 8754a66e0050 Downloading 37.75MB
 001c52e26ad5 Extracting 4B
 0404e9563550 Downloading 33.55MB
 8754a66e0050 Downloading 38.8MB
 001c52e26ad5 Extracting 4B
 0404e9563550 Downloading 34.6MB
 8754a66e0050 Downloading 38.8MB
 001c52e26ad5 Extracting 4B
 0404e9563550 Downloading 35.65MB
 8754a66e0050 Downloading 39.85MB
 001c52e26ad5 Extracting 4B
 0404e9563550 Downloading 35.65MB
 8754a66e0050 Downloading 39.85MB
 001c52e26ad5 Extracting 4B
 0404e9563550 Downloading 37.75MB
 8754a66e0050 Downloading 39.85MB
 001c52e26ad5 Extracting 4B
 0404e9563550 Downloading 37.75MB
 8754a66e0050 Downloading 40.89MB
 001c52e26ad5 Extracting 5B
 0404e9563550 Downloading 38.8MB
 8754a66e0050 Downloading 40.89MB
 001c52e26ad5 Extracting 5B
 0404e9563550 Downloading 38.8MB
 8754a66e0050 Downloading 41.94MB
 001c52e26ad5 Extracting 5B
 0404e9563550 Downloading 39.85MB
 8754a66e0050 Downloading 41.94MB
 001c52e26ad5 Extracting 5B
 0404e9563550 Downloading 40.89MB
 8754a66e0050 Downloading 42.99MB
 001c52e26ad5 Extracting 5B
 0404e9563550 Downloading 41.94MB
 8754a66e0050 Downloading 42.99MB
 001c52e26ad5 Extracting 5B
 0404e9563550 Downloading 42.99MB
 8754a66e0050 Downloading 44.04MB
 001c52e26ad5 Extracting 5B
 0404e9563550 Downloading 42.99MB
 8754a66e0050 Downloading 44.04MB
 001c52e26ad5 Extracting 5B
 0404e9563550 Downloading 42.99MB
 8754a66e0050 Downloading 45.09MB
 001c52e26ad5 Extracting 5B
 0404e9563550 Downloading 45.09MB
 8754a66e0050 Downloading 45.09MB
 001c52e26ad5 Extracting 5B
 0404e9563550 Downloading 46.14MB
 8754a66e0050 Downloading 45.09MB
 001c52e26ad5 Extracting 6B
 0404e9563550 Downloading 47.19MB
 8754a66e0050 Downloading 45.09MB
 001c52e26ad5 Extracting 6B
 0404e9563550 Downloading 47.19MB
 8754a66e0050 Downloading 46.14MB
 001c52e26ad5 Extracting 6B
 0404e9563550 Downloading 48.23MB
 8754a66e0050 Downloading 47.19MB
 001c52e26ad5 Extracting 6B
 0404e9563550 Downloading 49.28MB
 8754a66e0050 Downloading 48.23MB
 001c52e26ad5 Extracting 6B
 0404e9563550 Downloading 49.28MB
 8754a66e0050 Downloading 48.23MB
 001c52e26ad5 Extracting 6B
 0404e9563550 Downloading 49.28MB
 8754a66e0050 Downloading 49.28MB
 001c52e26ad5 Extracting 6B
 0404e9563550 Downloading 49.28MB
 8754a66e0050 Downloading 49.28MB
 001c52e26ad5 Extracting 6B
 0404e9563550 Downloading 50.33MB
 8754a66e0050 Downloading 50.33MB
 001c52e26ad5 Extracting 6B
 0404e9563550 Downloading 50.33MB
 8754a66e0050 Downloading 51.38MB
 001c52e26ad5 Extracting 6B
 0404e9563550 Downloading 51.38MB
 8754a66e0050 Downloading 51.38MB
 001c52e26ad5 Extracting 7B
 0404e9563550 Downloading 52.43MB
 8754a66e0050 Downloading 52.43MB
 001c52e26ad5 Extracting 7B
 0404e9563550 Downloading 52.68MB
 8754a66e0050 Downloading 53.48MB
 001c52e26ad5 Extracting 7B
 0404e9563550 Downloading 53.48MB
 8754a66e0050 Downloading 53.48MB
 0404e9563550 Downloading 54.53MB
 8754a66e0050 Downloading 54.53MB
 d9d4b9b6e964 Extracting 1B
 001c52e26ad5 Pull complete 0B
 0404e9563550 Downloading 54.53MB
 8754a66e0050 Downloading 55.57MB
 d9d4b9b6e964 Extracting 1B
 0404e9563550 Downloading 55.57MB
 8754a66e0050 Downloading 55.57MB
 d9d4b9b6e964 Extracting 1B
 0404e9563550 Downloading 55.57MB
 8754a66e0050 Downloading 56.62MB
 d9d4b9b6e964 Extracting 1B
 0404e9563550 Downloading 56.62MB
 8754a66e0050 Downloading 56.62MB
 d9d4b9b6e964 Extracting 1B
 0404e9563550 Downloading 56.62MB
 8754a66e0050 Downloading 57.67MB
 d9d4b9b6e964 Extracting 1B
 0404e9563550 Downloading 57.67MB
 8754a66e0050 Downloading 58.72MB
 d9d4b9b6e964 Extracting 1B
 8754a66e0050 Downloading 59.77MB
 0404e9563550 Downloading 57.67MB
 d9d4b9b6e964 Extracting 1B
 0404e9563550 Downloading 57.67MB
 8754a66e0050 Downloading 59.77MB
 d9d4b9b6e964 Extracting 1B
 8754a66e0050 Downloading 60.82MB
 0404e9563550 Downloading 58.72MB
 2068746827ec Extracting 1B
 d9d4b9b6e964 Pull complete 0B
 0404e9563550 Downloading 59.77MB
 8754a66e0050 Downloading 60.82MB
 2068746827ec Extracting 1B
 0404e9563550 Downloading 59.77MB
 8754a66e0050 Downloading 61.87MB
 2068746827ec Extracting 1B
 0404e9563550 Downloading 59.77MB
 8754a66e0050 Downloading 62.91MB
 2068746827ec Extracting 1B
 0404e9563550 Downloading 60.82MB
 8754a66e0050 Downloading 62.91MB
 2068746827ec Extracting 1B
 0404e9563550 Downloading 60.82MB
 8754a66e0050 Downloading 63.96MB
 2068746827ec Extracting 1B
 0404e9563550 Downloading 61.87MB
 8754a66e0050 Downloading 63.96MB
 2068746827ec Extracting 1B
 0404e9563550 Downloading 62.91MB
 8754a66e0050 Downloading 65.01MB
 2068746827ec Pull complete 0B
 9daef329d350 Extracting 1B
 0404e9563550 Downloading 62.91MB
 8754a66e0050 Downloading 66.06MB
 9daef329d350 Extracting 1B
 0404e9563550 Downloading 62.91MB
 8754a66e0050 Downloading 67.11MB
 9daef329d350 Extracting 1B
 0404e9563550 Downloading 63.96MB
 8754a66e0050 Downloading 67.11MB
 9daef329d350 Extracting 1B
 0404e9563550 Downloading 64.43MB
 8754a66e0050 Downloading 68.16MB
 9daef329d350 Extracting 1B
 0404e9563550 Downloading 65.01MB
 8754a66e0050 Downloading 68.16MB
 9daef329d350 Extracting 1B
 0404e9563550 Downloading 65.01MB
 8754a66e0050 Downloading 68.16MB
 9daef329d350 Extracting 1B
 0404e9563550 Downloading 66.06MB
 8754a66e0050 Downloading 69.21MB
 9daef329d350 Extracting 1B
 0404e9563550 Downloading 66.06MB
 8754a66e0050 Downloading 69.21MB
 9daef329d350 Extracting 1B
 0404e9563550 Downloading 67.11MB
 8754a66e0050 Downloading 70.25MB
 9daef329d350 Extracting 1B
 0404e9563550 Downloading 67.92MB
 8754a66e0050 Downloading 71.3MB
 9daef329d350 Extracting 2B
 0404e9563550 Downloading 68.16MB
 8754a66e0050 Downloading 71.3MB
 9daef329d350 Extracting 2B
 0404e9563550 Downloading 68.16MB
 8754a66e0050 Downloading 71.9MB
 9daef329d350 Extracting 2B
 8754a66e0050 Downloading 72.35MB
 0404e9563550 Downloading 69.21MB
 9daef329d350 Extracting 2B
 0404e9563550 Downloading 69.21MB
 8754a66e0050 Downloading 72.35MB
 9daef329d350 Extracting 2B
 0404e9563550 Downloading 70.25MB
 8754a66e0050 Downloading 73.4MB
 9daef329d350 Extracting 2B
 0404e9563550 Downloading 71.3MB
 8754a66e0050 Downloading 74.45MB
 9daef329d350 Extracting 2B
 0404e9563550 Downloading 71.3MB
 8754a66e0050 Downloading 74.45MB
 9daef329d350 Extracting 2B
 0404e9563550 Downloading 72.35MB
 8754a66e0050 Downloading 75.5MB
 9daef329d350 Extracting 2B
 8754a66e0050 Downloading 75.5MB
 0404e9563550 Downloading 72.35MB
 9daef329d350 Extracting 2B
 0404e9563550 Downloading 73.4MB
 8754a66e0050 Downloading 76.55MB
 9daef329d350 Extracting 2B
 0404e9563550 Downloading 74.45MB
 8754a66e0050 Downloading 76.55MB
 9daef329d350 Extracting 3B
 0404e9563550 Downloading 74.45MB
 8754a66e0050 Downloading 77.59MB
 9daef329d350 Extracting 3B
 0404e9563550 Downloading 75.5MB
 8754a66e0050 Downloading 78.64MB
 9daef329d350 Extracting 3B
 0404e9563550 Downloading 75.5MB
 8754a66e0050 Downloading 78.64MB
 9daef329d350 Extracting 3B
 8754a66e0050 Downloading 79.69MB
 0404e9563550 Downloading 76.55MB
 9daef329d350 Extracting 3B
 0404e9563550 Downloading 77.59MB
 8754a66e0050 Downloading 79.69MB
 9daef329d350 Extracting 3B
 0404e9563550 Downloading 77.59MB
 8754a66e0050 Downloading 80.74MB
 9daef329d350 Extracting 3B
 0404e9563550 Downloading 78.64MB
 8754a66e0050 Downloading 81.79MB
 9daef329d350 Extracting 3B
 0404e9563550 Downloading 79.69MB
 8754a66e0050 Downloading 81.79MB
 9daef329d350 Extracting 3B
 0404e9563550 Downloading 79.69MB
 8754a66e0050 Downloading 82.84MB
 9daef329d350 Extracting 3B
 0404e9563550 Downloading 80.74MB
 8754a66e0050 Downloading 83.27MB
 9daef329d350 Extracting 4B
 0404e9563550 Downloading 80.74MB
 8754a66e0050 Downloading 83.89MB
 9daef329d350 Extracting 4B
 0404e9563550 Downloading 81.79MB
 8754a66e0050 Downloading 84.93MB
 9daef329d350 Extracting 4B
 0404e9563550 Downloading 81.79MB
 8754a66e0050 Downloading 84.93MB
 9daef329d350 Extracting 4B
 0404e9563550 Downloading 82.84MB
 8754a66e0050 Downloading 85.98MB
 9daef329d350 Extracting 4B
 0404e9563550 Downloading 82.84MB
 8754a66e0050 Downloading 85.98MB
 9daef329d350 Extracting 4B
 0404e9563550 Downloading 83.89MB
 8754a66e0050 Downloading 87.03MB
 9daef329d350 Extracting 4B
 0404e9563550 Downloading 84.93MB
 8754a66e0050 Downloading 88.08MB
 9daef329d350 Extracting 4B
 0404e9563550 Downloading 84.93MB
 8754a66e0050 Downloading 88.08MB
 9daef329d350 Extracting 4B
 0404e9563550 Downloading 85.98MB
 8754a66e0050 Downloading 89.13MB
 9daef329d350 Extracting 4B
 0404e9563550 Downloading 85.98MB
 8754a66e0050 Downloading 90.18MB
 9daef329d350 Extracting 5B
 0404e9563550 Downloading 87.03MB
 8754a66e0050 Downloading 91.23MB
 9daef329d350 Extracting 5B
 0404e9563550 Downloading 88.08MB
 8754a66e0050 Downloading 91.23MB
 9daef329d350 Extracting 5B
 0404e9563550 Downloading 89.13MB
 8754a66e0050 Downloading 92.27MB
 9daef329d350 Extracting 5B
 0404e9563550 Downloading 90.18MB
 8754a66e0050 Downloading 93.32MB
 9daef329d350 Extracting 5B
 8754a66e0050 Downloading 93.32MB
 0404e9563550 Downloading 90.18MB
 9daef329d350 Extracting 5B
 0404e9563550 Downloading 91.23MB
 8754a66e0050 Downloading 94.37MB
 9daef329d350 Extracting 5B
 0404e9563550 Downloading 91.23MB
 8754a66e0050 Downloading 94.37MB
 9daef329d350 Extracting 5B
 0404e9563550 Downloading 92.27MB
 8754a66e0050 Downloading 95.42MB
 9daef329d350 Extracting 5B
 0404e9563550 Downloading 92.27MB
 8754a66e0050 Downloading 96.47MB
 9daef329d350 Extracting 5B
 0404e9563550 Downloading 92.27MB
 8754a66e0050 Downloading 96.47MB
 9daef329d350 Extracting 6B
 0404e9563550 Downloading 93.32MB
 8754a66e0050 Downloading 96.47MB
 9daef329d350 Extracting 6B
 0404e9563550 Downloading 94.37MB
 8754a66e0050 Downloading 97.52MB
 9daef329d350 Extracting 6B
 0404e9563550 Downloading 94.37MB
 8754a66e0050 Downloading 98.57MB
 9daef329d350 Extracting 6B
 8754a66e0050 Downloading 99.61MB
 0404e9563550 Downloading 95.42MB
 9daef329d350 Extracting 6B
 8754a66e0050 Downloading 99.61MB
 0404e9563550 Downloading 95.42MB
 9daef329d350 Extracting 6B
 0404e9563550 Downloading 96.47MB
 8754a66e0050 Downloading 100.7MB
 9daef329d350 Extracting 6B
 0404e9563550 Downloading 96.47MB
 8754a66e0050 Downloading 101.7MB
 9daef329d350 Extracting 6B
 0404e9563550 Downloading 97.52MB
 8754a66e0050 Downloading 102.8MB
 9daef329d350 Extracting 6B
 0404e9563550 Downloading 97.52MB
 8754a66e0050 Downloading 102.8MB
 9daef329d350 Extracting 6B
 0404e9563550 Downloading 98.57MB
 8754a66e0050 Downloading 103.8MB
 9daef329d350 Extracting 7B
 0404e9563550 Downloading 98.57MB
 8754a66e0050 Downloading 104.9MB
 9daef329d350 Extracting 7B
 0404e9563550 Downloading 99.61MB
 8754a66e0050 Downloading 105.9MB
 9daef329d350 Extracting 7B
 8754a66e0050 Download complete 0B
 0404e9563550 Downloading 100.7MB
 9daef329d350 Extracting 7B
 0404e9563550 Downloading 100.7MB
 9daef329d350 Extracting 7B
 0404e9563550 Downloading 101.7MB
 9daef329d350 Extracting 7B
 0404e9563550 Downloading 102.8MB
 9daef329d350 Extracting 7B
 0404e9563550 Downloading 103.8MB
 9daef329d350 Pull complete 0B
 0404e9563550 Downloading 103.8MB
 d85151f15b66 Extracting 1B
 0404e9563550 Downloading 104.9MB
 d85151f15b66 Extracting 1B
 0404e9563550 Downloading 105.9MB
 d85151f15b66 Extracting 1B
 0404e9563550 Downloading 107MB
 d85151f15b66 Extracting 1B
 0404e9563550 Downloading 108MB
 d85151f15b66 Extracting 1B
 0404e9563550 Downloading 110.1MB
 d85151f15b66 Extracting 1B
 0404e9563550 Downloading 111.1MB
 d85151f15b66 Pull complete 0B
 0404e9563550 Downloading 112.2MB
 52a8c426d30b Pull complete 0B
 8754a66e0050 Extracting 1B
 0404e9563550 Downloading 114.3MB
 8754a66e0050 Extracting 1B
 0404e9563550 Downloading 115.3MB
 8754a66e0050 Extracting 1B
 0404e9563550 Downloading 117.4MB
 8754a66e0050 Extracting 1B
 0404e9563550 Downloading 118.5MB
 8754a66e0050 Extracting 1B
 0404e9563550 Downloading 120.6MB
 8754a66e0050 Extracting 1B
 0404e9563550 Downloading 121.6MB
 8754a66e0050 Extracting 1B
 0404e9563550 Downloading 122.7MB
 8754a66e0050 Extracting 1B
 0404e9563550 Downloading 123.7MB
 8754a66e0050 Extracting 1B
 0404e9563550 Downloading 125.8MB
 8754a66e0050 Extracting 1B
 0404e9563550 Downloading 126.9MB
 8754a66e0050 Extracting 1B
 0404e9563550 Downloading 127.9MB
 8754a66e0050 Extracting 2B
 0404e9563550 Downloading 130MB
 8754a66e0050 Extracting 2B
 0404e9563550 Downloading 131.1MB
 8754a66e0050 Extracting 2B
 0404e9563550 Downloading 132.1MB
 8754a66e0050 Extracting 2B
 0404e9563550 Downloading 134.2MB
 8754a66e0050 Extracting 2B
 0404e9563550 Downloading 135.3MB
 8754a66e0050 Extracting 2B
 0404e9563550 Downloading 136.3MB
 8754a66e0050 Extracting 2B
 0404e9563550 Downloading 137.4MB
 8754a66e0050 Extracting 2B
 0404e9563550 Downloading 138.4MB
 8754a66e0050 Extracting 2B
 0404e9563550 Downloading 139.5MB
 8754a66e0050 Extracting 2B
 0404e9563550 Downloading 140.9MB
 8754a66e0050 Extracting 3B
 0404e9563550 Downloading 142.6MB
 8754a66e0050 Extracting 3B
 0404e9563550 Downloading 143.7MB
 8754a66e0050 Extracting 3B
 0404e9563550 Downloading 144.7MB
 8754a66e0050 Extracting 3B
 0404e9563550 Downloading 145.8MB
 8754a66e0050 Extracting 3B
 0404e9563550 Downloading 146.8MB
 8754a66e0050 Extracting 3B
 0404e9563550 Downloading 147.8MB
 8754a66e0050 Extracting 3B
 0404e9563550 Downloading 149.9MB
 8754a66e0050 Extracting 3B
 0404e9563550 Downloading 151MB
 8754a66e0050 Extracting 3B
 0404e9563550 Downloading 152MB
 8754a66e0050 Extracting 3B
 0404e9563550 Downloading 152MB
 8754a66e0050 Extracting 4B
 0404e9563550 Downloading 153.1MB
 8754a66e0050 Pull complete 0B
 0404e9563550 Downloading 155.2MB
 7b23f6d0da54 Pull complete 0B
 ea7f2741e4dc Extracting 1B
 0404e9563550 Downloading 155.2MB
 ea7f2741e4dc Extracting 1B
 0404e9563550 Downloading 157.3MB
 ea7f2741e4dc Extracting 1B
 0404e9563550 Downloading 158.3MB
 ea7f2741e4dc Extracting 1B
 0404e9563550 Downloading 159.4MB
 ea7f2741e4dc Extracting 1B
 0404e9563550 Downloading 161.5MB
 ea7f2741e4dc Extracting 1B
 0404e9563550 Downloading 162.5MB
 ea7f2741e4dc Extracting 1B
 0404e9563550 Downloading 163.6MB
 ea7f2741e4dc Extracting 1B
 0404e9563550 Downloading 164.6MB
 ea7f2741e4dc Extracting 1B
 0404e9563550 Downloading 166.7MB
 ea7f2741e4dc Extracting 1B
 0404e9563550 Downloading 167.8MB
 ea7f2741e4dc Extracting 1B
 0404e9563550 Downloading 168.8MB
 ea7f2741e4dc Extracting 2B
 0404e9563550 Downloading 169.9MB
 ea7f2741e4dc Extracting 2B
 0404e9563550 Downloading 170.9MB
 ea7f2741e4dc Extracting 2B
 0404e9563550 Downloading 173MB
 ea7f2741e4dc Extracting 2B
 0404e9563550 Downloading 173MB
 ea7f2741e4dc Extracting 2B
 0404e9563550 Downloading 175.1MB
 ea7f2741e4dc Extracting 2B
 0404e9563550 Downloading 176.2MB
 ea7f2741e4dc Extracting 2B
 0404e9563550 Downloading 177.2MB
 ea7f2741e4dc Extracting 2B
 0404e9563550 Downloading 178.3MB
 ea7f2741e4dc Pull complete 0B
 0404e9563550 Downloading 179.3MB
 0404e9563550 Downloading 180.8MB
 0404e9563550 Downloading 181.4MB
 0404e9563550 Downloading 183.3MB
 0404e9563550 Download complete 0B
 0404e9563550 Extracting 1B
 0404e9563550 Extracting 1B
 0404e9563550 Extracting 1B
 0404e9563550 Extracting 1B
 0404e9563550 Extracting 1B
 0404e9563550 Extracting 1B
 0404e9563550 Extracting 1B
 0404e9563550 Extracting 1B
 0404e9563550 Extracting 1B
 0404e9563550 Extracting 1B
 0404e9563550 Extracting 1B
 0404e9563550 Extracting 2B
 0404e9563550 Extracting 2B
 0404e9563550 Extracting 2B
 0404e9563550 Extracting 2B
 0404e9563550 Extracting 2B
 0404e9563550 Extracting 2B
 0404e9563550 Extracting 2B
 0404e9563550 Extracting 2B
 0404e9563550 Extracting 2B
 2b0c8378d253 Pull complete 0B
 0404e9563550 Pull complete 0B
 45ecedb65299 Pull complete 0B
 6195973a4b48 Extracting 1B
 d1371cf669f4 Pull complete 0B
 6195973a4b48 Pull complete 0B
 Image cynoxproject/cynox4:4.1.24-1 Pulled 
 Network cynoxnew_default Creating 
 Network cynoxnew_default Created 
 Container cynox-cassandra Creating 
 Container cynox-elasticsearch Creating 
 Container cynox-cassandra Created 
 Container cynox-elasticsearch Created 
 Container cynox Creating 
 Container cynox Created 
 Container cynox-cassandra Starting 
 Container cynox-elasticsearch Starting 
 Container cynox-cassandra Started 
 Container cynox-elasticsearch Started 
 Container cynox Starting 
 Container cynox Started 
