Found 72 bower assets in index.html. Testing redirects...
[FAIL] bower_components/angular-markdown-editor-ghiscoding/src/angular-markdown-editor.js -> https://unpkg.com/angular-markdown-editor-ghiscoding@1.1.5/src/angular-markdown-editor.js (HTTP Error: 404)
[FAIL] bower_components/angular-qr/src/angular-qr.js -> https://unpkg.com/angular-qr@0.2.0/src/angular-qr.js (HTTP Error: 404)
[FAIL] bower_components/angular-page-loader/dist/angular-page-loader.js -> https://unpkg.com/angular-page-loader@0.2.2/dist/angular-page-loader.js (HTTP Error: 404)
[FAIL] bower_components/smalot-bootstrap-datetimepicker/js/bootstrap-datetimepicker.min.js -> https://unpkg.com/smalot-bootstrap-datetimepicker@2.4.4/js/bootstrap-datetimepicker.js (HTTP Error: 404)
[FAIL] bower_components/angular-images-resizer/angular-images-resizer.js -> https://unpkg.com/angular-images-resizer@2.0.3/src/angular-images-resizer.js (HTTP Error: 404)
[FAIL] bower_components/ng-file-upload-shim/ng-file-upload-shim.js -> https://unpkg.com/danialfarid-angular-file-upload@12.2.13/dist/ng-file-upload-shim.js (HTTP Error: 404)
[FAIL] bower_components/ng-file-upload/ng-file-upload.js -> https://unpkg.com/danialfarid-angular-file-upload@12.2.13/dist/ng-file-upload.js (HTTP Error: 404)
[FAIL] bower_components/file-saver/FileSaver.js -> https://unpkg.com/file-saver@1.3.8/dist/FileSaver.js (HTTP Error: 404)
[FAIL] bower_components/angular-page-loader/dist/angular-page-loader.css -> https://unpkg.com/angular-page-loader@0.2.2/dist/angular-page-loader.css (HTTP Error: 404)
[FAIL] bower_components/angular-markdown-editor-ghiscoding/styles/angular-markdown-editor.css -> https://unpkg.com/angular-markdown-editor-ghiscoding@1.1.5/styles/angular-markdown-editor.css (HTTP Error: 404)
[FAIL] bower_components/js-url/url.js -> https://unpkg.com/js-url@2.5.3/url.js (HTTP Error: 404)
[FAIL] bower_components/smalot-bootstrap-datetimepicker/css/bootstrap-datetimepicker.css -> https://unpkg.com/smalot-bootstrap-datetimepicker@2.4.4/css/bootstrap-datetimepicker.css (HTTP Error: 404)

--- RESULTS ---
Found 12 broken CDN links:
 - bower_components/angular-markdown-editor-ghiscoding/src/angular-markdown-editor.js -> https://unpkg.com/angular-markdown-editor-ghiscoding@1.1.5/src/angular-markdown-editor.js (Error: 404)
 - bower_components/angular-qr/src/angular-qr.js -> https://unpkg.com/angular-qr@0.2.0/src/angular-qr.js (Error: 404)
 - bower_components/angular-page-loader/dist/angular-page-loader.js -> https://unpkg.com/angular-page-loader@0.2.2/dist/angular-page-loader.js (Error: 404)
 - bower_components/smalot-bootstrap-datetimepicker/js/bootstrap-datetimepicker.min.js -> https://unpkg.com/smalot-bootstrap-datetimepicker@2.4.4/js/bootstrap-datetimepicker.js (Error: 404)
 - bower_components/angular-images-resizer/angular-images-resizer.js -> https://unpkg.com/angular-images-resizer@2.0.3/src/angular-images-resizer.js (Error: 404)
 - bower_components/ng-file-upload-shim/ng-file-upload-shim.js -> https://unpkg.com/danialfarid-angular-file-upload@12.2.13/dist/ng-file-upload-shim.js (Error: 404)
 - bower_components/ng-file-upload/ng-file-upload.js -> https://unpkg.com/danialfarid-angular-file-upload@12.2.13/dist/ng-file-upload.js (Error: 404)
 - bower_components/file-saver/FileSaver.js -> https://unpkg.com/file-saver@1.3.8/dist/FileSaver.js (Error: 404)
 - bower_components/angular-page-loader/dist/angular-page-loader.css -> https://unpkg.com/angular-page-loader@0.2.2/dist/angular-page-loader.css (Error: 404)
 - bower_components/angular-markdown-editor-ghiscoding/styles/angular-markdown-editor.css -> https://unpkg.com/angular-markdown-editor-ghiscoding@1.1.5/styles/angular-markdown-editor.css (Error: 404)
 - bower_components/js-url/url.js -> https://unpkg.com/js-url@2.5.3/url.js (Error: 404)
 - bower_components/smalot-bootstrap-datetimepicker/css/bootstrap-datetimepicker.css -> https://unpkg.com/smalot-bootstrap-datetimepicker@2.4.4/css/bootstrap-datetimepicker.css (Error: 404)
