 Container cynox Stopping 
 Container cynox Stopped 
 Container cynox Removing 
 Container cynox Removed 
 Container cynox-cassandra Stopping 
 Container cynox-elasticsearch Stopping 
 Container cynox-elasticsearch Stopped 
 Container cynox-elasticsearch Removing 
 Container cynox-elasticsearch Removed 
 Container cynox-cassandra Stopped 
 Container cynox-cassandra Removing 
 Container cynox-cassandra Removed 
 Network cynoxnew_default Removing 
 Network cynoxnew_default Removed 
 Network cynoxnew_default Creating 
 Network cynoxnew_default Created 
 Container cynox-elasticsearch Creating 
 Container cynox-cassandra Creating 
 Container cynox-elasticsearch Created 
 Container cynox-cassandra Created 
 Container cynox Creating 
 Container cynox Created 
 Container cynox-cassandra Starting 
 Container cynox-elasticsearch Starting 
 Container cynox-cassandra Started 
 Container cynox-elasticsearch Started 
 Container cynox Starting 
 Container cynox Started 
