Found 222 files in frontend/app with matches:
E:\Cynox New\Cynox-main\Cynox-main\frontend\app\scripts\app.js: 13 matches
E:\Cynox New\Cynox-main\Cynox-main\frontend\app\scripts\services\api\ProfileSrv.js: 4 matches
E:\Cynox New\Cynox-main\Cynox-main\frontend\app\scripts\controllers\case\CaseDetailsCtrl.js: 3 matches
E:\Cynox New\Cynox-main\Cynox-main\frontend\app\views\components\app-container.component.html: 3 matches
E:\Cynox New\Cynox-main\Cynox-main\frontend\app\views\partials\about.html: 3 matches
E:\Cynox New\Cynox-main\Cynox-main\frontend\app\index.html: 2 matches
E:\Cynox New\Cynox-main\Cynox-main\frontend\app\scripts\controllers\AboutCtrl.js: 2 matches
E:\Cynox New\Cynox-main\Cynox-main\frontend\app\scripts\controllers\AuthenticationCtrl.js: 2 matches
E:\Cynox New\Cynox-main\Cynox-main\frontend\app\scripts\controllers\MainPageCtrl.js: 2 matches
E:\Cynox New\Cynox-main\Cynox-main\frontend\app\scripts\controllers\RootCtrl.js: 2 matches
E:\Cynox New\Cynox-main\Cynox-main\frontend\app\scripts\controllers\alert\AlertStatsCtrl.js: 2 matches
E:\Cynox New\Cynox-main\Cynox-main\frontend\app\scripts\controllers\case\CaseStatsCtrl.js: 2 matches
E:\Cynox New\Cynox-main\Cynox-main\frontend\app\scripts\controllers\case\ObservablesStatsCtrl.js: 2 matches
E:\Cynox New\Cynox-main\Cynox-main\frontend\app\scripts\controllers\case\procedure\AddProcedureModalCtrl.js: 2 matches
E:\Cynox New\Cynox-main\Cynox-main\frontend\app\scripts\controllers\case\tasklogs\AddTaskLogModalCtrl.js: 2 matches
E:\Cynox New\Cynox-main\Cynox-main\frontend\app\scripts\services\common\ui\AppLayoutSrv.js: 2 matches
E:\Cynox New\Cynox-main\Cynox-main\frontend\app\views\components\header.component.html: 2 matches
E:\Cynox New\Cynox-main\Cynox-main\frontend\app\views\partials\admin\analyzer-templates.html: 2 matches
E:\Cynox New\Cynox-main\Cynox-main\frontend\app\views\partials\admin\attack\import.html: 2 matches
E:\Cynox New\Cynox-main\Cynox-main\frontend\app\views\partials\admin\taxonomy\import.html: 2 matches
E:\Cynox New\Cynox-main\Cynox-main\frontend\app\scripts\components\app-container.component.js: 1 matches
E:\Cynox New\Cynox-main\Cynox-main\frontend\app\scripts\components\control-sidebar.component.js: 1 matches
E:\Cynox New\Cynox-main\Cynox-main\frontend\app\scripts\components\header.component.js: 1 matches
E:\Cynox New\Cynox-main\Cynox-main\frontend\app\scripts\components\main-sidebar.component.js: 1 matches
E:\Cynox New\Cynox-main\Cynox-main\frontend\app\scripts\components\alert\AlertObservableListCmp.js: 1 matches
E:\Cynox New\Cynox-main\Cynox-main\frontend\app\scripts\components\alert\AlertSimilarCaseListCmp.js: 1 matches
E:\Cynox New\Cynox-main\Cynox-main\frontend\app\scripts\components\charts\donut-chart.component.js: 1 matches
E:\Cynox New\Cynox-main\Cynox-main\frontend\app\scripts\components\common\custom-field-input.component.js: 1 matches
E:\Cynox New\Cynox-main\Cynox-main\frontend\app\scripts\components\common\custom-field-labels.component.js: 1 matches
E:\Cynox New\Cynox-main\Cynox-main\frontend\app\scripts\components\common\datalist-header.component.js: 1 matches
E:\Cynox New\Cynox-main\Cynox-main\frontend\app\scripts\components\common\observable-flags.component.js: 1 matches
E:\Cynox New\Cynox-main\Cynox-main\frontend\app\scripts\components\common\tag.component.js: 1 matches
E:\Cynox New\Cynox-main\Cynox-main\frontend\app\scripts\components\common\task-flags.component.js: 1 matches
E:\Cynox New\Cynox-main\Cynox-main\frontend\app\scripts\components\list\stats-item.component.js: 1 matches
E:\Cynox New\Cynox-main\Cynox-main\frontend\app\scripts\components\organisation\OrgCaseTemplateListCmp.js: 1 matches
E:\Cynox New\Cynox-main\Cynox-main\frontend\app\scripts\components\organisation\OrgCaseTemplateModalCtrl.js: 1 matches
E:\Cynox New\Cynox-main\Cynox-main\frontend\app\scripts\components\organisation\OrgConfigListCmp.js: 1 matches
E:\Cynox New\Cynox-main\Cynox-main\frontend\app\scripts\components\organisation\OrgCustomTagsListCmp.js: 1 matches
E:\Cynox New\Cynox-main\Cynox-main\frontend\app\scripts\components\organisation\OrgSwitchCtrl.js: 1 matches
E:\Cynox New\Cynox-main\Cynox-main\frontend\app\scripts\components\organisation\OrgUserListCmp.js: 1 matches
E:\Cynox New\Cynox-main\Cynox-main\frontend\app\scripts\components\search\filters-preview.component.js: 1 matches
E:\Cynox New\Cynox-main\Cynox-main\frontend\app\scripts\components\sharing\SharingListCmp.js: 1 matches
E:\Cynox New\Cynox-main\Cynox-main\frontend\app\scripts\components\sharing\SharingModalCtrl.js: 1 matches
E:\Cynox New\Cynox-main\Cynox-main\frontend\app\scripts\components\sharing\task\SharingListCmp.js: 1 matches
E:\Cynox New\Cynox-main\Cynox-main\frontend\app\scripts\controllers\LiveCtrl.js: 1 matches
E:\Cynox New\Cynox-main\Cynox-main\frontend\app\scripts\controllers\MigrationCtrl.js: 1 matches
E:\Cynox New\Cynox-main\Cynox-main\frontend\app\scripts\controllers\SearchCtrl.js: 1 matches
E:\Cynox New\Cynox-main\Cynox-main\frontend\app\scripts\controllers\SettingsCtrl.js: 1 matches
E:\Cynox New\Cynox-main\Cynox-main\frontend\app\scripts\controllers\admin\AdminAnalyzerTemplatesCtrl.js: 1 matches
E:\Cynox New\Cynox-main\Cynox-main\frontend\app\scripts\controllers\admin\AdminCustomFieldDialogCtrl.js: 1 matches
E:\Cynox New\Cynox-main\Cynox-main\frontend\app\scripts\controllers\admin\AdminCustomFieldsCtrl.js: 1 matches
E:\Cynox New\Cynox-main\Cynox-main\frontend\app\scripts\controllers\admin\AdminObservablesCtrl.js: 1 matches
E:\Cynox New\Cynox-main\Cynox-main\frontend\app\scripts\controllers\admin\AdminUiSettingsCtrl.js: 1 matches
E:\Cynox New\Cynox-main\Cynox-main\frontend\app\scripts\controllers\admin\attack\AttackPatternListCtrl.js: 1 matches
E:\Cynox New\Cynox-main\Cynox-main\frontend\app\scripts\controllers\admin\organisation\OrgDetailsCtrl.js: 1 matches
E:\Cynox New\Cynox-main\Cynox-main\frontend\app\scripts\controllers\admin\organisation\OrgLinksModalCtrl.js: 1 matches
E:\Cynox New\Cynox-main\Cynox-main\frontend\app\scripts\controllers\admin\organisation\OrgListCtrl.js: 1 matches
E:\Cynox New\Cynox-main\Cynox-main\frontend\app\scripts\controllers\admin\organisation\OrgModalCtrl.js: 1 matches
E:\Cynox New\Cynox-main\Cynox-main\frontend\app\scripts\controllers\admin\organisation\OrgUserModalCtrl.js: 1 matches
E:\Cynox New\Cynox-main\Cynox-main\frontend\app\scripts\controllers\admin\organisation\case-template\AdminCaseTemplateImportCtrl.js: 1 matches
E:\Cynox New\Cynox-main\Cynox-main\frontend\app\scripts\controllers\admin\organisation\case-template\AdminCaseTemplateTasksCtrl.js: 1 matches
E:\Cynox New\Cynox-main\Cynox-main\frontend\app\scripts\controllers\admin\platform\PlatformStatusCtrl.js: 1 matches
E:\Cynox New\Cynox-main\Cynox-main\frontend\app\scripts\controllers\admin\profile\ProfileListCtrl.js: 1 matches
E:\Cynox New\Cynox-main\Cynox-main\frontend\app\scripts\controllers\admin\profile\ProfileModalCtrl.js: 1 matches
E:\Cynox New\Cynox-main\Cynox-main\frontend\app\scripts\controllers\admin\taxonomy\TaxonomyListCtrl.js: 1 matches
E:\Cynox New\Cynox-main\Cynox-main\frontend\app\scripts\controllers\alert\AlertEventCtrl.js: 1 matches
E:\Cynox New\Cynox-main\Cynox-main\frontend\app\scripts\controllers\alert\AlertListCtrl.js: 1 matches
E:\Cynox New\Cynox-main\Cynox-main\frontend\app\scripts\controllers\case\CaseAlertsCtrl.js: 1 matches
E:\Cynox New\Cynox-main\Cynox-main\frontend\app\scripts\controllers\case\CaseCloseModalCtrl.js: 1 matches
E:\Cynox New\Cynox-main\Cynox-main\frontend\app\scripts\controllers\case\CaseCreationCtrl.js: 1 matches
E:\Cynox New\Cynox-main\Cynox-main\frontend\app\scripts\controllers\case\CaseDeleteModalCtrl.js: 1 matches
E:\Cynox New\Cynox-main\Cynox-main\frontend\app\scripts\controllers\case\CaseExportDialogCtrl.js: 1 matches
E:\Cynox New\Cynox-main\Cynox-main\frontend\app\scripts\controllers\case\CaseLinksCtrl.js: 1 matches
E:\Cynox New\Cynox-main\Cynox-main\frontend\app\scripts\controllers\case\CaseListCtrl.js: 1 matches
E:\Cynox New\Cynox-main\Cynox-main\frontend\app\scripts\controllers\case\CaseMainCtrl.js: 1 matches
E:\Cynox New\Cynox-main\Cynox-main\frontend\app\scripts\controllers\case\CaseMergeModalCtrl.js: 1 matches
E:\Cynox New\Cynox-main\Cynox-main\frontend\app\scripts\controllers\case\CaseObservablesCtrl.js: 1 matches
E:\Cynox New\Cynox-main\Cynox-main\frontend\app\scripts\controllers\case\CaseObservablesExportCtrl.js: 1 matches
E:\Cynox New\Cynox-main\Cynox-main\frontend\app\scripts\controllers\case\CaseObservablesItemCtrl.js: 1 matches
E:\Cynox New\Cynox-main\Cynox-main\frontend\app\scripts\controllers\case\CaseProceduresCtrl.js: 1 matches
E:\Cynox New\Cynox-main\Cynox-main\frontend\app\scripts\controllers\case\CaseReopenModalCtrl.js: 1 matches
E:\Cynox New\Cynox-main\Cynox-main\frontend\app\scripts\controllers\case\CaseSharingCtrl.js: 1 matches
E:\Cynox New\Cynox-main\Cynox-main\frontend\app\scripts\controllers\case\CaseTasksCtrl.js: 1 matches
E:\Cynox New\Cynox-main\Cynox-main\frontend\app\scripts\controllers\case\CaseTasksItemCtrl.js: 1 matches
E:\Cynox New\Cynox-main\Cynox-main\frontend\app\scripts\controllers\case\CaseTemplatesDialogCtrl.js: 1 matches
E:\Cynox New\Cynox-main\Cynox-main\frontend\app\scripts\controllers\case\CaseUpdateCtrl.js: 1 matches
E:\Cynox New\Cynox-main\Cynox-main\frontend\app\scripts\controllers\case\ObservableAnalyzeCtrl.js: 1 matches
E:\Cynox New\Cynox-main\Cynox-main\frontend\app\scripts\controllers\case\ObservableCreationCtrl.js: 1 matches
E:\Cynox New\Cynox-main\Cynox-main\frontend\app\scripts\controllers\case\ObservableUpdateCtrl.js: 1 matches
E:\Cynox New\Cynox-main\Cynox-main\frontend\app\scripts\controllers\case\share\CaseShareModalCtrl.js: 1 matches
E:\Cynox New\Cynox-main\Cynox-main\frontend\app\scripts\controllers\cortex\CortexInstanceDialogCtrl.js: 1 matches
E:\Cynox New\Cynox-main\Cynox-main\frontend\app\scripts\controllers\cortex\ResponderActionDialogCtrl.js: 1 matches
E:\Cynox New\Cynox-main\Cynox-main\frontend\app\scripts\controllers\dashboard\DashboardsCtrl.js: 1 matches
E:\Cynox New\Cynox-main\Cynox-main\frontend\app\scripts\controllers\dashboard\DashboardViewCtrl.js: 1 matches
E:\Cynox New\Cynox-main\Cynox-main\frontend\app\scripts\controllers\misc\ResponderSelectorCtrl.js: 1 matches
E:\Cynox New\Cynox-main\Cynox-main\frontend\app\scripts\controllers\misc\ServerInstanceDialogCtrl.js: 1 matches
E:\Cynox New\Cynox-main\Cynox-main\frontend\app\scripts\controllers\misc\TaxonomySelectionModalCtrl.js: 1 matches
E:\Cynox New\Cynox-main\Cynox-main\frontend\app\scripts\directives\affixer.js: 1 matches
E:\Cynox New\Cynox-main\Cynox-main\frontend\app\scripts\directives\alert-duration.js: 1 matches
E:\Cynox New\Cynox-main\Cynox-main\frontend\app\scripts\directives\auto-focus.js: 1 matches
E:\Cynox New\Cynox-main\Cynox-main\frontend\app\scripts\directives\case-duration.js: 1 matches
E:\Cynox New\Cynox-main\Cynox-main\frontend\app\scripts\directives\compare-to.js: 1 matches
E:\Cynox New\Cynox-main\Cynox-main\frontend\app\scripts\directives\dateTimePicker.js: 1 matches
E:\Cynox New\Cynox-main\Cynox-main\frontend\app\scripts\directives\dt-picker.js: 1 matches
E:\Cynox New\Cynox-main\Cynox-main\frontend\app\scripts\directives\entityLink.js: 1 matches
E:\Cynox New\Cynox-main\Cynox-main\frontend\app\scripts\directives\fileChooser.js: 1 matches
E:\Cynox New\Cynox-main\Cynox-main\frontend\app\scripts\directives\filter-box.js: 1 matches
E:\Cynox New\Cynox-main\Cynox-main\frontend\app\scripts\directives\fixed-height.js: 1 matches
E:\Cynox New\Cynox-main\Cynox-main\frontend\app\scripts\directives\if-not-permission.js: 1 matches
E:\Cynox New\Cynox-main\Cynox-main\frontend\app\scripts\directives\if-permission.js: 1 matches
E:\Cynox New\Cynox-main\Cynox-main\frontend\app\scripts\directives\logEntry.js: 1 matches
E:\Cynox New\Cynox-main\Cynox-main\frontend\app\scripts\directives\mini-report-list.js: 1 matches
E:\Cynox New\Cynox-main\Cynox-main\frontend\app\scripts\directives\page-sizer.js: 1 matches
E:\Cynox New\Cynox-main\Cynox-main\frontend\app\scripts\directives\permission-list.js: 1 matches
E:\Cynox New\Cynox-main\Cynox-main\frontend\app\scripts\directives\psearch.js: 1 matches
E:\Cynox New\Cynox-main\Cynox-main\frontend\app\scripts\directives\report-observables.js: 1 matches
E:\Cynox New\Cynox-main\Cynox-main\frontend\app\scripts\directives\report.js: 1 matches
E:\Cynox New\Cynox-main\Cynox-main\frontend\app\scripts\directives\responder-actions.js: 1 matches
E:\Cynox New\Cynox-main\Cynox-main\frontend\app\scripts\directives\severity.js: 1 matches
E:\Cynox New\Cynox-main\Cynox-main\frontend\app\scripts\directives\tag-colour.js: 1 matches
E:\Cynox New\Cynox-main\Cynox-main\frontend\app\scripts\directives\tag-item.js: 1 matches
E:\Cynox New\Cynox-main\Cynox-main\frontend\app\scripts\directives\tag-list.js: 1 matches
E:\Cynox New\Cynox-main\Cynox-main\frontend\app\scripts\directives\task-progress.js: 1 matches
E:\Cynox New\Cynox-main\Cynox-main\frontend\app\scripts\directives\tlp.js: 1 matches
E:\Cynox New\Cynox-main\Cynox-main\frontend\app\scripts\directives\updatable.js: 1 matches
E:\Cynox New\Cynox-main\Cynox-main\frontend\app\scripts\directives\updatableBoolean.js: 1 matches
E:\Cynox New\Cynox-main\Cynox-main\frontend\app\scripts\directives\updatableColour.js: 1 matches
E:\Cynox New\Cynox-main\Cynox-main\frontend\app\scripts\directives\updatableDataDropdown.js: 1 matches
E:\Cynox New\Cynox-main\Cynox-main\frontend\app\scripts\directives\updatableDate.js: 1 matches
E:\Cynox New\Cynox-main\Cynox-main\frontend\app\scripts\directives\updatableSelect.js: 1 matches
E:\Cynox New\Cynox-main\Cynox-main\frontend\app\scripts\directives\updatableSimpleText.js: 1 matches
E:\Cynox New\Cynox-main\Cynox-main\frontend\app\scripts\directives\updatableTag.js: 1 matches
E:\Cynox New\Cynox-main\Cynox-main\frontend\app\scripts\directives\updatableTagList.js: 1 matches
E:\Cynox New\Cynox-main\Cynox-main\frontend\app\scripts\directives\updatableTags.js: 1 matches
E:\Cynox New\Cynox-main\Cynox-main\frontend\app\scripts\directives\updatableText.js: 1 matches
E:\Cynox New\Cynox-main\Cynox-main\frontend\app\scripts\directives\updatableUser.js: 1 matches
E:\Cynox New\Cynox-main\Cynox-main\frontend\app\scripts\directives\user.js: 1 matches
E:\Cynox New\Cynox-main\Cynox-main\frontend\app\scripts\directives\userinfo.js: 1 matches
E:\Cynox New\Cynox-main\Cynox-main\frontend\app\scripts\directives\charts\c3Chart.js: 1 matches
E:\Cynox New\Cynox-main\Cynox-main\frontend\app\scripts\directives\dashboard\bar.js: 1 matches
E:\Cynox New\Cynox-main\Cynox-main\frontend\app\scripts\directives\dashboard\counter.js: 1 matches
E:\Cynox New\Cynox-main\Cynox-main\frontend\app\scripts\directives\dashboard\donut.js: 1 matches
E:\Cynox New\Cynox-main\Cynox-main\frontend\app\scripts\directives\dashboard\filter-editor.js: 1 matches
E:\Cynox New\Cynox-main\Cynox-main\frontend\app\scripts\directives\dashboard\item.js: 1 matches
E:\Cynox New\Cynox-main\Cynox-main\frontend\app\scripts\directives\dashboard\line.js: 1 matches
E:\Cynox New\Cynox-main\Cynox-main\frontend\app\scripts\directives\dashboard\multiline.js: 1 matches
E:\Cynox New\Cynox-main\Cynox-main\frontend\app\scripts\directives\dashboard\text.js: 1 matches
E:\Cynox New\Cynox-main\Cynox-main\frontend\app\scripts\directives\flow\flow-item.js: 1 matches
E:\Cynox New\Cynox-main\Cynox-main\frontend\app\scripts\directives\flow\flow.js: 1 matches
E:\Cynox New\Cynox-main\Cynox-main\frontend\app\scripts\directives\search\search-item.js: 1 matches
E:\Cynox New\Cynox-main\Cynox-main\frontend\app\scripts\directives\utils\autofocus.js: 1 matches
E:\Cynox New\Cynox-main\Cynox-main\frontend\app\scripts\filters\custom-field-value.js: 1 matches
E:\Cynox New\Cynox-main\Cynox-main\frontend\app\scripts\filters\duration.js: 1 matches
E:\Cynox New\Cynox-main\Cynox-main\frontend\app\scripts\filters\ellipsis.js: 1 matches
E:\Cynox New\Cynox-main\Cynox-main\frontend\app\scripts\filters\fang.js: 1 matches
E:\Cynox New\Cynox-main\Cynox-main\frontend\app\scripts\filters\filesize.js: 1 matches
E:\Cynox New\Cynox-main\Cynox-main\frontend\app\scripts\filters\filter-value.js: 1 matches
E:\Cynox New\Cynox-main\Cynox-main\frontend\app\scripts\filters\flattern-object.js: 1 matches
E:\Cynox New\Cynox-main\Cynox-main\frontend\app\scripts\filters\getField.js: 1 matches
E:\Cynox New\Cynox-main\Cynox-main\frontend\app\scripts\filters\hash-type.js: 1 matches
E:\Cynox New\Cynox-main\Cynox-main\frontend\app\scripts\filters\limited-count.js: 1 matches
E:\Cynox New\Cynox-main\Cynox-main\frontend\app\scripts\filters\md5.js: 1 matches
E:\Cynox New\Cynox-main\Cynox-main\frontend\app\scripts\filters\offset.js: 1 matches
E:\Cynox New\Cynox-main\Cynox-main\frontend\app\scripts\filters\order-object-by.js: 1 matches
E:\Cynox New\Cynox-main\Cynox-main\frontend\app\scripts\filters\percent.js: 1 matches
E:\Cynox New\Cynox-main\Cynox-main\frontend\app\scripts\filters\sha256.js: 1 matches
E:\Cynox New\Cynox-main\Cynox-main\frontend\app\scripts\filters\shortDate.js: 1 matches
E:\Cynox New\Cynox-main\Cynox-main\frontend\app\scripts\filters\showDate.js: 1 matches
E:\Cynox New\Cynox-main\Cynox-main\frontend\app\scripts\filters\tag-value.js: 1 matches
E:\Cynox New\Cynox-main\Cynox-main\frontend\app\scripts\filters\urlencode.js: 1 matches
E:\Cynox New\Cynox-main\Cynox-main\frontend\app\scripts\services\AnalyzerInfoSrv.js: 1 matches
E:\Cynox New\Cynox-main\Cynox-main\frontend\app\scripts\services\EntitySrv.js: 1 matches
E:\Cynox New\Cynox-main\Cynox-main\frontend\app\scripts\services\api\AlertingSrv.js: 1 matches
E:\Cynox New\Cynox-main\Cynox-main\frontend\app\scripts\services\api\AnalyzerSrv.js: 1 matches
E:\Cynox New\Cynox-main\Cynox-main\frontend\app\scripts\services\api\AnalyzerTemplateSrv.js: 1 matches
E:\Cynox New\Cynox-main\Cynox-main\frontend\app\scripts\services\api\AttackPatternSrv.js: 1 matches
E:\Cynox New\Cynox-main\Cynox-main\frontend\app\scripts\services\api\AuditSrv.js: 1 matches
E:\Cynox New\Cynox-main\Cynox-main\frontend\app\scripts\services\api\AuthenticationSrv.js: 1 matches
E:\Cynox New\Cynox-main\Cynox-main\frontend\app\scripts\services\api\CaseSrv.js: 1 matches
E:\Cynox New\Cynox-main\Cynox-main\frontend\app\scripts\services\api\CaseTaskSrv.js: 1 matches
E:\Cynox New\Cynox-main\Cynox-main\frontend\app\scripts\services\api\CaseTemplateSrv.js: 1 matches
E:\Cynox New\Cynox-main\Cynox-main\frontend\app\scripts\services\api\CortexSrv.js: 1 matches
E:\Cynox New\Cynox-main\Cynox-main\frontend\app\scripts\services\api\CustomFieldsSrv.js: 1 matches
E:\Cynox New\Cynox-main\Cynox-main\frontend\app\scripts\services\api\DashboardSrv.js: 1 matches
E:\Cynox New\Cynox-main\Cynox-main\frontend\app\scripts\services\api\JobSrv.js: 1 matches
E:\Cynox New\Cynox-main\Cynox-main\frontend\app\scripts\services\api\ListSrv.js: 1 matches
E:\Cynox New\Cynox-main\Cynox-main\frontend\app\scripts\services\api\MispSrv.js: 1 matches
E:\Cynox New\Cynox-main\Cynox-main\frontend\app\scripts\services\api\ObservableTypeSrv.js: 1 matches
E:\Cynox New\Cynox-main\Cynox-main\frontend\app\scripts\services\api\OrganisationSrv.js: 1 matches
E:\Cynox New\Cynox-main\Cynox-main\frontend\app\scripts\services\api\PlatformSrv.js: 1 matches
E:\Cynox New\Cynox-main\Cynox-main\frontend\app\scripts\services\api\ProcedureSrv.js: 1 matches
E:\Cynox New\Cynox-main\Cynox-main\frontend\app\scripts\services\api\TagSrv.js: 1 matches
E:\Cynox New\Cynox-main\Cynox-main\frontend\app\scripts\services\api\TaskLogSrv.js: 1 matches
E:\Cynox New\Cynox-main\Cynox-main\frontend\app\scripts\services\api\TaxonomyCacheSrv.js: 1 matches
E:\Cynox New\Cynox-main\Cynox-main\frontend\app\scripts\services\api\TaxonomySrv.js: 1 matches
E:\Cynox New\Cynox-main\Cynox-main\frontend\app\scripts\services\api\UiSettingsSrv.js: 1 matches
E:\Cynox New\Cynox-main\Cynox-main\frontend\app\scripts\services\api\UserSrv.js: 1 matches
E:\Cynox New\Cynox-main\Cynox-main\frontend\app\scripts\services\api\VersionSrv.js: 1 matches
E:\Cynox New\Cynox-main\Cynox-main\frontend\app\scripts\services\common\Constants.js: 1 matches
E:\Cynox New\Cynox-main\Cynox-main\frontend\app\scripts\services\common\HtmlSanitizeSrv.js: 1 matches
E:\Cynox New\Cynox-main\Cynox-main\frontend\app\scripts\services\common\QueryBuilderSrv.js: 1 matches
E:\Cynox New\Cynox-main\Cynox-main\frontend\app\scripts\services\common\QuerySrv.js: 1 matches
E:\Cynox New\Cynox-main\Cynox-main\frontend\app\scripts\services\common\SecuritySrv.js: 1 matches
E:\Cynox New\Cynox-main\Cynox-main\frontend\app\scripts\services\common\UtilsSrv.js: 1 matches
E:\Cynox New\Cynox-main\Cynox-main\frontend\app\scripts\services\common\data\CaseArtifactSrv.js: 1 matches
E:\Cynox New\Cynox-main\Cynox-main\frontend\app\scripts\services\common\data\FileResource.js: 1 matches
E:\Cynox New\Cynox-main\Cynox-main\frontend\app\scripts\services\common\data\PaginatedQuerySrv.js: 1 matches
E:\Cynox New\Cynox-main\Cynox-main\frontend\app\scripts\services\common\data\PSearchSrv.js: 1 matches
E:\Cynox New\Cynox-main\Cynox-main\frontend\app\scripts\services\common\data\SearchSrv.js: 1 matches
E:\Cynox New\Cynox-main\Cynox-main\frontend\app\scripts\services\common\data\StatSrv.js: 1 matches
E:\Cynox New\Cynox-main\Cynox-main\frontend\app\scripts\services\common\data\StreamQuerySrv.js: 1 matches
E:\Cynox New\Cynox-main\Cynox-main\frontend\app\scripts\services\common\data\StreamSrv.js: 1 matches
E:\Cynox New\Cynox-main\Cynox-main\frontend\app\scripts\services\common\data\StreamStatSrv.js: 1 matches
E:\Cynox New\Cynox-main\Cynox-main\frontend\app\scripts\services\common\ui\FilteringSrv.js: 1 matches
E:\Cynox New\Cynox-main\Cynox-main\frontend\app\scripts\services\common\ui\ModalUtilsSrv.js: 1 matches
E:\Cynox New\Cynox-main\Cynox-main\frontend\app\scripts\services\common\ui\NotificationSrv.js: 1 matches
E:\Cynox New\Cynox-main\Cynox-main\frontend\app\scripts\services\common\ui\modal\ModalSrv.js: 1 matches
E:\Cynox New\Cynox-main\Cynox-main\frontend\app\scripts\services\ui\AfkSrv.js: 1 matches
E:\Cynox New\Cynox-main\Cynox-main\frontend\app\scripts\services\ui\CaseTabsSrv.js: 1 matches
E:\Cynox New\Cynox-main\Cynox-main\frontend\app\scripts\services\ui\ChartSrv.js: 1 matches
E:\Cynox New\Cynox-main\Cynox-main\frontend\app\scripts\services\ui\GlobalSearchSrv.js: 1 matches
E:\Cynox New\Cynox-main\Cynox-main\frontend\app\views\maintenance.html: 1 matches
