time="2026-05-27T20:52:50+05:30" level=warning msg="E:\\Cynox New\\docker-compose.yml: the attribute `version` is obsolete, it will be ignored, please remove it to avoid potential confusion"
 Image cassandra:3.11.10 Pulling 
 Image elasticsearch:7.17.9 Pulling 
 c27b9d1798a4 Pulling fs layer 0B
 08294d225465 Pulling fs layer 0B
 846c0b181fff Pulling fs layer 0B
 353e2b73d0d5 Pulling fs layer 0B
 5c53a9497b4b Pulling fs layer 0B
 e428e99f0398 Pulling fs layer 0B
 61f207e8486f Pulling fs layer 0B
 2bafa17d6585 Pulling fs layer 0B
 353eee74d0cb Pulling fs layer 0B
 08294d225465 Download complete 0B
 a27e1c13348f Pulling fs layer 0B
 9114aaa1da8f Pulling fs layer 0B
 3f63509f5b97 Pulling fs layer 0B
 45c83967e691 Pulling fs layer 0B
 05224fc0d5c1 Pulling fs layer 0B
 bec799352185 Pulling fs layer 0B
 16ec32c2132b Pulling fs layer 0B
 20dc5707262d Pulling fs layer 0B
 d3c7558d936d Pulling fs layer 0B
 5c53a9497b4b Download complete 0B
 2bafa17d6585 Downloading 1.049MB
 61f207e8486f Download complete 0B
 353eee74d0cb Download complete 0B
 e428e99f0398 Download complete 0B
 2bafa17d6585 Downloading 2.097MB
 2bafa17d6585 Downloading 3.146MB
 353e2b73d0d5 Download complete 0B
 2bafa17d6585 Downloading 5.243MB
 05224fc0d5c1 Download complete 0B
 2bafa17d6585 Downloading 6.291MB
 45c83967e691 Download complete 0B
 c27b9d1798a4 Downloading 1.049MB
 2bafa17d6585 Downloading 7.884MB
 2bafa17d6585 Download complete 0B
 c27b9d1798a4 Downloading 1.057MB
 20dc5707262d Download complete 0B
 c27b9d1798a4 Downloading 3.146MB
 846c0b181fff Downloading 1.049MB
 c27b9d1798a4 Downloading 3.146MB
 c27b9d1798a4 Downloading 5.243MB
 846c0b181fff Downloading 1.049MB
 846c0b181fff Downloading 1.049MB
 c27b9d1798a4 Downloading 5.243MB
 846c0b181fff Downloading 1.049MB
 c27b9d1798a4 Downloading 5.243MB
 a27e1c13348f Downloading 1.049MB
 c27b9d1798a4 Downloading 5.243MB
 846c0b181fff Downloading 1.049MB
 a27e1c13348f Downloading 1.049MB
 bec799352185 Downloading 1.049MB
 c27b9d1798a4 Downloading 7.34MB
 846c0b181fff Downloading 1.049MB
 bec799352185 Downloading 1.049MB
 a27e1c13348f Downloading 1.049MB
 846c0b181fff Downloading 1.049MB
 c27b9d1798a4 Downloading 7.34MB
 bec799352185 Downloading 1.049MB
 a27e1c13348f Downloading 1.049MB
 c27b9d1798a4 Downloading 8.208MB
 846c0b181fff Downloading 1.049MB
 bec799352185 Downloading 1.049MB
 a27e1c13348f Downloading 2.097MB
 c27b9d1798a4 Downloading 8.389MB
 846c0b181fff Downloading 1.049MB
 bec799352185 Downloading 1.049MB
 a27e1c13348f Downloading 2.097MB
 c27b9d1798a4 Downloading 9.437MB
 846c0b181fff Downloading 1.049MB
 bec799352185 Downloading 1.049MB
 a27e1c13348f Downloading 3.146MB
 c27b9d1798a4 Downloading 9.437MB
 846c0b181fff Downloading 1.049MB
 a27e1c13348f Downloading 3.146MB
 bec799352185 Downloading 1.049MB
 846c0b181fff Downloading 1.049MB
 c27b9d1798a4 Downloading 10.49MB
 a27e1c13348f Downloading 3.146MB
 bec799352185 Downloading 1.049MB
 846c0b181fff Downloading 1.049MB
 c27b9d1798a4 Downloading 10.49MB
 c27b9d1798a4 Downloading 11.53MB
 846c0b181fff Downloading 1.049MB
 a27e1c13348f Downloading 4.194MB
 bec799352185 Downloading 2.097MB
 a27e1c13348f Downloading 4.194MB
 3f63509f5b97 Downloading 1.049MB
 bec799352185 Downloading 2.097MB
 c27b9d1798a4 Downloading 12.58MB
 846c0b181fff Downloading 2.097MB
 a27e1c13348f Downloading 5.243MB
 3f63509f5b97 Downloading 1.049MB
 bec799352185 Downloading 2.097MB
 c27b9d1798a4 Downloading 12.58MB
 846c0b181fff Downloading 2.097MB
 a27e1c13348f Downloading 5.243MB
 3f63509f5b97 Downloading 1.049MB
 bec799352185 Downloading 2.097MB
 846c0b181fff Downloading 2.097MB
 c27b9d1798a4 Downloading 13.63MB
 a27e1c13348f Downloading 5.243MB
 3f63509f5b97 Downloading 1.049MB
 bec799352185 Downloading 2.097MB
 846c0b181fff Downloading 2.097MB
 c27b9d1798a4 Downloading 13.63MB
 3f63509f5b97 Downloading 1.049MB
 bec799352185 Downloading 2.097MB
 a27e1c13348f Downloading 5.243MB
 c27b9d1798a4 Downloading 14.68MB
 846c0b181fff Downloading 2.097MB
 3f63509f5b97 Downloading 1.049MB
 bec799352185 Downloading 2.097MB
 a27e1c13348f Downloading 6.291MB
 c27b9d1798a4 Downloading 14.68MB
 846c0b181fff Downloading 2.097MB
 a27e1c13348f Downloading 6.291MB
 3f63509f5b97 Downloading 1.049MB
 bec799352185 Downloading 3.146MB
 846c0b181fff Downloading 2.097MB
 c27b9d1798a4 Downloading 14.68MB
 bec799352185 Downloading 3.146MB
 a27e1c13348f Downloading 6.291MB
 3f63509f5b97 Downloading 1.049MB
 846c0b181fff Downloading 2.097MB
 c27b9d1798a4 Downloading 15.73MB
 a27e1c13348f Downloading 6.291MB
 3f63509f5b97 Downloading 1.049MB
 bec799352185 Downloading 3.146MB
 c27b9d1798a4 Downloading 15.73MB
 846c0b181fff Downloading 3.146MB
 3f63509f5b97 Downloading 1.049MB
 bec799352185 Downloading 3.146MB
 a27e1c13348f Downloading 7.34MB
 c27b9d1798a4 Downloading 16.78MB
 846c0b181fff Downloading 3.146MB
 a27e1c13348f Downloading 7.34MB
 3f63509f5b97 Downloading 1.049MB
 bec799352185 Downloading 3.146MB
 c27b9d1798a4 Downloading 17.83MB
 846c0b181fff Downloading 3.146MB
 a27e1c13348f Downloading 7.34MB
 3f63509f5b97 Downloading 1.049MB
 bec799352185 Downloading 3.146MB
 846c0b181fff Downloading 3.146MB
 c27b9d1798a4 Downloading 17.83MB
 3f63509f5b97 Downloading 1.049MB
 bec799352185 Downloading 3.146MB
 a27e1c13348f Downloading 8.389MB
 846c0b181fff Downloading 3.146MB
 c27b9d1798a4 Downloading 17.83MB
 a27e1c13348f Downloading 8.389MB
 3f63509f5b97 Downloading 1.049MB
 bec799352185 Downloading 4.194MB
 846c0b181fff Downloading 3.146MB
 c27b9d1798a4 Downloading 18.87MB
 a27e1c13348f Downloading 8.389MB
 3f63509f5b97 Downloading 2.097MB
 bec799352185 Downloading 4.194MB
 c27b9d1798a4 Downloading 18.87MB
 846c0b181fff Downloading 3.146MB
 a27e1c13348f Downloading 8.389MB
 3f63509f5b97 Downloading 2.097MB
 bec799352185 Downloading 4.194MB
 9114aaa1da8f Downloading 1.049MB
 846c0b181fff Downloading 3.146MB
 c27b9d1798a4 Downloading 19.92MB
 a27e1c13348f Downloading 9.437MB
 3f63509f5b97 Downloading 2.097MB
 bec799352185 Downloading 4.194MB
 9114aaa1da8f Downloading 1.049MB
 c27b9d1798a4 Downloading 19.92MB
 846c0b181fff Downloading 3.146MB
 3f63509f5b97 Downloading 2.097MB
 bec799352185 Downloading 4.194MB
 9114aaa1da8f Downloading 1.049MB
 a27e1c13348f Downloading 9.437MB
 846c0b181fff Downloading 4.194MB
 c27b9d1798a4 Downloading 20.97MB
 a27e1c13348f Downloading 9.437MB
 3f63509f5b97 Downloading 2.097MB
 bec799352185 Downloading 4.194MB
 c27b9d1798a4 Downloading 20.97MB
 846c0b181fff Downloading 4.194MB
 9114aaa1da8f Download complete 0B
 a27e1c13348f Downloading 9.437MB
 3f63509f5b97 Downloading 2.097MB
 bec799352185 Downloading 4.194MB
 c27b9d1798a4 Downloading 22.02MB
 846c0b181fff Downloading 4.194MB
 bec799352185 Downloading 5.243MB
 a27e1c13348f Downloading 10.49MB
 3f63509f5b97 Downloading 2.097MB
 c27b9d1798a4 Downloading 22.02MB
 846c0b181fff Downloading 4.194MB
 a27e1c13348f Downloading 10.49MB
 3f63509f5b97 Downloading 2.097MB
 bec799352185 Downloading 5.243MB
 846c0b181fff Downloading 4.194MB
 c27b9d1798a4 Downloading 23.07MB
 3f63509f5b97 Downloading 2.097MB
 bec799352185 Downloading 5.243MB
 d3c7558d936d Downloading 1.049MB
 a27e1c13348f Downloading 10.49MB
 846c0b181fff Downloading 4.194MB
 c27b9d1798a4 Downloading 23.07MB
 d3c7558d936d Downloading 1.049MB
 a27e1c13348f Downloading 10.49MB
 3f63509f5b97 Downloading 2.097MB
 bec799352185 Downloading 5.243MB
 c27b9d1798a4 Downloading 24.12MB
 846c0b181fff Downloading 4.194MB
 3f63509f5b97 Downloading 3.146MB
 bec799352185 Downloading 5.243MB
 d3c7558d936d Downloading 1.049MB
 a27e1c13348f Downloading 11.53MB
 846c0b181fff Downloading 5.243MB
 c27b9d1798a4 Downloading 24.12MB
 a27e1c13348f Downloading 11.53MB
 3f63509f5b97 Downloading 3.146MB
 bec799352185 Downloading 6.291MB
 d3c7558d936d Downloading 1.049MB
 c27b9d1798a4 Downloading 25.17MB
 846c0b181fff Downloading 5.243MB
 a27e1c13348f Downloading 11.53MB
 3f63509f5b97 Downloading 3.146MB
 bec799352185 Downloading 6.291MB
 d3c7558d936d Downloading 1.049MB
 c27b9d1798a4 Downloading 25.17MB
 846c0b181fff Downloading 5.243MB
 a27e1c13348f Downloading 11.53MB
 3f63509f5b97 Downloading 3.146MB
 bec799352185 Downloading 6.291MB
 d3c7558d936d Downloading 1.049MB
 846c0b181fff Downloading 5.243MB
 c27b9d1798a4 Downloading 26.21MB
 d3c7558d936d Downloading 1.049MB
 a27e1c13348f Downloading 11.53MB
 3f63509f5b97 Downloading 3.146MB
 bec799352185 Downloading 6.291MB
 846c0b181fff Downloading 5.243MB
 c27b9d1798a4 Downloading 26.21MB
 3f63509f5b97 Downloading 3.146MB
 bec799352185 Downloading 6.291MB
 d3c7558d936d Downloading 1.049MB
 a27e1c13348f Downloading 12.58MB
 c27b9d1798a4 Downloading 26.21MB
 846c0b181fff Downloading 5.243MB
 a27e1c13348f Downloading 12.58MB
 16ec32c2132b Downloading 1.049MB
 3f63509f5b97 Downloading 3.146MB
 bec799352185 Downloading 6.291MB
 d3c7558d936d Downloading 1.049MB
 c27b9d1798a4 Downloading 27.26MB
 846c0b181fff Downloading 5.243MB
 3f63509f5b97 Downloading 3.146MB
 bec799352185 Downloading 7.34MB
 d3c7558d936d Downloading 1.049MB
 a27e1c13348f Downloading 12.58MB
 16ec32c2132b Downloading 1.049MB
 846c0b181fff Downloading 5.243MB
 c27b9d1798a4 Downloading 27.26MB
 d3c7558d936d Downloading 1.049MB
 a27e1c13348f Downloading 12.58MB
 16ec32c2132b Downloading 1.049MB
 3f63509f5b97 Downloading 3.146MB
 bec799352185 Downloading 7.34MB
 c27b9d1798a4 Downloading 27.26MB
 846c0b181fff Downloading 5.243MB
 a27e1c13348f Downloading 13.63MB
 16ec32c2132b Downloading 1.049MB
 3f63509f5b97 Downloading 3.146MB
 bec799352185 Downloading 7.34MB
 d3c7558d936d Downloading 1.049MB
 846c0b181fff Downloading 6.291MB
 c27b9d1798a4 Downloading 28.31MB
 3f63509f5b97 Downloading 3.146MB
 bec799352185 Downloading 7.34MB
 d3c7558d936d Downloading 1.049MB
 a27e1c13348f Downloading 13.63MB
 16ec32c2132b Downloading 1.049MB
 846c0b181fff Downloading 6.291MB
 c27b9d1798a4 Downloading 28.31MB
 a27e1c13348f Downloading 13.63MB
 16ec32c2132b Downloading 2.097MB
 3f63509f5b97 Downloading 3.146MB
 bec799352185 Downloading 7.34MB
 d3c7558d936d Downloading 1.049MB
 c27b9d1798a4 Downloading 29.36MB
 846c0b181fff Downloading 6.291MB
 3f63509f5b97 Downloading 3.146MB
 bec799352185 Downloading 7.34MB
 d3c7558d936d Downloading 1.049MB
 a27e1c13348f Downloading 13.63MB
 16ec32c2132b Downloading 2.097MB
 846c0b181fff Downloading 6.291MB
 c27b9d1798a4 Downloading 29.36MB
 a27e1c13348f Downloading 13.63MB
 16ec32c2132b Downloading 2.097MB
 3f63509f5b97 Downloading 3.146MB
 bec799352185 Downloading 8.389MB
 d3c7558d936d Downloading 1.049MB
 846c0b181fff Downloading 6.291MB
 c27b9d1798a4 Downloading 29.36MB
 3f63509f5b97 Downloading 4.194MB
 bec799352185 Downloading 8.389MB
 d3c7558d936d Downloading 1.049MB
 a27e1c13348f Downloading 14.68MB
 16ec32c2132b Downloading 2.097MB
 c27b9d1798a4 Downloading 30.41MB
 846c0b181fff Downloading 6.291MB
 3f63509f5b97 Downloading 4.194MB
 bec799352185 Downloading 8.389MB
 d3c7558d936d Downloading 1.049MB
 a27e1c13348f Downloading 14.68MB
 16ec32c2132b Downloading 2.097MB
 c27b9d1798a4 Downloading 30.41MB
 846c0b181fff Downloading 6.291MB
 3f63509f5b97 Downloading 4.194MB
 bec799352185 Downloading 8.389MB
 d3c7558d936d Downloading 1.049MB
 a27e1c13348f Downloading 14.68MB
 16ec32c2132b Downloading 2.097MB
 846c0b181fff Downloading 6.291MB
 c27b9d1798a4 Downloading 31.46MB
 d3c7558d936d Downloading 1.049MB
 a27e1c13348f Downloading 14.68MB
 16ec32c2132b Downloading 2.097MB
 3f63509f5b97 Downloading 4.194MB
 bec799352185 Downloading 8.389MB
 846c0b181fff Downloading 6.291MB
 c27b9d1798a4 Downloading 31.46MB
 a27e1c13348f Downloading 15.73MB
 16ec32c2132b Downloading 3.146MB
 3f63509f5b97 Downloading 4.194MB
 bec799352185 Downloading 8.389MB
 d3c7558d936d Downloading 1.049MB
 c27b9d1798a4 Downloading 31.46MB
 846c0b181fff Downloading 7.34MB
 16ec32c2132b Downloading 3.146MB
 3f63509f5b97 Downloading 4.194MB
 bec799352185 Downloading 8.389MB
 d3c7558d936d Downloading 1.049MB
 a27e1c13348f Downloading 15.73MB
 c27b9d1798a4 Downloading 32.51MB
 846c0b181fff Downloading 7.34MB
 d3c7558d936d Downloading 1.049MB
 a27e1c13348f Downloading 15.73MB
 16ec32c2132b Downloading 3.146MB
 3f63509f5b97 Downloading 4.194MB
 bec799352185 Downloading 9.437MB
 846c0b181fff Downloading 7.34MB
 c27b9d1798a4 Downloading 32.51MB
 a27e1c13348f Downloading 16.78MB
 16ec32c2132b Downloading 3.146MB
 3f63509f5b97 Downloading 4.194MB
 bec799352185 Downloading 9.437MB
 d3c7558d936d Downloading 1.049MB
 c27b9d1798a4 Downloading 32.51MB
 846c0b181fff Downloading 7.34MB
 d3c7558d936d Downloading 1.049MB
 a27e1c13348f Downloading 16.78MB
 16ec32c2132b Downloading 3.146MB
 3f63509f5b97 Downloading 4.194MB
 bec799352185 Downloading 9.437MB
 c27b9d1798a4 Downloading 33.55MB
 846c0b181fff Downloading 7.34MB
 3f63509f5b97 Downloading 4.194MB
 bec799352185 Downloading 9.437MB
 d3c7558d936d Downloading 1.049MB
 a27e1c13348f Downloading 16.78MB
 16ec32c2132b Downloading 4.194MB
 c27b9d1798a4 Downloading 33.55MB
 846c0b181fff Downloading 7.34MB
 a27e1c13348f Downloading 16.78MB
 16ec32c2132b Downloading 4.194MB
 3f63509f5b97 Downloading 4.194MB
 bec799352185 Downloading 9.437MB
 d3c7558d936d Downloading 2.097MB
 c27b9d1798a4 Downloading 33.55MB
 846c0b181fff Downloading 7.34MB
 16ec32c2132b Downloading 4.194MB
 3f63509f5b97 Downloading 4.194MB
 bec799352185 Downloading 9.437MB
 d3c7558d936d Downloading 2.097MB
 a27e1c13348f Downloading 17.83MB
 c27b9d1798a4 Downloading 34.6MB
 846c0b181fff Downloading 7.34MB
 3f63509f5b97 Downloading 4.194MB
 bec799352185 Downloading 10.49MB
 d3c7558d936d Downloading 2.097MB
 a27e1c13348f Downloading 17.83MB
 16ec32c2132b Downloading 4.194MB
 c27b9d1798a4 Downloading 34.6MB
 846c0b181fff Downloading 7.34MB
 3f63509f5b97 Downloading 4.194MB
 bec799352185 Downloading 10.49MB
 d3c7558d936d Downloading 2.097MB
 a27e1c13348f Downloading 17.83MB
 16ec32c2132b Downloading 4.194MB
 c27b9d1798a4 Downloading 34.6MB
 846c0b181fff Downloading 7.34MB
 16ec32c2132b Downloading 4.583MB
 3f63509f5b97 Downloading 4.194MB
 bec799352185 Downloading 10.49MB
 d3c7558d936d Downloading 2.097MB
 a27e1c13348f Downloading 18.87MB
 c27b9d1798a4 Downloading 34.6MB
 846c0b181fff Downloading 7.34MB
 d3c7558d936d Downloading 2.097MB
 a27e1c13348f Downloading 18.87MB
 16ec32c2132b Downloading 5.243MB
 3f63509f5b97 Downloading 5.243MB
 bec799352185 Downloading 10.49MB
 c27b9d1798a4 Downloading 35.65MB
 846c0b181fff Downloading 8.389MB
 16ec32c2132b Downloading 5.243MB
 3f63509f5b97 Downloading 5.243MB
 bec799352185 Downloading 10.49MB
 d3c7558d936d Downloading 2.097MB
 a27e1c13348f Downloading 18.87MB
 c27b9d1798a4 Downloading 35.65MB
 846c0b181fff Downloading 8.389MB
 16ec32c2132b Downloading 5.243MB
 3f63509f5b97 Downloading 5.243MB
 bec799352185 Downloading 10.49MB
 d3c7558d936d Downloading 2.097MB
 a27e1c13348f Downloading 18.87MB
 846c0b181fff Downloading 8.389MB
 c27b9d1798a4 Downloading 36.7MB
 3f63509f5b97 Downloading 5.243MB
 bec799352185 Downloading 11.53MB
 d3c7558d936d Downloading 2.097MB
 a27e1c13348f Downloading 19.92MB
 16ec32c2132b Downloading 5.243MB
 c27b9d1798a4 Downloading 36.7MB
 846c0b181fff Downloading 8.389MB
 3f63509f5b97 Downloading 5.243MB
 bec799352185 Downloading 11.53MB
 d3c7558d936d Downloading 2.097MB
 a27e1c13348f Downloading 19.92MB
 16ec32c2132b Downloading 5.243MB
 846c0b181fff Downloading 8.389MB
 c27b9d1798a4 Downloading 36.7MB
 16ec32c2132b Downloading 5.243MB
 3f63509f5b97 Downloading 5.243MB
 bec799352185 Downloading 11.53MB
 d3c7558d936d Downloading 2.097MB
 a27e1c13348f Downloading 19.92MB
 c27b9d1798a4 Downloading 37.75MB
 846c0b181fff Downloading 8.389MB
 a27e1c13348f Downloading 20.97MB
 16ec32c2132b Downloading 6.291MB
 3f63509f5b97 Downloading 5.243MB
 bec799352185 Downloading 11.53MB
 d3c7558d936d Downloading 2.097MB
 c27b9d1798a4 Downloading 37.75MB
 846c0b181fff Downloading 8.389MB
 a27e1c13348f Downloading 20.97MB
 16ec32c2132b Downloading 6.291MB
 3f63509f5b97 Downloading 5.243MB
 bec799352185 Downloading 11.53MB
 d3c7558d936d Downloading 2.097MB
 c27b9d1798a4 Downloading 37.75MB
 846c0b181fff Downloading 8.389MB
 d3c7558d936d Downloading 2.097MB
 a27e1c13348f Downloading 20.97MB
 16ec32c2132b Downloading 6.291MB
 3f63509f5b97 Downloading 5.243MB
 bec799352185 Downloading 11.53MB
 c27b9d1798a4 Downloading 38.8MB
 846c0b181fff Downloading 8.389MB
 a27e1c13348f Downloading 20.97MB
 16ec32c2132b Downloading 6.291MB
 3f63509f5b97 Downloading 5.243MB
 bec799352185 Downloading 12.58MB
 d3c7558d936d Downloading 2.097MB
 c27b9d1798a4 Downloading 38.8MB
 846c0b181fff Downloading 8.389MB
 3f63509f5b97 Downloading 5.243MB
 bec799352185 Downloading 12.58MB
 d3c7558d936d Downloading 2.097MB
 a27e1c13348f Downloading 22.02MB
 16ec32c2132b Downloading 6.291MB
 c27b9d1798a4 Downloading 38.8MB
 846c0b181fff Downloading 9.437MB
 d3c7558d936d Downloading 2.097MB
 a27e1c13348f Downloading 22.02MB
 16ec32c2132b Downloading 6.291MB
 3f63509f5b97 Downloading 5.243MB
 bec799352185 Downloading 12.58MB
 c27b9d1798a4 Downloading 39.85MB
 846c0b181fff Downloading 9.437MB
 a27e1c13348f Downloading 22.02MB
 16ec32c2132b Downloading 7.34MB
 3f63509f5b97 Downloading 6.291MB
 bec799352185 Downloading 12.58MB
 d3c7558d936d Downloading 2.097MB
 c27b9d1798a4 Downloading 39.85MB
 846c0b181fff Downloading 9.437MB
 16ec32c2132b Downloading 7.34MB
 3f63509f5b97 Downloading 6.291MB
 bec799352185 Downloading 12.58MB
 d3c7558d936d Downloading 2.097MB
 a27e1c13348f Downloading 23.07MB
 c27b9d1798a4 Downloading 39.85MB
 846c0b181fff Downloading 9.437MB
 a27e1c13348f Downloading 23.07MB
 16ec32c2132b Downloading 7.34MB
 3f63509f5b97 Downloading 6.291MB
 bec799352185 Downloading 12.58MB
 d3c7558d936d Downloading 2.097MB
 846c0b181fff Downloading 9.437MB
 c27b9d1798a4 Downloading 40.89MB
 3f63509f5b97 Downloading 6.291MB
 bec799352185 Downloading 13.63MB
 d3c7558d936d Downloading 2.097MB
 a27e1c13348f Downloading 23.07MB
 16ec32c2132b Downloading 7.34MB
 c27b9d1798a4 Downloading 40.89MB
 846c0b181fff Downloading 9.437MB
 3f63509f5b97 Downloading 6.291MB
 bec799352185 Downloading 13.63MB
 d3c7558d936d Downloading 2.097MB
 a27e1c13348f Downloading 24.12MB
 16ec32c2132b Downloading 7.34MB
 c27b9d1798a4 Downloading 40.89MB
 846c0b181fff Downloading 9.437MB
 3f63509f5b97 Downloading 6.291MB
 bec799352185 Downloading 13.63MB
 d3c7558d936d Downloading 2.097MB
 a27e1c13348f Downloading 24.12MB
 16ec32c2132b Downloading 7.34MB
 c27b9d1798a4 Downloading 40.89MB
 846c0b181fff Downloading 9.437MB
 c27b9d1798a4 Downloading 41.94MB
 846c0b181fff Downloading 9.437MB
 16ec32c2132b Downloading 7.34MB
 3f63509f5b97 Downloading 6.291MB
 bec799352185 Downloading 13.63MB
 d3c7558d936d Downloading 3.146MB
 a27e1c13348f Downloading 24.12MB
 3f63509f5b97 Downloading 6.291MB
 bec799352185 Downloading 13.63MB
 d3c7558d936d Downloading 3.146MB
 a27e1c13348f Downloading 24.12MB
 16ec32c2132b Downloading 8.29MB
 846c0b181fff Downloading 9.437MB
 c27b9d1798a4 Downloading 41.94MB
 16ec32c2132b Downloading 8.389MB
 3f63509f5b97 Downloading 6.291MB
 bec799352185 Downloading 13.63MB
 d3c7558d936d Downloading 3.146MB
 a27e1c13348f Downloading 25.17MB
 846c0b181fff Downloading 9.437MB
 c27b9d1798a4 Downloading 41.94MB
 a27e1c13348f Downloading 25.17MB
 16ec32c2132b Downloading 8.389MB
 3f63509f5b97 Downloading 6.291MB
 bec799352185 Downloading 14.68MB
 d3c7558d936d Downloading 3.146MB
 846c0b181fff Downloading 9.437MB
 c27b9d1798a4 Downloading 42.99MB
 3f63509f5b97 Downloading 7.34MB
 bec799352185 Downloading 14.68MB
 d3c7558d936d Downloading 3.146MB
 a27e1c13348f Downloading 25.17MB
 16ec32c2132b Downloading 8.389MB
 c27b9d1798a4 Downloading 42.99MB
 846c0b181fff Downloading 10.49MB
 3f63509f5b97 Downloading 7.34MB
 bec799352185 Downloading 14.68MB
 d3c7558d936d Downloading 3.146MB
 a27e1c13348f Downloading 26.21MB
 16ec32c2132b Downloading 8.389MB
 c27b9d1798a4 Downloading 42.99MB
 846c0b181fff Downloading 10.49MB
 16ec32c2132b Downloading 8.389MB
 3f63509f5b97 Downloading 7.34MB
 bec799352185 Downloading 14.68MB
 d3c7558d936d Downloading 3.146MB
 a27e1c13348f Downloading 26.21MB
 c27b9d1798a4 Downloading 42.99MB
 846c0b181fff Downloading 10.49MB
 3f63509f5b97 Downloading 7.34MB
 bec799352185 Downloading 14.68MB
 d3c7558d936d Downloading 3.146MB
 a27e1c13348f Downloading 26.21MB
 16ec32c2132b Downloading 8.389MB
 c27b9d1798a4 Downloading 44.04MB
 846c0b181fff Downloading 10.49MB
 a27e1c13348f Downloading 27.26MB
 16ec32c2132b Downloading 8.389MB
 3f63509f5b97 Downloading 7.34MB
 bec799352185 Downloading 14.68MB
 d3c7558d936d Downloading 3.146MB
 c27b9d1798a4 Downloading 44.04MB
 846c0b181fff Downloading 10.49MB
 846c0b181fff Downloading 10.49MB
 c27b9d1798a4 Downloading 44.04MB
 3f63509f5b97 Downloading 7.34MB
 bec799352185 Downloading 15.73MB
 d3c7558d936d Downloading 3.146MB
 a27e1c13348f Downloading 27.26MB
 16ec32c2132b Downloading 9.437MB
 3f63509f5b97 Downloading 7.34MB
 bec799352185 Downloading 15.73MB
 d3c7558d936d Downloading 3.146MB
 a27e1c13348f Downloading 27.26MB
 16ec32c2132b Downloading 9.437MB
 846c0b181fff Downloading 10.49MB
 c27b9d1798a4 Downloading 45.09MB
 a27e1c13348f Downloading 28.31MB
 16ec32c2132b Downloading 9.437MB
 3f63509f5b97 Downloading 7.34MB
 bec799352185 Downloading 15.73MB
 d3c7558d936d Downloading 3.146MB
 c27b9d1798a4 Downloading 45.09MB
 846c0b181fff Downloading 10.49MB
 3f63509f5b97 Downloading 7.34MB
 bec799352185 Downloading 15.73MB
 d3c7558d936d Downloading 3.146MB
 a27e1c13348f Downloading 28.31MB
 16ec32c2132b Downloading 9.437MB
 c27b9d1798a4 Downloading 45.09MB
 846c0b181fff Downloading 10.49MB
 a27e1c13348f Downloading 29MB
 16ec32c2132b Downloading 9.437MB
 3f63509f5b97 Downloading 8.18MB
 bec799352185 Downloading 15.73MB
 d3c7558d936d Downloading 3.146MB
 846c0b181fff Downloading 10.49MB
 c27b9d1798a4 Downloading 45.09MB
 a27e1c13348f Downloading 29.36MB
 16ec32c2132b Downloading 9.437MB
 3f63509f5b97 Downloading 8.389MB
 bec799352185 Downloading 15.73MB
 d3c7558d936d Downloading 3.146MB
 c27b9d1798a4 Downloading 46.14MB
 846c0b181fff Downloading 10.49MB
 a27e1c13348f Downloading 29.36MB
 16ec32c2132b Downloading 10.49MB
 3f63509f5b97 Downloading 8.389MB
 bec799352185 Downloading 16.78MB
 d3c7558d936d Downloading 3.146MB
 c27b9d1798a4 Downloading 46.14MB
 846c0b181fff Downloading 10.49MB
 c27b9d1798a4 Downloading 46.14MB
 846c0b181fff Downloading 11.53MB
 a27e1c13348f Downloading 29.38MB
 16ec32c2132b Downloading 10.49MB
 3f63509f5b97 Downloading 8.389MB
 bec799352185 Downloading 16.78MB
 d3c7558d936d Downloading 3.146MB
 a27e1c13348f Downloading 30.41MB
 16ec32c2132b Downloading 10.49MB
 3f63509f5b97 Downloading 8.389MB
 bec799352185 Downloading 16.78MB
 d3c7558d936d Downloading 3.146MB
 c27b9d1798a4 Downloading 46.14MB
 846c0b181fff Downloading 11.53MB
 a27e1c13348f Downloading 30.41MB
 16ec32c2132b Downloading 10.49MB
 3f63509f5b97 Downloading 8.389MB
 bec799352185 Downloading 16.78MB
 d3c7558d936d Downloading 3.146MB
 c27b9d1798a4 Downloading 47.19MB
 846c0b181fff Downloading 11.53MB
 3f63509f5b97 Downloading 8.389MB
 bec799352185 Downloading 16.78MB
 d3c7558d936d Downloading 3.146MB
 a27e1c13348f Downloading 31.46MB
 16ec32c2132b Downloading 10.49MB
 c27b9d1798a4 Downloading 47.19MB
 846c0b181fff Downloading 11.53MB
 a27e1c13348f Downloading 31.46MB
 16ec32c2132b Downloading 10.49MB
 3f63509f5b97 Downloading 8.389MB
 bec799352185 Downloading 17.83MB
 d3c7558d936d Downloading 3.146MB
 c27b9d1798a4 Downloading 47.19MB
 846c0b181fff Downloading 11.53MB
 bec799352185 Downloading 17.83MB
 d3c7558d936d Downloading 4.194MB
 a27e1c13348f Downloading 31.46MB
 16ec32c2132b Downloading 10.49MB
 3f63509f5b97 Downloading 8.389MB
 c27b9d1798a4 Downloading 47.19MB
 846c0b181fff Downloading 11.53MB
 3f63509f5b97 Downloading 8.389MB
 bec799352185 Downloading 17.83MB
 d3c7558d936d Downloading 4.194MB
 a27e1c13348f Downloading 32.51MB
 16ec32c2132b Downloading 11.53MB
 846c0b181fff Downloading 11.53MB
 c27b9d1798a4 Downloading 48.23MB
 a27e1c13348f Downloading 32.51MB
 16ec32c2132b Downloading 11.53MB
 3f63509f5b97 Downloading 8.389MB
 bec799352185 Downloading 17.83MB
 d3c7558d936d Downloading 4.194MB
 c27b9d1798a4 Downloading 48.23MB
 846c0b181fff Downloading 11.53MB
 3f63509f5b97 Downloading 8.389MB
 bec799352185 Downloading 17.83MB
 d3c7558d936d Downloading 4.194MB
 a27e1c13348f Downloading 32.51MB
 16ec32c2132b Downloading 11.53MB
 c27b9d1798a4 Downloading 48.23MB
 846c0b181fff Downloading 11.53MB
 bec799352185 Downloading 17.83MB
 d3c7558d936d Downloading 4.194MB
 a27e1c13348f Downloading 32.51MB
 16ec32c2132b Downloading 11.53MB
 3f63509f5b97 Downloading 8.389MB
 c27b9d1798a4 Downloading 48.23MB
 846c0b181fff Downloading 11.53MB
 a27e1c13348f Downloading 32.51MB
 16ec32c2132b Downloading 11.53MB
 3f63509f5b97 Downloading 8.389MB
 bec799352185 Downloading 17.83MB
 d3c7558d936d Downloading 4.194MB
 c27b9d1798a4 Downloading 48.23MB
 846c0b181fff Downloading 11.53MB
 3f63509f5b97 Downloading 9.437MB
 bec799352185 Downloading 18.87MB
 d3c7558d936d Downloading 4.194MB
 a27e1c13348f Downloading 33.55MB
 16ec32c2132b Downloading 11.53MB
 c27b9d1798a4 Downloading 49.28MB
 846c0b181fff Downloading 11.53MB
 bec799352185 Downloading 18.87MB
 d3c7558d936d Downloading 4.194MB
 a27e1c13348f Downloading 33.55MB
 16ec32c2132b Downloading 11.53MB
 3f63509f5b97 Downloading 9.437MB
 c27b9d1798a4 Downloading 49.28MB
 846c0b181fff Downloading 11.53MB
 16ec32c2132b Downloading 11.53MB
 3f63509f5b97 Downloading 9.437MB
 bec799352185 Downloading 18.87MB
 d3c7558d936d Downloading 4.194MB
 a27e1c13348f Downloading 33.55MB
 c27b9d1798a4 Downloading 49.28MB
 846c0b181fff Downloading 11.53MB
 3f63509f5b97 Downloading 9.437MB
 bec799352185 Downloading 18.87MB
 d3c7558d936d Downloading 4.194MB
 a27e1c13348f Downloading 34.6MB
 16ec32c2132b Downloading 11.53MB
 c27b9d1798a4 Downloading 49.28MB
 846c0b181fff Downloading 11.53MB
 16ec32c2132b Downloading 11.53MB
 3f63509f5b97 Downloading 9.437MB
 bec799352185 Downloading 18.87MB
 d3c7558d936d Downloading 4.194MB
 a27e1c13348f Downloading 34.6MB
 846c0b181fff Downloading 12.58MB
 c27b9d1798a4 Downloading 49.28MB
 3f63509f5b97 Downloading 9.437MB
 bec799352185 Downloading 18.87MB
 d3c7558d936d Downloading 4.194MB
 a27e1c13348f Downloading 35.65MB
 16ec32c2132b Downloading 12.58MB
 846c0b181fff Downloading 12.58MB
 c27b9d1798a4 Downloading 49.28MB
 d3c7558d936d Downloading 4.194MB
 a27e1c13348f Downloading 35.65MB
 16ec32c2132b Downloading 12.58MB
 3f63509f5b97 Downloading 9.437MB
 bec799352185 Downloading 18.87MB
 846c0b181fff Downloading 12.58MB
 c27b9d1798a4 Downloading 50.33MB
 a27e1c13348f Downloading 35.65MB
 16ec32c2132b Downloading 12.58MB
 3f63509f5b97 Downloading 9.437MB
 bec799352185 Downloading 19.92MB
 d3c7558d936d Downloading 4.194MB
 c27b9d1798a4 Downloading 50.33MB
 846c0b181fff Downloading 12.58MB
 a27e1c13348f Downloading 35.65MB
 16ec32c2132b Downloading 12.58MB
 3f63509f5b97 Downloading 9.437MB
 bec799352185 Downloading 19.92MB
 d3c7558d936d Downloading 4.194MB
 c27b9d1798a4 Downloading 50.33MB
 846c0b181fff Downloading 12.58MB
 3f63509f5b97 Downloading 9.437MB
 bec799352185 Downloading 19.92MB
 d3c7558d936d Downloading 5.243MB
 a27e1c13348f Downloading 36.7MB
 16ec32c2132b Downloading 12.58MB
 c27b9d1798a4 Downloading 50.33MB
 846c0b181fff Downloading 12.58MB
 3f63509f5b97 Downloading 10.49MB
 bec799352185 Downloading 19.92MB
 d3c7558d936d Downloading 5.243MB
 a27e1c13348f Downloading 36.7MB
 16ec32c2132b Downloading 12.58MB
 846c0b181fff Downloading 12.58MB
 c27b9d1798a4 Downloading 50.33MB
 3f63509f5b97 Downloading 10.49MB
 bec799352185 Downloading 19.92MB
 d3c7558d936d Downloading 5.243MB
 a27e1c13348f Downloading 37.75MB
 16ec32c2132b Downloading 12.58MB
 c27b9d1798a4 Downloading 51.38MB
 846c0b181fff Downloading 12.58MB
 d3c7558d936d Downloading 5.243MB
 a27e1c13348f Downloading 37.75MB
 16ec32c2132b Downloading 12.58MB
 3f63509f5b97 Downloading 10.49MB
 bec799352185 Downloading 19.92MB
 c27b9d1798a4 Downloading 51.38MB
 846c0b181fff Downloading 12.58MB
 16ec32c2132b Downloading 12.58MB
 3f63509f5b97 Downloading 10.49MB
 bec799352185 Downloading 19.92MB
 d3c7558d936d Downloading 5.243MB
 a27e1c13348f Downloading 37.75MB
 846c0b181fff Downloading 12.58MB
 c27b9d1798a4 Downloading 51.38MB
 3f63509f5b97 Downloading 10.49MB
 bec799352185 Downloading 19.92MB
 d3c7558d936d Downloading 6.291MB
 a27e1c13348f Downloading 38.8MB
 16ec32c2132b Downloading 13.63MB
 c27b9d1798a4 Downloading 51.38MB
 846c0b181fff Downloading 12.58MB
 a27e1c13348f Downloading 38.8MB
 16ec32c2132b Downloading 13.63MB
 3f63509f5b97 Downloading 10.49MB
 bec799352185 Downloading 20.97MB
 d3c7558d936d Downloading 6.291MB
 c27b9d1798a4 Downloading 51.38MB
 846c0b181fff Downloading 12.58MB
 3f63509f5b97 Downloading 10.49MB
 bec799352185 Downloading 20.97MB
 d3c7558d936d Downloading 6.291MB
 a27e1c13348f Downloading 38.8MB
 16ec32c2132b Downloading 13.63MB
 c27b9d1798a4 Downloading 51.38MB
 846c0b181fff Downloading 13.63MB
 d3c7558d936d Downloading 7.34MB
 a27e1c13348f Downloading 39.85MB
 16ec32c2132b Downloading 13.63MB
 3f63509f5b97 Downloading 10.49MB
 bec799352185 Downloading 20.97MB
 c27b9d1798a4 Downloading 52.43MB
 846c0b181fff Downloading 13.63MB
 16ec32c2132b Downloading 13.63MB
 3f63509f5b97 Downloading 10.49MB
 bec799352185 Downloading 20.97MB
 d3c7558d936d Downloading 7.34MB
 a27e1c13348f Downloading 39.85MB
 c27b9d1798a4 Downloading 52.43MB
 846c0b181fff Downloading 13.63MB
 bec799352185 Downloading 20.97MB
 d3c7558d936d Downloading 7.34MB
 a27e1c13348f Downloading 39.85MB
 16ec32c2132b Downloading 13.63MB
 3f63509f5b97 Downloading 10.49MB
 c27b9d1798a4 Downloading 52.43MB
 846c0b181fff Downloading 13.63MB
 16ec32c2132b Downloading 13.63MB
 3f63509f5b97 Downloading 10.49MB
 bec799352185 Downloading 20.97MB
 d3c7558d936d Downloading 8.389MB
 a27e1c13348f Downloading 40.89MB
 846c0b181fff Downloading 13.63MB
 c27b9d1798a4 Downloading 52.43MB
 3f63509f5b97 Downloading 11.53MB
 bec799352185 Downloading 20.97MB
 d3c7558d936d Downloading 8.389MB
 a27e1c13348f Downloading 41.71MB
 16ec32c2132b Downloading 13.63MB
 846c0b181fff Downloading 13.63MB
 c27b9d1798a4 Downloading 52.43MB
 3f63509f5b97 Downloading 11.53MB
 bec799352185 Downloading 22.02MB
 d3c7558d936d Downloading 8.389MB
 a27e1c13348f Download complete 0B
 16ec32c2132b Downloading 13.63MB
 c27b9d1798a4 Downloading 52.43MB
 846c0b181fff Downloading 13.63MB
 bec799352185 Downloading 22.02MB
 16ec32c2132b Downloading 13.63MB
 3f63509f5b97 Downloading 11.53MB
 c27b9d1798a4 Downloading 53.48MB
 846c0b181fff Downloading 13.63MB
 3f63509f5b97 Downloading 11.53MB
 bec799352185 Downloading 22.02MB
 d3c7558d936d Download complete 0B
 16ec32c2132b Downloading 14.68MB
 846c0b181fff Downloading 13.63MB
 c27b9d1798a4 Downloading 53.48MB
 16ec32c2132b Downloading 14.68MB
 3f63509f5b97 Downloading 11.53MB
 bec799352185 Downloading 22.02MB
 846c0b181fff Downloading 13.63MB
 c27b9d1798a4 Downloading 53.48MB
 3f63509f5b97 Downloading 11.53MB
 bec799352185 Downloading 22.02MB
 16ec32c2132b Downloading 14.68MB
 c27b9d1798a4 Downloading 53.48MB
 846c0b181fff Downloading 13.63MB
 16ec32c2132b Downloading 14.68MB
 3f63509f5b97 Downloading 12.58MB
 bec799352185 Downloading 23.07MB
 c27b9d1798a4 Downloading 53.48MB
 846c0b181fff Downloading 13.63MB
 3f63509f5b97 Downloading 12.58MB
 bec799352185 Downloading 23.07MB
 16ec32c2132b Downloading 14.68MB
 c27b9d1798a4 Downloading 53.48MB
 846c0b181fff Downloading 14.68MB
 16ec32c2132b Downloading 15.73MB
 3f63509f5b97 Downloading 12.58MB
 bec799352185 Downloading 23.07MB
 846c0b181fff Downloading 14.68MB
 c27b9d1798a4 Downloading 53.48MB
 3f63509f5b97 Downloading 12.58MB
 bec799352185 Downloading 24.12MB
 16ec32c2132b Downloading 15.73MB
 846c0b181fff Downloading 14.68MB
 c27b9d1798a4 Downloading 54.53MB
 3f63509f5b97 Downloading 12.58MB
 bec799352185 Downloading 24.12MB
 16ec32c2132b Downloading 15.73MB
 c27b9d1798a4 Downloading 54.53MB
 846c0b181fff Downloading 14.68MB
 16ec32c2132b Downloading 16.78MB
 3f63509f5b97 Downloading 13.63MB
 bec799352185 Downloading 24.12MB
 c27b9d1798a4 Downloading 54.53MB
 846c0b181fff Downloading 14.68MB
 16ec32c2132b Downloading 16.78MB
 3f63509f5b97 Downloading 13.63MB
 bec799352185 Downloading 25.17MB
 c27b9d1798a4 Downloading 54.53MB
 846c0b181fff Downloading 15.73MB
 16ec32c2132b Downloading 16.78MB
 3f63509f5b97 Downloading 13.63MB
 bec799352185 Downloading 25.17MB
 846c0b181fff Downloading 15.73MB
 c27b9d1798a4 Downloading 55.57MB
 16ec32c2132b Downloading 16.78MB
 3f63509f5b97 Downloading 13.63MB
 bec799352185 Downloading 25.17MB
 c27b9d1798a4 Downloading 55.57MB
 846c0b181fff Downloading 15.73MB
 16ec32c2132b Downloading 16.78MB
 3f63509f5b97 Downloading 14.68MB
 bec799352185 Downloading 26.21MB
 c27b9d1798a4 Downloading 55.57MB
 846c0b181fff Downloading 15.73MB
 16ec32c2132b Downloading 17.83MB
 3f63509f5b97 Downloading 14.68MB
 bec799352185 Downloading 26.21MB
 c27b9d1798a4 Downloading 55.57MB
 846c0b181fff Downloading 15.73MB
 3f63509f5b97 Downloading 14.68MB
 bec799352185 Downloading 26.21MB
 16ec32c2132b Downloading 17.83MB
 c27b9d1798a4 Downloading 56.62MB
 846c0b181fff Downloading 16.78MB
 3f63509f5b97 Downloading 14.68MB
 bec799352185 Downloading 27.26MB
 16ec32c2132b Downloading 17.83MB
 c27b9d1798a4 Downloading 56.62MB
 846c0b181fff Downloading 16.78MB
 3f63509f5b97 Downloading 15.73MB
 bec799352185 Downloading 27.26MB
 16ec32c2132b Downloading 17.83MB
 c27b9d1798a4 Downloading 56.62MB
 846c0b181fff Downloading 16.78MB
 16ec32c2132b Downloading 18.87MB
 3f63509f5b97 Downloading 15.73MB
 bec799352185 Downloading 27.26MB
 846c0b181fff Downloading 16.78MB
 c27b9d1798a4 Downloading 57.67MB
 3f63509f5b97 Downloading 16.03MB
 bec799352185 Downloading 28.31MB
 16ec32c2132b Downloading 18.87MB
 c27b9d1798a4 Downloading 57.67MB
 846c0b181fff Downloading 17.83MB
 16ec32c2132b Downloading 18.87MB
 3f63509f5b97 Downloading 16.03MB
 bec799352185 Downloading 28.31MB
 c27b9d1798a4 Downloading 57.67MB
 846c0b181fff Downloading 17.83MB
 3f63509f5b97 Downloading 16.03MB
 bec799352185 Downloading 28.31MB
 16ec32c2132b Downloading 18.87MB
 846c0b181fff Downloading 17.83MB
 c27b9d1798a4 Downloading 58.72MB
 16ec32c2132b Downloading 18.87MB
 3f63509f5b97 Download complete 0B
 bec799352185 Downloading 28.31MB
 846c0b181fff Downloading 17.83MB
 c27b9d1798a4 Downloading 58.72MB
 16ec32c2132b Downloading 19.92MB
 bec799352185 Downloading 29.36MB
 846c0b181fff Downloading 17.83MB
 c27b9d1798a4 Downloading 58.72MB
 bec799352185 Downloading 29.36MB
 16ec32c2132b Downloading 19.92MB
 c27b9d1798a4 Downloading 59.77MB
 846c0b181fff Downloading 18.87MB
 16ec32c2132b Downloading 19.92MB
 bec799352185 Downloading 29.36MB
 c27b9d1798a4 Downloading 60.82MB
 846c0b181fff Downloading 18.87MB
 16ec32c2132b Downloading 19.92MB
 bec799352185 Downloading 30.41MB
 c27b9d1798a4 Downloading 60.82MB
 846c0b181fff Downloading 18.87MB
 16ec32c2132b Downloading 19.92MB
 bec799352185 Downloading 30.41MB
 c27b9d1798a4 Downloading 61.87MB
 846c0b181fff Downloading 18.87MB
 bec799352185 Downloading 30.41MB
 16ec32c2132b Downloading 19.92MB
 c27b9d1798a4 Downloading 61.87MB
 846c0b181fff Downloading 18.87MB
 bec799352185 Downloading 30.41MB
 16ec32c2132b Downloading 19.92MB
 c27b9d1798a4 Downloading 62.91MB
 846c0b181fff Downloading 18.87MB
 bec799352185 Downloading 31.46MB
 16ec32c2132b Downloading 20.97MB
 846c0b181fff Downloading 19.92MB
 c27b9d1798a4 Downloading 62.91MB
 bec799352185 Downloading 31.46MB
 16ec32c2132b Downloading 20.97MB
 c27b9d1798a4 Downloading 63.96MB
 846c0b181fff Downloading 19.92MB
 bec799352185 Downloading 31.46MB
 16ec32c2132b Downloading 20.97MB
 846c0b181fff Downloading 19.92MB
 c27b9d1798a4 Downloading 63.96MB
 bec799352185 Downloading 31.46MB
 16ec32c2132b Downloading 20.97MB
 846c0b181fff Downloading 19.92MB
 c27b9d1798a4 Downloading 65.01MB
 bec799352185 Downloading 31.46MB
 16ec32c2132b Downloading 20.97MB
 c27b9d1798a4 Downloading 66.06MB
 846c0b181fff Downloading 19.92MB
 bec799352185 Downloading 32.51MB
 16ec32c2132b Downloading 20.97MB
 846c0b181fff Downloading 19.92MB
 c27b9d1798a4 Downloading 66.06MB
 bec799352185 Downloading 32.51MB
 16ec32c2132b Downloading 21.78MB
 846c0b181fff Downloading 20.42MB
 c27b9d1798a4 Downloading 67.11MB
 16ec32c2132b Downloading 22.02MB
 bec799352185 Downloading 32.51MB
 c27b9d1798a4 Downloading 67.11MB
 846c0b181fff Downloading 20.97MB
 16ec32c2132b Downloading 22.02MB
 bec799352185 Downloading 32.51MB
 c27b9d1798a4 Downloading 68.16MB
 846c0b181fff Downloading 20.97MB
 bec799352185 Downloading 33.55MB
 16ec32c2132b Downloading 22.02MB
 846c0b181fff Downloading 20.97MB
 c27b9d1798a4 Downloading 68.16MB
 bec799352185 Downloading 33.55MB
 16ec32c2132b Downloading 22.02MB
 c27b9d1798a4 Downloading 69.21MB
 846c0b181fff Downloading 20.97MB
 bec799352185 Downloading 33.55MB
 16ec32c2132b Downloading 22.32MB
 c27b9d1798a4 Downloading 69.21MB
 846c0b181fff Downloading 20.97MB
 16ec32c2132b Downloading 23.07MB
 bec799352185 Downloading 33.55MB
 c27b9d1798a4 Downloading 70.25MB
 846c0b181fff Downloading 22.02MB
 16ec32c2132b Downloading 23.07MB
 bec799352185 Downloading 34.6MB
 846c0b181fff Downloading 22.02MB
 c27b9d1798a4 Downloading 71.3MB
 bec799352185 Downloading 34.6MB
 16ec32c2132b Downloading 23.07MB
 c27b9d1798a4 Downloading 71.3MB
 846c0b181fff Downloading 22.02MB
 16ec32c2132b Downloading 23.07MB
 bec799352185 Downloading 34.6MB
 c27b9d1798a4 Downloading 72.35MB
 846c0b181fff Downloading 22.02MB
 16ec32c2132b Downloading 24.12MB
 bec799352185 Downloading 34.6MB
 c27b9d1798a4 Downloading 73.4MB
 846c0b181fff Downloading 22.02MB
 bec799352185 Downloading 34.6MB
 16ec32c2132b Downloading 24.12MB
 c27b9d1798a4 Downloading 73.4MB
 846c0b181fff Downloading 22.02MB
 16ec32c2132b Downloading 24.12MB
 bec799352185 Downloading 35.65MB
 c27b9d1798a4 Downloading 73.4MB
 846c0b181fff Downloading 23.07MB
 bec799352185 Downloading 35.65MB
 16ec32c2132b Downloading 24.12MB
 846c0b181fff Downloading 23.07MB
 c27b9d1798a4 Downloading 74.45MB
 16ec32c2132b Downloading 24.12MB
 bec799352185 Downloading 35.65MB
 c27b9d1798a4 Downloading 75.5MB
 846c0b181fff Downloading 23.07MB
 16ec32c2132b Downloading 25.17MB
 bec799352185 Downloading 35.65MB
 c27b9d1798a4 Downloading 75.5MB
 846c0b181fff Downloading 23.07MB
 16ec32c2132b Downloading 25.17MB
 bec799352185 Downloading 36.7MB
 c27b9d1798a4 Downloading 77.59MB
 846c0b181fff Downloading 23.07MB
 16ec32c2132b Downloading 25.17MB
 bec799352185 Downloading 36.7MB
 846c0b181fff Downloading 24.12MB
 c27b9d1798a4 Downloading 77.59MB
 bec799352185 Downloading 36.7MB
 16ec32c2132b Downloading 25.17MB
 846c0b181fff Downloading 24.12MB
 c27b9d1798a4 Downloading 78.64MB
 16ec32c2132b Downloading 25.17MB
 bec799352185 Downloading 36.7MB
 c27b9d1798a4 Downloading 78.64MB
 846c0b181fff Downloading 24.12MB
 16ec32c2132b Downloading 26.21MB
 bec799352185 Downloading 37.25MB
 c27b9d1798a4 Downloading 79.69MB
 846c0b181fff Downloading 24.12MB
 bec799352185 Downloading 37.75MB
 16ec32c2132b Downloading 26.21MB
 c27b9d1798a4 Downloading 79.69MB
 846c0b181fff Downloading 24.12MB
 bec799352185 Downloading 37.75MB
 16ec32c2132b Downloading 26.21MB
 c27b9d1798a4 Downloading 80.74MB
 846c0b181fff Downloading 24.12MB
 bec799352185 Downloading 37.75MB
 16ec32c2132b Downloading 26.21MB
 c27b9d1798a4 Downloading 80.74MB
 846c0b181fff Downloading 25.17MB
 16ec32c2132b Downloading 26.21MB
 bec799352185 Downloading 38.61MB
 846c0b181fff Downloading 25.17MB
 c27b9d1798a4 Downloading 81.79MB
 bec799352185 Downloading 38.61MB
 16ec32c2132b Downloading 27.26MB
 846c0b181fff Downloading 25.17MB
 c27b9d1798a4 Downloading 82.84MB
 bec799352185 Downloading 38.61MB
 16ec32c2132b Downloading 27.26MB
 c27b9d1798a4 Downloading 82.84MB
 846c0b181fff Downloading 25.17MB
 bec799352185 Downloading 38.61MB
 16ec32c2132b Downloading 27.26MB
 c27b9d1798a4 Downloading 83.89MB
 846c0b181fff Downloading 25.17MB
 16ec32c2132b Downloading 27.26MB
 bec799352185 Downloading 38.61MB
 c27b9d1798a4 Downloading 83.89MB
 846c0b181fff Downloading 25.17MB
 16ec32c2132b Downloading 27.26MB
 bec799352185 Downloading 38.61MB
 c27b9d1798a4 Downloading 84.93MB
 846c0b181fff Downloading 25.17MB
 16ec32c2132b Downloading 28.31MB
 bec799352185 Download complete 0B
 c27b9d1798a4 Downloading 85.98MB
 846c0b181fff Downloading 26.21MB
 16ec32c2132b Downloading 28.57MB
 846c0b181fff Downloading 26.21MB
 c27b9d1798a4 Downloading 85.98MB
 16ec32c2132b Downloading 28.57MB
 c27b9d1798a4 Downloading 87.03MB
 846c0b181fff Downloading 26.21MB
 16ec32c2132b Downloading 28.57MB
 846c0b181fff Downloading 26.21MB
 c27b9d1798a4 Downloading 87.03MB
 16ec32c2132b Downloading 28.57MB
 846c0b181fff Downloading 26.21MB
 c27b9d1798a4 Downloading 88.08MB
 846c0b181fff Downloading 26.21MB
 c27b9d1798a4 Downloading 88.08MB
 16ec32c2132b Download complete 0B
 c27b9d1798a4 Downloading 89.13MB
 846c0b181fff Downloading 27.26MB
 16ec32c2132b Extracting 1B
 c27b9d1798a4 Downloading 90.18MB
 846c0b181fff Downloading 27.26MB
 16ec32c2132b Extracting 1B
 c27b9d1798a4 Downloading 90.18MB
 846c0b181fff Downloading 27.26MB
 16ec32c2132b Extracting 1B
 16ec32c2132b Extracting 1B
 c27b9d1798a4 Downloading 91.23MB
 846c0b181fff Downloading 27.26MB
 16ec32c2132b Extracting 1B
 c27b9d1798a4 Downloading 91.23MB
 846c0b181fff Downloading 27.26MB
 16ec32c2132b Extracting 1B
 c27b9d1798a4 Downloading 92.27MB
 846c0b181fff Downloading 28.31MB
 16ec32c2132b Extracting 1B
 846c0b181fff Downloading 28.58MB
 c27b9d1798a4 Downloading 93.32MB
 16ec32c2132b Extracting 1B
 846c0b181fff Downloading 28.58MB
 c27b9d1798a4 Downloading 94.37MB
 c27b9d1798a4 Downloading 95.42MB
 846c0b181fff Downloading 28.58MB
 16ec32c2132b Extracting 1B
 16ec32c2132b Extracting 1B
 c27b9d1798a4 Downloading 96.47MB
 846c0b181fff Downloading 28.58MB
 16ec32c2132b Extracting 1B
 c27b9d1798a4 Downloading 97.52MB
 16ec32c2132b Extracting 2B
 846c0b181fff Download complete 0B
 c27b9d1798a4 Downloading 98.57MB
 846c0b181fff Extracting 1B
 16ec32c2132b Extracting 2B
 c27b9d1798a4 Downloading 99.61MB
 846c0b181fff Extracting 1B
 16ec32c2132b Extracting 2B
 c27b9d1798a4 Downloading 100.7MB
 846c0b181fff Extracting 1B
 16ec32c2132b Extracting 2B
 c27b9d1798a4 Downloading 101.7MB
 846c0b181fff Extracting 1B
 16ec32c2132b Extracting 2B
 c27b9d1798a4 Downloading 102.8MB
 846c0b181fff Extracting 1B
 16ec32c2132b Extracting 2B
 c27b9d1798a4 Downloading 103.8MB
 846c0b181fff Extracting 1B
 16ec32c2132b Extracting 2B
 c27b9d1798a4 Downloading 105.9MB
 846c0b181fff Extracting 1B
 c27b9d1798a4 Downloading 107MB
 16ec32c2132b Extracting 2B
 846c0b181fff Extracting 1B
 c27b9d1798a4 Downloading 108MB
 16ec32c2132b Extracting 2B
 846c0b181fff Extracting 1B
 16ec32c2132b Extracting 3B
 c27b9d1798a4 Downloading 109.1MB
 846c0b181fff Extracting 1B
 16ec32c2132b Extracting 3B
 c27b9d1798a4 Downloading 110.1MB
 846c0b181fff Extracting 2B
 16ec32c2132b Extracting 3B
 c27b9d1798a4 Downloading 111.1MB
 846c0b181fff Extracting 2B
 c27b9d1798a4 Downloading 113.2MB
 16ec32c2132b Extracting 3B
 846c0b181fff Extracting 2B
 16ec32c2132b Extracting 3B
 c27b9d1798a4 Downloading 114.3MB
 846c0b181fff Extracting 2B
 16ec32c2132b Extracting 3B
 c27b9d1798a4 Downloading 116.4MB
 846c0b181fff Extracting 2B
 c27b9d1798a4 Downloading 118.5MB
 16ec32c2132b Extracting 3B
 846c0b181fff Extracting 2B
 16ec32c2132b Extracting 3B
 c27b9d1798a4 Downloading 119.5MB
 846c0b181fff Extracting 2B
 16ec32c2132b Extracting 3B
 c27b9d1798a4 Downloading 121.6MB
 846c0b181fff Extracting 2B
 c27b9d1798a4 Downloading 123.4MB
 16ec32c2132b Extracting 3B
 846c0b181fff Extracting 2B
 16ec32c2132b Extracting 3B
 c27b9d1798a4 Downloading 124.8MB
 846c0b181fff Extracting 2B
 16ec32c2132b Extracting 4B
 c27b9d1798a4 Downloading 126.9MB
 846c0b181fff Extracting 2B
 c27b9d1798a4 Downloading 128.1MB
 16ec32c2132b Extracting 4B
 846c0b181fff Extracting 3B
 c27b9d1798a4 Downloading 130MB
 846c0b181fff Extracting 3B
 16ec32c2132b Pull complete 0B
 c27b9d1798a4 Downloading 131.1MB
 846c0b181fff Extracting 3B
 3f63509f5b97 Extracting 1B
 c27b9d1798a4 Downloading 132.1MB
 846c0b181fff Extracting 3B
 3f63509f5b97 Extracting 1B
 c27b9d1798a4 Downloading 132.1MB
 846c0b181fff Extracting 3B
 3f63509f5b97 Extracting 1B
 c27b9d1798a4 Downloading 133.2MB
 846c0b181fff Extracting 3B
 3f63509f5b97 Extracting 1B
 c27b9d1798a4 Downloading 134.2MB
 846c0b181fff Extracting 3B
 c27b9d1798a4 Downloading 135.3MB
 3f63509f5b97 Extracting 1B
 846c0b181fff Extracting 3B
 c27b9d1798a4 Downloading 136.6MB
 3f63509f5b97 Extracting 1B
 846c0b181fff Extracting 3B
 c27b9d1798a4 Downloading 138.4MB
 3f63509f5b97 Extracting 1B
 846c0b181fff Extracting 4B
 3f63509f5b97 Extracting 1B
 c27b9d1798a4 Downloading 140.5MB
 846c0b181fff Extracting 4B
 3f63509f5b97 Extracting 1B
 c27b9d1798a4 Downloading 142.6MB
 846c0b181fff Pull complete 0B
 3f63509f5b97 Extracting 1B
 c27b9d1798a4 Downloading 143.7MB
 2bafa17d6585 Extracting 1B
 3f63509f5b97 Extracting 2B
 c27b9d1798a4 Downloading 144.7MB
 2bafa17d6585 Extracting 1B
 3f63509f5b97 Extracting 2B
 c27b9d1798a4 Downloading 146.8MB
 2bafa17d6585 Extracting 1B
 3f63509f5b97 Extracting 2B
 c27b9d1798a4 Downloading 147.8MB
 2bafa17d6585 Extracting 1B
 3f63509f5b97 Extracting 2B
 c27b9d1798a4 Downloading 148.9MB
 2bafa17d6585 Extracting 1B
 3f63509f5b97 Extracting 2B
 c27b9d1798a4 Downloading 149.9MB
 2bafa17d6585 Extracting 1B
 3f63509f5b97 Extracting 2B
 c27b9d1798a4 Downloading 151MB
 2bafa17d6585 Extracting 1B
 3f63509f5b97 Extracting 2B
 c27b9d1798a4 Downloading 152.2MB
 2bafa17d6585 Extracting 1B
 3f63509f5b97 Extracting 2B
 c27b9d1798a4 Downloading 154.1MB
 2bafa17d6585 Extracting 1B
 3f63509f5b97 Extracting 2B
 c27b9d1798a4 Downloading 154.1MB
 2bafa17d6585 Extracting 1B
 3f63509f5b97 Extracting 2B
 c27b9d1798a4 Downloading 156.2MB
 353eee74d0cb Extracting 1B
 2bafa17d6585 Pull complete 0B
 3f63509f5b97 Extracting 3B
 c27b9d1798a4 Downloading 157.3MB
 353eee74d0cb Pull complete 0B
 3f63509f5b97 Extracting 3B
 c27b9d1798a4 Downloading 158.3MB
 3f63509f5b97 Extracting 3B
 c27b9d1798a4 Downloading 159.4MB
 3f63509f5b97 Extracting 3B
 c27b9d1798a4 Downloading 160.4MB
 3f63509f5b97 Extracting 3B
 c27b9d1798a4 Downloading 161.5MB
 a27e1c13348f Extracting 1B
 3f63509f5b97 Pull complete 0B
 c27b9d1798a4 Downloading 163.6MB
 a27e1c13348f Extracting 1B
 c27b9d1798a4 Downloading 164.6MB
 a27e1c13348f Extracting 1B
 c27b9d1798a4 Downloading 165.7MB
 a27e1c13348f Extracting 1B
 c27b9d1798a4 Downloading 166.7MB
 a27e1c13348f Extracting 1B
 c27b9d1798a4 Downloading 167.8MB
 a27e1c13348f Extracting 1B
 c27b9d1798a4 Downloading 169.9MB
 a27e1c13348f Extracting 1B
 c27b9d1798a4 Downloading 170.9MB
 a27e1c13348f Extracting 1B
 c27b9d1798a4 Downloading 172MB
 a27e1c13348f Extracting 1B
 c27b9d1798a4 Downloading 173MB
 a27e1c13348f Extracting 1B
 c27b9d1798a4 Downloading 175.1MB
 a27e1c13348f Extracting 2B
 c27b9d1798a4 Downloading 176.2MB
 a27e1c13348f Extracting 2B
 c27b9d1798a4 Downloading 176.2MB
 a27e1c13348f Extracting 2B
 c27b9d1798a4 Downloading 177.2MB
 a27e1c13348f Extracting 2B
 c27b9d1798a4 Downloading 178.3MB
 c27b9d1798a4 Downloading 180.4MB
 a27e1c13348f Pull complete 0B
 c27b9d1798a4 Downloading 181.4MB
 05224fc0d5c1 Pull complete 0B
 c27b9d1798a4 Downloading 183.5MB
 d3c7558d936d Extracting 1B
 c27b9d1798a4 Downloading 184.5MB
 d3c7558d936d Extracting 1B
 c27b9d1798a4 Downloading 185.6MB
 d3c7558d936d Extracting 1B
 c27b9d1798a4 Downloading 187.7MB
 d3c7558d936d Extracting 1B
 c27b9d1798a4 Downloading 188.7MB
 d3c7558d936d Extracting 1B
 c27b9d1798a4 Downloading 189.8MB
 d3c7558d936d Extracting 1B
 c27b9d1798a4 Downloading 190.8MB
 d3c7558d936d Extracting 1B
 c27b9d1798a4 Downloading 191.9MB
 d3c7558d936d Extracting 1B
 c27b9d1798a4 Downloading 192.9MB
 d3c7558d936d Extracting 1B
 c27b9d1798a4 Downloading 194MB
 d3c7558d936d Extracting 1B
 c27b9d1798a4 Downloading 195MB
 d3c7558d936d Extracting 1B
 c27b9d1798a4 Downloading 196.1MB
 d3c7558d936d Extracting 2B
 c27b9d1798a4 Downloading 198.2MB
 c27b9d1798a4 Downloading 199.2MB
 d3c7558d936d Pull complete 0B
 c27b9d1798a4 Downloading 200.3MB
 9114aaa1da8f Extracting 1B
 c27b9d1798a4 Downloading 201.3MB
 9114aaa1da8f Pull complete 0B
 c27b9d1798a4 Downloading 202.4MB
 bec799352185 Extracting 1B
 c27b9d1798a4 Downloading 203.4MB
 bec799352185 Extracting 1B
 c27b9d1798a4 Downloading 204.5MB
 bec799352185 Extracting 1B
 c27b9d1798a4 Downloading 206.6MB
 bec799352185 Extracting 1B
 c27b9d1798a4 Downloading 207.6MB
 bec799352185 Extracting 1B
 c27b9d1798a4 Downloading 208.7MB
 bec799352185 Extracting 1B
 c27b9d1798a4 Downloading 209.7MB
 bec799352185 Extracting 1B
 c27b9d1798a4 Downloading 210.8MB
 bec799352185 Extracting 1B
 c27b9d1798a4 Downloading 211.8MB
 bec799352185 Extracting 1B
 c27b9d1798a4 Downloading 213.9MB
 bec799352185 Extracting 1B
 c27b9d1798a4 Downloading 213.9MB
 bec799352185 Extracting 1B
 c27b9d1798a4 Downloading 215MB
 bec799352185 Extracting 2B
 c27b9d1798a4 Downloading 215MB
 bec799352185 Extracting 2B
 c27b9d1798a4 Downloading 215MB
 bec799352185 Extracting 2B
 c27b9d1798a4 Downloading 216MB
 bec799352185 Extracting 2B
 c27b9d1798a4 Downloading 217.1MB
 bec799352185 Extracting 2B
 c27b9d1798a4 Downloading 217.1MB
 bec799352185 Extracting 2B
 c27b9d1798a4 Downloading 219.2MB
 bec799352185 Extracting 2B
 c27b9d1798a4 Downloading 220.2MB
 bec799352185 Extracting 2B
 c27b9d1798a4 Downloading 221.2MB
 bec799352185 Extracting 2B
 c27b9d1798a4 Downloading 223.3MB
 bec799352185 Extracting 3B
 c27b9d1798a4 Downloading 224.4MB
 bec799352185 Extracting 3B
 c27b9d1798a4 Downloading 226.5MB
 bec799352185 Extracting 3B
 c27b9d1798a4 Downloading 227.5MB
 bec799352185 Extracting 3B
 c27b9d1798a4 Downloading 227.5MB
 bec799352185 Extracting 3B
 c27b9d1798a4 Downloading 229.6MB
 bec799352185 Extracting 3B
 c27b9d1798a4 Downloading 230.7MB
 bec799352185 Extracting 3B
 c27b9d1798a4 Downloading 231.7MB
 bec799352185 Extracting 3B
 c27b9d1798a4 Downloading 233.8MB
 bec799352185 Extracting 3B
 c27b9d1798a4 Downloading 234.9MB
 bec799352185 Extracting 3B
 c27b9d1798a4 Downloading 235.9MB
 bec799352185 Extracting 3B
 c27b9d1798a4 Downloading 237MB
 bec799352185 Extracting 4B
 c27b9d1798a4 Downloading 238MB
 bec799352185 Extracting 4B
 c27b9d1798a4 Downloading 239.1MB
 bec799352185 Extracting 4B
 c27b9d1798a4 Downloading 240.1MB
 bec799352185 Extracting 4B
 c27b9d1798a4 Downloading 241.8MB
 bec799352185 Extracting 4B
 c27b9d1798a4 Downloading 243.3MB
 bec799352185 Extracting 4B
 c27b9d1798a4 Downloading 244.3MB
 bec799352185 Extracting 4B
 c27b9d1798a4 Downloading 245.4MB
 bec799352185 Extracting 4B
 c27b9d1798a4 Downloading 246.4MB
 bec799352185 Extracting 4B
 c27b9d1798a4 Downloading 247.5MB
 bec799352185 Extracting 4B
 c27b9d1798a4 Downloading 248.5MB
 bec799352185 Extracting 5B
 c27b9d1798a4 Downloading 250.6MB
 bec799352185 Extracting 5B
 c27b9d1798a4 Downloading 250.6MB
 bec799352185 Extracting 5B
 c27b9d1798a4 Downloading 251.7MB
 bec799352185 Extracting 5B
 c27b9d1798a4 Downloading 252.7MB
 bec799352185 Extracting 5B
 c27b9d1798a4 Downloading 254.8MB
 bec799352185 Extracting 5B
 c27b9d1798a4 Downloading 255.9MB
 bec799352185 Extracting 5B
 c27b9d1798a4 Downloading 256.9MB
 bec799352185 Extracting 5B
 c27b9d1798a4 Downloading 259MB
 bec799352185 Extracting 5B
 c27b9d1798a4 Downloading 260MB
 bec799352185 Extracting 5B
 c27b9d1798a4 Downloading 260MB
 bec799352185 Extracting 6B
 c27b9d1798a4 Downloading 260MB
 bec799352185 Extracting 6B
 c27b9d1798a4 Downloading 262.1MB
 bec799352185 Pull complete 0B
 c27b9d1798a4 Downloading 264.2MB
 c27b9d1798a4 Downloading 266.3MB
 20dc5707262d Pull complete 0B
 c27b9d1798a4 Downloading 267.4MB
 c27b9d1798a4 Downloading 268.4MB
 45c83967e691 Pull complete 0B
 c27b9d1798a4 Downloading 269.5MB
 Image cassandra:3.11.10 Pulled 
 c27b9d1798a4 Downloading 270.5MB
 c27b9d1798a4 Downloading 271.6MB
 c27b9d1798a4 Downloading 273.7MB
 c27b9d1798a4 Downloading 274.7MB
 c27b9d1798a4 Downloading 275.8MB
 c27b9d1798a4 Downloading 276.8MB
 c27b9d1798a4 Downloading 277.9MB
 c27b9d1798a4 Downloading 278.9MB
 c27b9d1798a4 Downloading 281MB
 c27b9d1798a4 Downloading 282.1MB
 c27b9d1798a4 Downloading 283.1MB
 c27b9d1798a4 Downloading 284.2MB
 c27b9d1798a4 Downloading 286.3MB
 c27b9d1798a4 Downloading 287.3MB
 c27b9d1798a4 Downloading 288.4MB
 c27b9d1798a4 Downloading 289.4MB
 c27b9d1798a4 Downloading 290.5MB
 c27b9d1798a4 Downloading 292.6MB
 c27b9d1798a4 Downloading 293.6MB
 c27b9d1798a4 Downloading 294.6MB
 c27b9d1798a4 Downloading 295.7MB
 c27b9d1798a4 Downloading 296.7MB
 c27b9d1798a4 Downloading 297.8MB
 c27b9d1798a4 Downloading 298.8MB
 c27b9d1798a4 Downloading 300.9MB
 c27b9d1798a4 Downloading 302MB
 c27b9d1798a4 Downloading 303MB
 c27b9d1798a4 Downloading 304.1MB
 c27b9d1798a4 Downloading 305.1MB
 c27b9d1798a4 Downloading 306.2MB
 c27b9d1798a4 Downloading 307.2MB
 c27b9d1798a4 Downloading 308.3MB
 c27b9d1798a4 Downloading 309.3MB
 c27b9d1798a4 Downloading 310.4MB
 c27b9d1798a4 Downloading 312.5MB
 c27b9d1798a4 Downloading 313.5MB
 c27b9d1798a4 Downloading 314.6MB
 c27b9d1798a4 Downloading 316.7MB
 c27b9d1798a4 Downloading 317MB
 c27b9d1798a4 Downloading 317MB
 c27b9d1798a4 Downloading 317MB
 c27b9d1798a4 Downloading 317MB
 c27b9d1798a4 Downloading 317MB
 c27b9d1798a4 Downloading 317MB
 c27b9d1798a4 Downloading 317MB
 c27b9d1798a4 Downloading 317MB
 c27b9d1798a4 Downloading 317MB
 c27b9d1798a4 Downloading 317MB
 c27b9d1798a4 Downloading 317MB
 c27b9d1798a4 Downloading 317MB
 c27b9d1798a4 Downloading 317MB
 c27b9d1798a4 Downloading 317MB
 c27b9d1798a4 Downloading 317MB
 c27b9d1798a4 Downloading 317MB
 c27b9d1798a4 Downloading 317MB
 c27b9d1798a4 Downloading 317MB
 c27b9d1798a4 Downloading 317MB
 c27b9d1798a4 Downloading 317MB
 c27b9d1798a4 Downloading 317MB
 c27b9d1798a4 Downloading 317MB
 c27b9d1798a4 Downloading 317MB
 c27b9d1798a4 Downloading 317MB
 c27b9d1798a4 Downloading 317MB
 c27b9d1798a4 Downloading 317MB
 c27b9d1798a4 Downloading 317MB
 c27b9d1798a4 Downloading 317MB
 c27b9d1798a4 Downloading 317MB
 c27b9d1798a4 Downloading 317MB
 c27b9d1798a4 Downloading 317MB
 c27b9d1798a4 Downloading 317MB
 c27b9d1798a4 Downloading 317MB
 c27b9d1798a4 Downloading 317MB
 c27b9d1798a4 Download complete 0B
 c27b9d1798a4 Extracting 1B
 c27b9d1798a4 Extracting 1B
 c27b9d1798a4 Extracting 1B
 c27b9d1798a4 Extracting 1B
 c27b9d1798a4 Extracting 1B
 c27b9d1798a4 Extracting 1B
 c27b9d1798a4 Extracting 1B
 c27b9d1798a4 Extracting 1B
 c27b9d1798a4 Extracting 1B
 c27b9d1798a4 Extracting 1B
 c27b9d1798a4 Extracting 1B
 c27b9d1798a4 Extracting 2B
 c27b9d1798a4 Extracting 2B
 c27b9d1798a4 Extracting 2B
 c27b9d1798a4 Extracting 2B
 c27b9d1798a4 Extracting 2B
 c27b9d1798a4 Extracting 2B
 c27b9d1798a4 Extracting 2B
 c27b9d1798a4 Extracting 2B
 c27b9d1798a4 Extracting 2B
 c27b9d1798a4 Extracting 2B
 c27b9d1798a4 Extracting 3B
 c27b9d1798a4 Extracting 3B
 c27b9d1798a4 Extracting 3B
 c27b9d1798a4 Extracting 3B
 c27b9d1798a4 Extracting 3B
 c27b9d1798a4 Extracting 3B
 c27b9d1798a4 Extracting 3B
 c27b9d1798a4 Extracting 3B
 c27b9d1798a4 Extracting 3B
 c27b9d1798a4 Extracting 3B
 c27b9d1798a4 Extracting 4B
 c27b9d1798a4 Extracting 4B
 c27b9d1798a4 Extracting 4B
 c27b9d1798a4 Extracting 4B
 c27b9d1798a4 Extracting 4B
 c27b9d1798a4 Extracting 4B
 c27b9d1798a4 Extracting 4B
 c27b9d1798a4 Extracting 4B
 c27b9d1798a4 Extracting 4B
 c27b9d1798a4 Extracting 4B
 c27b9d1798a4 Extracting 5B
 c27b9d1798a4 Extracting 5B
 c27b9d1798a4 Extracting 5B
 c27b9d1798a4 Extracting 5B
 c27b9d1798a4 Extracting 5B
 c27b9d1798a4 Extracting 5B
 c27b9d1798a4 Extracting 5B
 c27b9d1798a4 Extracting 5B
 c27b9d1798a4 Extracting 5B
 c27b9d1798a4 Extracting 5B
 c27b9d1798a4 Extracting 6B
 c27b9d1798a4 Extracting 6B
 08294d225465 Pull complete 0B
 c27b9d1798a4 Pull complete 0B
 5c53a9497b4b Extracting 1B
 61f207e8486f Pull complete 0B
 5c53a9497b4b Pull complete 0B
 e428e99f0398 Pull complete 0B
 353e2b73d0d5 Pull complete 0B
 Image elasticsearch:7.17.9 Pulled 
 Network cynoxnew_default Creating 
 Network cynoxnew_default Created 
 Volume cynoxnew_cassandra_data Creating 
 Volume cynoxnew_cassandra_data Created 
 Volume cynoxnew_elasticsearch_data Creating 
 Volume cynoxnew_elasticsearch_data Created 
 Container cynox-cassandra Creating 
 Container cynox-elasticsearch Creating 
 Container cynox-cassandra Created 
 Container cynox-elasticsearch Created 
 Container cynox-cassandra Starting 
 Container cynox-elasticsearch Starting 
 Container cynox-cassandra Started 
 Container cynox-elasticsearch Started 
