bower angular-bootstrap-multiselect#^1.1.11       not-cached https://github.com/bentorfs/angular-bootstrap-multiselect.git#^1.1.11
bower angular-bootstrap-multiselect#^1.1.11          resolve https://github.com/bentorfs/angular-bootstrap-multiselect.git#^1.1.11
bower angular-cookies#1.7.8                       not-cached https://github.com/angular/bower-angular-cookies.git#1.7.8
bower angular-cookies#1.7.8                          resolve https://github.com/angular/bower-angular-cookies.git#1.7.8
bower angular-bootstrap#2.5.0                     not-cached https://github.com/angular-ui/bootstrap-bower.git#2.5.0
bower angular-bootstrap#2.5.0                        resolve https://github.com/angular-ui/bootstrap-bower.git#2.5.0
bower angular#1.7.8                               not-cached https://github.com/angular/bower-angular.git#1.7.8
bower angular#1.7.8                                  resolve https://github.com/angular/bower-angular.git#1.7.8
bower angular-animate#1.7.8                       not-cached https://github.com/angular/bower-angular-animate.git#1.7.8
bower angular-animate#1.7.8                          resolve https://github.com/angular/bower-angular-animate.git#1.7.8
bower jquery#^3.4.1                               not-cached https://github.com/jquery/jquery-dist.git#^3.4.1
bower jquery#^3.4.1                                  resolve https://github.com/jquery/jquery-dist.git#^3.4.1
bower angular-sanitize#1.7.8                      not-cached https://github.com/angular/bower-angular-sanitize.git#1.7.8
bower angular-sanitize#1.7.8                         resolve https://github.com/angular/bower-angular-sanitize.git#1.7.8
bower angular-resource#1.7.8                      not-cached https://github.com/angular/bower-angular-resource.git#1.7.8
bower angular-resource#1.7.8                         resolve https://github.com/angular/bower-angular-resource.git#1.7.8
bower angular-touch#1.7.8                         not-cached https://github.com/angular/bower-angular-touch.git#1.7.8
bower angular-touch#1.7.8                            resolve https://github.com/angular/bower-angular-touch.git#1.7.8
bower animate.css#^3.7.0                          not-cached https://github.com/daneden/animate.css.git#^3.7.0
bower animate.css#^3.7.0                             resolve https://github.com/daneden/animate.css.git#^3.7.0
bower angular-timer#^1.3.5                        not-cached https://github.com/siddii/angular-timer.git#^1.3.5
bower angular-timer#^1.3.5                           resolve https://github.com/siddii/angular-timer.git#^1.3.5
bower angular-moment#~0.10.3                      not-cached https://github.com/urish/angular-moment.git#~0.10.3
bower angular-moment#~0.10.3                         resolve https://github.com/urish/angular-moment.git#~0.10.3
bower angular-ui-router#~0.4.3                    not-cached https://github.com/angular-ui/angular-ui-router-bower.git#~0.4.3
bower angular-ui-router#~0.4.3                       resolve https://github.com/angular-ui/angular-ui-router-bower.git#~0.4.3
bower bootstrap#^3                                not-cached https://github.com/twbs/bootstrap.git#^3
bower bootstrap#^3                                   resolve https://github.com/twbs/bootstrap.git#^3
bower dropzone#~4.3.0                             not-cached https://github.com/enyo/dropzone.git#~4.3.0
bower dropzone#~4.3.0                                resolve https://github.com/enyo/dropzone.git#~4.3.0
bower moment#^2.24.0                              not-cached https://github.com/moment/moment.git#^2.24.0
bower moment#^2.24.0                                 resolve https://github.com/moment/moment.git#^2.24.0
bower font-awesome#^4.7.0                         not-cached https://github.com/FortAwesome/Font-Awesome.git#^4.7.0
bower font-awesome#^4.7.0                            resolve https://github.com/FortAwesome/Font-Awesome.git#^4.7.0
bower ng-csv#~0.3.6                               not-cached https://github.com/asafdav/ng-csv.git#~0.3.6
bower ng-csv#~0.3.6                                  resolve https://github.com/asafdav/ng-csv.git#~0.3.6
bower ng-tags-input#^3.2.0                        not-cached https://github.com/mbenford/ngTagsInput-bower.git#^3.2.0
bower ng-tags-input#^3.2.0                           resolve https://github.com/mbenford/ngTagsInput-bower.git#^3.2.0
bower roboto-fontface#^0.10.0                     not-cached https://github.com/choffmeister/roboto-fontface-bower.git#^0.10.0
bower roboto-fontface#^0.10.0                        resolve https://github.com/choffmeister/roboto-fontface-bower.git#^0.10.0
bower underscore#^1.9.1                           not-cached https://github.com/jashkenas/underscore.git#^1.9.1
bower underscore#^1.9.1                              resolve https://github.com/jashkenas/underscore.git#^1.9.1
bower bootstrap-sass-official#^3                  not-cached https://github.com/twbs/bootstrap-sass.git#^3
bower bootstrap-sass-official#^3                     resolve https://github.com/twbs/bootstrap-sass.git#^3
bower cryptojslib#~3.1.2                          not-cached https://github.com/sytelus/CryptoJS.git#~3.1.2
bower cryptojslib#~3.1.2                             resolve https://github.com/sytelus/CryptoJS.git#~3.1.2
bower c3#~0.4.11                                  not-cached https://github.com/masayuki0812/c3.git#~0.4.11
bower c3#~0.4.11                                     resolve https://github.com/masayuki0812/c3.git#~0.4.11
bower angular-messages#1.7.8                      not-cached https://github.com/angular/bower-angular-messages.git#1.7.8
bower angular-messages#1.7.8                         resolve https://github.com/angular/bower-angular-messages.git#1.7.8
bower ng-file-upload#^12.2.13                     not-cached https://github.com/danialfarid/angular-file-upload-bower.git#^12.2.13
bower ng-file-upload#^12.2.13                        resolve https://github.com/danialfarid/angular-file-upload-bower.git#^12.2.13
bower css-spaces#~0.3.5                           not-cached https://github.com/badabam/css-spaces.git#~0.3.5
bower css-spaces#~0.3.5                              resolve https://github.com/badabam/css-spaces.git#~0.3.5
bower es5-shim#^4.5.13                            not-cached https://github.com/es-shims/es5-shim.git#^4.5.13
bower es5-shim#^4.5.13                               resolve https://github.com/es-shims/es5-shim.git#^4.5.13
bower angular-clipboard#^1.7.0                    not-cached https://github.com/omichelsen/angular-clipboard.git#^1.7.0
bower angular-clipboard#^1.7.0                       resolve https://github.com/omichelsen/angular-clipboard.git#^1.7.0
bower es6-shim#^0.35.5                            not-cached https://github.com/paulmillr/es6-shim.git#^0.35.5
bower es6-shim#^0.35.5                               resolve https://github.com/paulmillr/es6-shim.git#^0.35.5
bower smalot-bootstrap-datetimepicker#2.4.4       not-cached https://github.com/smalot/bootstrap-datetimepicker.git#2.4.4
bower smalot-bootstrap-datetimepicker#2.4.4          resolve https://github.com/smalot/bootstrap-datetimepicker.git#2.4.4
bower angular-local-storage#^0.7.1                not-cached https://github.com/grevory/angular-local-storage.git#^0.7.1
bower angular-local-storage#^0.7.1                   resolve https://github.com/grevory/angular-local-storage.git#^0.7.1
bower angular-ui-notification#0.3.6               not-cached https://github.com/alexcrack/angular-ui-notification.git#0.3.6
bower angular-ui-notification#0.3.6                  resolve https://github.com/alexcrack/angular-ui-notification.git#0.3.6
bower angular-markdown-editor-ghiscoding#1.1.5    not-cached https://github.com/ghiscoding/angular-markdown-editor.git#1.1.5
bower angular-markdown-editor-ghiscoding#1.1.5       resolve https://github.com/ghiscoding/angular-markdown-editor.git#1.1.5
bower ng-file-upload-shim#^12.2.13                not-cached https://github.com/danialfarid/angular-file-upload-shim-bower.git#^12.2.13
bower ng-file-upload-shim#^12.2.13                   resolve https://github.com/danialfarid/angular-file-upload-shim-bower.git#^12.2.13
bower angular-ui-ace#bower                        not-cached https://github.com/angular-ui/ui-ace.git#bower
bower angular-ui-ace#bower                           resolve https://github.com/angular-ui/ui-ace.git#bower
bower highlight.js.origin#^9.15.6                 not-cached https://github.com/isagalaev/highlight.js.git#^9.15.6
bower highlight.js.origin#^9.15.6                    resolve https://github.com/isagalaev/highlight.js.git#^9.15.6
bower angular-images-resizer#^2.0.3               not-cached https://github.com/FBerthelot/angular-images-resizer.git#^2.0.3
bower angular-images-resizer#^2.0.3                  resolve https://github.com/FBerthelot/angular-images-resizer.git#^2.0.3
bower angular-page-loader#*                       not-cached https://github.com/codekraft-studio/angular-page-loader.git#*
bower angular-page-loader#*                          resolve https://github.com/codekraft-studio/angular-page-loader.git#*
bower angular-highlightjs#^0.7.1                  not-cached https://github.com/pc035860/angular-highlightjs.git#^0.7.1
bower angular-highlightjs#^0.7.1                     resolve https://github.com/pc035860/angular-highlightjs.git#^0.7.1
bower angular-ui-sortable#^0.19.0                 not-cached https://github.com/angular-ui/ui-sortable.git#^0.19.0
bower angular-ui-sortable#^0.19.0                    resolve https://github.com/angular-ui/ui-sortable.git#^0.19.0
bower angular-drag-and-drop-lists#^2.1.0          not-cached https://github.com/marceljuenemann/angular-drag-and-drop-lists.git#^2.1.0
bower angular-drag-and-drop-lists#^2.1.0             resolve https://github.com/marceljuenemann/angular-drag-and-drop-lists.git#^2.1.0
bower angular-base64-upload#^0.1.19               not-cached https://github.com/adonespitogo/angular-base64-upload.git#^0.1.19
bower angular-base64-upload#^0.1.19                  resolve https://github.com/adonespitogo/angular-base64-upload.git#^0.1.19
bower angular-scroll#^1.0.2                       not-cached https://github.com/oblador/angular-scroll.git#^1.0.2
bower angular-scroll#^1.0.2                          resolve https://github.com/oblador/angular-scroll.git#^1.0.2
bower js-base64#^2.5.1                            not-cached https://github.com/dankogai/js-base64.git#^2.5.1
bower js-base64#^2.5.1                               resolve https://github.com/dankogai/js-base64.git#^2.5.1
bower underscore.string#^3.3.5                    not-cached https://github.com/epeli/underscore.string.git#^3.3.5
bower underscore.string#^3.3.5                       resolve https://github.com/epeli/underscore.string.git#^3.3.5
bower file-saver#1.3.4                            not-cached https://github.com/eligrey/FileSaver.js.git#1.3.4
bower file-saver#1.3.4                               resolve https://github.com/eligrey/FileSaver.js.git#1.3.4
bower bootstrap-sass#^3.4.1                       not-cached https://github.com/twbs/bootstrap-sass.git#^3.4.1
bower bootstrap-sass#^3.4.1                          resolve https://github.com/twbs/bootstrap-sass.git#^3.4.1
bower qrcode.js#^1.0.2                            not-cached https://github.com/janantala/qrcode.js.git#^1.0.2
bower qrcode.js#^1.0.2                               resolve https://github.com/janantala/qrcode.js.git#^1.0.2
bower js-url#~2.5.3                               not-cached https://github.com/websanova/js-url.git#~2.5.3
bower js-url#~2.5.3                                  resolve https://github.com/websanova/js-url.git#~2.5.3
bower angular-qr#^0.2.0                           not-cached https://github.com/janantala/angular-qr.git#^0.2.0
bower angular-qr#^0.2.0                              resolve https://github.com/janantala/angular-qr.git#^0.2.0
bower angular-mocks#1.7.8                         not-cached https://github.com/angular/bower-angular-mocks.git#1.7.8
bower angular-mocks#1.7.8                            resolve https://github.com/angular/bower-angular-mocks.git#1.7.8
bower angular-bootstrap-colorpicker#^3.0.32       not-cached https://github.com/buberdds/angular-bootstrap-colorpicker.git#^3.0.32
bower angular-bootstrap-colorpicker#^3.0.32          resolve https://github.com/buberdds/angular-bootstrap-colorpicker.git#^3.0.32
bower angular-bootstrap#2.5.0                       download https://github.com/angular-ui/bootstrap-bower/archive/2.5.0.tar.gz
(node:31880) [DEP0060] DeprecationWarning: The `util._extend` API is deprecated. Please use Object.assign() instead.
(Use `node --trace-deprecation ...` to show where the warning was created)
bower angular-bootstrap-multiselect#^1.1.11         download https://github.com/bentorfs/angular-bootstrap-multiselect/archive/1.1.11.tar.gz
bower angular#1.7.8                                 download https://github.com/angular/bower-angular/archive/v1.7.8.tar.gz
bower angular-cookies#1.7.8                         download https://github.com/angular/bower-angular-cookies/archive/v1.7.8.tar.gz
bower angular-animate#1.7.8                         download https://github.com/angular/bower-angular-animate/archive/v1.7.8.tar.gz
bower jquery#^3.4.1                                 download https://github.com/jquery/jquery-dist/archive/3.7.1.tar.gz
bower angular-bootstrap-multiselect#^1.1.11          extract archive.tar.gz
bower angular-bootstrap#2.5.0                        extract archive.tar.gz
bower animate.css#^3.7.0                            download https://github.com/daneden/animate.css/archive/3.7.2.tar.gz
bower angular-resource#1.7.8                        download https://github.com/angular/bower-angular-resource/archive/v1.7.8.tar.gz
bower angular-cookies#1.7.8                          extract archive.tar.gz
bower angular-touch#1.7.8                           download https://github.com/angular/bower-angular-touch/archive/v1.7.8.tar.gz
bower angular-animate#1.7.8                          extract archive.tar.gz
bower angular-timer#^1.3.5                          download https://github.com/siddii/angular-timer/archive/1.3.5.tar.gz
bower angular-bootstrap#2.5.0                       resolved https://github.com/angular-ui/bootstrap-bower.git#2.5.0
bower angular-animate#1.7.8                         resolved https://github.com/angular/bower-angular-animate.git#1.7.8
bower angular-cookies#1.7.8                         resolved https://github.com/angular/bower-angular-cookies.git#1.7.8
bower jquery#^3.4.1                                  extract archive.tar.gz
bower angular-bootstrap-multiselect#^1.1.11         resolved https://github.com/bentorfs/angular-bootstrap-multiselect.git#1.1.11
bower angular#1.7.8                                  extract archive.tar.gz
bower angular-moment#~0.10.3                        download https://github.com/urish/angular-moment/archive/0.10.3.tar.gz
bower angular#1.7.8                                 resolved https://github.com/angular/bower-angular.git#1.7.8
bower angular-ui-router#~0.4.3                      download https://github.com/angular-ui/angular-ui-router-bower/archive/0.4.3.tar.gz
bower angular-resource#1.7.8                         extract archive.tar.gz
bower animate.css#^3.7.0                             extract archive.tar.gz
bower angular-resource#1.7.8                        resolved https://github.com/angular/bower-angular-resource.git#1.7.8
bower bootstrap#^3                                  download https://github.com/twbs/bootstrap/archive/v3.4.1.tar.gz
bower angular-touch#1.7.8                            extract archive.tar.gz
bower dropzone#~4.3.0                               download https://github.com/enyo/dropzone/archive/v4.3.0.tar.gz
bower angular-touch#1.7.8                           resolved https://github.com/angular/bower-angular-touch.git#1.7.8
bower angular-moment#~0.10.3                         extract archive.tar.gz
bower moment#^2.24.0                                download https://github.com/moment/moment/archive/2.30.1.tar.gz
bower font-awesome#^4.7.0                           download https://github.com/FortAwesome/Font-Awesome/archive/v4.7.0.tar.gz
bower angular-moment#~0.10.3                        resolved https://github.com/urish/angular-moment.git#0.10.3
bower angular#>=1.2.0 <1.5.0                      not-cached https://github.com/angular/bower-angular.git#>=1.2.0 <1.5.0
bower angular#>=1.2.0 <1.5.0                         resolve https://github.com/angular/bower-angular.git#>=1.2.0 <1.5.0
bower moment#>=2.8.0 <2.11.0                      not-cached https://github.com/moment/moment.git#>=2.8.0 <2.11.0
bower moment#>=2.8.0 <2.11.0                         resolve https://github.com/moment/moment.git#>=2.8.0 <2.11.0
bower moment#>=2.8.0 <2.11.0                        download https://github.com/moment/moment/archive/2.10.6.tar.gz
bower angular#>=1.2.0 <1.5.0                        download https://github.com/angular/bower-angular/archive/v1.4.14.tar.gz
bower ng-tags-input#^3.2.0                          download https://github.com/mbenford/ngTagsInput-bower/archive/v3.2.0.tar.gz
bower jquery#^3.4.1                                 resolved https://github.com/jquery/jquery-dist.git#3.7.1
bower ng-csv#~0.3.6                                 download https://github.com/asafdav/ng-csv/archive/v0.3.6.tar.gz
bower animate.css#^3.7.0                            resolved https://github.com/daneden/animate.css.git#3.7.2
bower dropzone#~4.3.0                                extract archive.tar.gz
bower dropzone#~4.3.0                           invalid-meta for:C:\Users\CYNOXS~1\AppData\Local\Temp\Wizard-Cynox Security\bower\b168f285c84360eaba85a5928c3588b4-31880-X8QN7b\bower.json
bower dropzone#~4.3.0                           invalid-meta The "main" field cannot contain minified files
bower dropzone#~4.3.0                           invalid-meta The "main" field cannot contain minified files
bower angular-timer#^1.3.5                           extract archive.tar.gz
bower dropzone#~4.3.0                               resolved https://github.com/enyo/dropzone.git#4.3.0
bower angular-ui-router#~0.4.3                       extract archive.tar.gz
bower bootstrap-sass#^3.4.1                         download https://github.com/twbs/bootstrap-sass/archive/v3.4.3.tar.gz
bower bootstrap-sass-official#^3                    download https://github.com/twbs/bootstrap-sass/archive/v3.4.3.tar.gz
bower moment#>=2.8.0 <2.11.0                         extract archive.tar.gz
bower ng-csv#~0.3.6                                  extract archive.tar.gz
bower cryptojslib#~3.1.2                            download https://github.com/sytelus/CryptoJS/archive/v3.1.2.tar.gz
bower font-awesome#^4.7.0                            extract archive.tar.gz
bower ng-tags-input#^3.2.0                           extract archive.tar.gz
bower bootstrap#^3                                   extract archive.tar.gz
bower ng-tags-input#^3.2.0                          resolved https://github.com/mbenford/ngTagsInput-bower.git#3.2.0
bower angular#>=1.2.0 <1.5.0                         extract archive.tar.gz
bower ng-csv#~0.3.6                             invalid-meta for:C:\Users\CYNOXS~1\AppData\Local\Temp\Wizard-Cynox Security\bower\373effc64204bcdc1e93b531d88a25ab-31880-g3epln\bower.json
bower ng-csv#~0.3.6                             invalid-meta The "main" field cannot contain minified files
bower ng-csv#~0.3.6                                 resolved https://github.com/asafdav/ng-csv.git#0.3.6
bower bootstrap-sass#^3.4.1                          extract archive.tar.gz
bower bootstrap-sass-official#^3                     extract archive.tar.gz
bower angular#>=1.2.0 <1.5.0                        resolved https://github.com/angular/bower-angular.git#1.4.14
bower moment#^2.24.0                                 extract archive.tar.gz
bower roboto-fontface#^0.10.0                       download https://github.com/choffmeister/roboto-fontface-bower/archive/v0.10.0.tar.gz
bower cryptojslib#~3.1.2                             extract archive.tar.gz
bower angular-ui-router#~0.4.3                      resolved https://github.com/angular-ui/angular-ui-router-bower.git#0.4.3
bower c3#~0.4.11                                    download https://github.com/masayuki0812/c3/archive/v0.4.24.tar.gz
bower ng-file-upload#^12.2.13                       download https://github.com/danialfarid/angular-file-upload-bower/archive/12.2.13.tar.gz
bower cryptojslib#~3.1.2                        invalid-meta for:C:\Users\CYNOXS~1\AppData\Local\Temp\Wizard-Cynox Security\bower\8f3e39e52591e948404e1e45dcbc6cdf-31880-RhW962\bower.json
bower cryptojslib#~3.1.2                        invalid-meta The "main" field cannot contain globs (example: "*.js")
bower cryptojslib#~3.1.2                            resolved https://github.com/sytelus/CryptoJS.git#3.1.2
bower angular-messages#1.7.8                        download https://github.com/angular/bower-angular-messages/archive/v1.7.8.tar.gz
bower roboto-fontface#^0.10.0                        extract archive.tar.gz
bower css-spaces#~0.3.5                             download https://github.com/badabam/css-spaces/archive/v0.3.5.tar.gz
bower c3#~0.4.11                                     extract archive.tar.gz
bower es6-shim#^0.35.5                              download https://github.com/paulmillr/es6-shim/archive/0.35.8.tar.gz
bower angular-messages#1.7.8                         extract archive.tar.gz
bower es5-shim#^4.5.13                              download https://github.com/es-shims/es5-shim/archive/v4.6.7.tar.gz
bower angular-messages#1.7.8                        resolved https://github.com/angular/bower-angular-messages.git#1.7.8
bower ng-file-upload#^12.2.13                        extract archive.tar.gz
bower smalot-bootstrap-datetimepicker#2.4.4         download https://github.com/smalot/bootstrap-datetimepicker/archive/2.4.4.tar.gz
bower ng-file-upload#^12.2.13                       resolved https://github.com/danialfarid/angular-file-upload-bower.git#12.2.13
bower bootstrap-sass#^3.4.1                         mismatch Version declared in the json (3.4.1) is different than the resolved one (3.4.3)
bower bootstrap-sass#^3.4.1                         resolved https://github.com/twbs/bootstrap-sass.git#3.4.3
bower angular-local-storage#^0.7.1                  download https://github.com/grevory/angular-local-storage/archive/v0.7.1.tar.gz
bower bootstrap-sass-official#^3                    mismatch Version declared in the json (3.4.1) is different than the resolved one (3.4.3)
bower es5-shim#^4.5.13                               extract archive.tar.gz
bower bootstrap-sass-official#^3                    resolved https://github.com/twbs/bootstrap-sass.git#3.4.3
bower angular-ui-notification#0.3.6                 download https://github.com/alexcrack/angular-ui-notification/archive/v0.3.6.tar.gz
bower css-spaces#~0.3.5                              extract archive.tar.gz
bower es6-shim#^0.35.5                               extract archive.tar.gz
bower angular-ui-ace#bower                          download https://github.com/angular-ui/ui-ace/archive/bower.tar.gz
bower es5-shim#^4.5.13                              resolved https://github.com/es-shims/es5-shim.git#4.6.7
bower smalot-bootstrap-datetimepicker#2.4.4          extract archive.tar.gz
bower css-spaces#~0.3.5                             resolved https://github.com/badabam/css-spaces.git#0.3.5
bower angular-clipboard#^1.7.0                      download https://github.com/omichelsen/angular-clipboard/archive/v1.7.0.tar.gz
bower angular-local-storage#^0.7.1                   extract archive.tar.gz
bower roboto-fontface#^0.10.0                       resolved https://github.com/choffmeister/roboto-fontface-bower.git#0.10.0
bower angular-ui-notification#0.3.6                  extract archive.tar.gz
bower ng-file-upload-shim#^12.2.13                  download https://github.com/danialfarid/angular-file-upload-shim-bower/archive/12.2.13.tar.gz
bower angular-ui-ace#bower                           extract archive.tar.gz
bower angular-ui-ace#bower                          resolved https://github.com/angular-ui/ui-ace.git#36844ff7c0
bower highlight.js.origin#^9.15.6                   download https://github.com/isagalaev/highlight.js/archive/9.18.5.tar.gz
bower angular-local-storage#^0.7.1                  resolved https://github.com/grevory/angular-local-storage.git#0.7.1
bower ace-builds#^1                               not-cached https://github.com/ajaxorg/ace-builds.git#^1
bower ace-builds#^1                                  resolve https://github.com/ajaxorg/ace-builds.git#^1
bower angular-page-loader#*                         download https://github.com/codekraft-studio/angular-page-loader/archive/master.tar.gz
bower angular-clipboard#^1.7.0                       extract archive.tar.gz
bower es6-shim#^0.35.5                              resolved https://github.com/paulmillr/es6-shim.git#0.35.8
bower angular-ui-notification#0.3.6                 resolved https://github.com/alexcrack/angular-ui-notification.git#0.3.6
bower angular-clipboard#^1.7.0                      resolved https://github.com/omichelsen/angular-clipboard.git#1.7.0
bower angular-markdown-editor-ghiscoding#1.1.5      download https://github.com/ghiscoding/angular-markdown-editor/archive/v1.1.5.tar.gz
bower angular-highlightjs#^0.7.1                    download https://github.com/pc035860/angular-highlightjs/archive/v0.7.1.tar.gz
bower angular-page-loader#*                          extract archive.tar.gz
bower angular-images-resizer#^2.0.3                 download https://github.com/FBerthelot/angular-images-resizer/archive/2.0.3.tar.gz
bower smalot-bootstrap-datetimepicker#2.4.4     invalid-meta for:C:\Users\CYNOXS~1\AppData\Local\Temp\Wizard-Cynox Security\bower\e3c6ebd9717fc771d9fa12f05b310f05-31880-mBswaB\bower.json
bower smalot-bootstrap-datetimepicker#2.4.4     invalid-meta The "main" field cannot contain minified files
bower smalot-bootstrap-datetimepicker#2.4.4     invalid-meta The "main" field cannot contain minified files
bower angular-ui-sortable#^0.19.0                   download https://github.com/angular-ui/ui-sortable/archive/v0.19.0.tar.gz
bower angular-markdown-editor-ghiscoding#1.1.5       extract archive.tar.gz
bower ng-file-upload-shim#^12.2.13                   extract archive.tar.gz
bower angular-base64-upload#^0.1.19                 download https://github.com/adonespitogo/angular-base64-upload/archive/v0.1.23.tar.gz
bower highlight.js.origin#^9.15.6                    extract archive.tar.gz
bower c3#~0.4.11                                    resolved https://github.com/masayuki0812/c3.git#0.4.24
bower angular-page-loader#*                         resolved https://github.com/codekraft-studio/angular-page-loader.git#0457468665
bower angular-drag-and-drop-lists#^2.1.0            download https://github.com/marceljuenemann/angular-drag-and-drop-lists/archive/2.1.0.tar.gz
bower d3#~3.5.0                                   not-cached https://github.com/mbostock-bower/d3-bower.git#~3.5.0
bower d3#~3.5.0                                      resolve https://github.com/mbostock-bower/d3-bower.git#~3.5.0
bower ng-file-upload-shim#^12.2.13                  resolved https://github.com/danialfarid/angular-file-upload-shim-bower.git#12.2.13
bower angular-markdown-editor-ghiscoding#1.1.5      resolved https://github.com/ghiscoding/angular-markdown-editor.git#1.1.5
bower angular-highlightjs#^0.6.1                  not-cached https://github.com/pc035860/angular-highlightjs.git#^0.6.1
bower angular-highlightjs#^0.6.1                     resolve https://github.com/pc035860/angular-highlightjs.git#^0.6.1
bower jquery#^2.2.4                               not-cached https://github.com/jquery/jquery-dist.git#^2.2.4
bower jquery#^2.2.4                                  resolve https://github.com/jquery/jquery-dist.git#^2.2.4
bower jquery#^2.2.4                                 download https://github.com/jquery/jquery-dist/archive/2.2.4.tar.gz
bower angular-highlightjs#^0.6.1                    download https://github.com/pc035860/angular-highlightjs/archive/v0.6.3.tar.gz
bower angular-marked#^1.2.2                       not-cached https://github.com/Hypercubed/angular-marked.git#^1.2.2
bower angular-marked#^1.2.2                          resolve https://github.com/Hypercubed/angular-marked.git#^1.2.2
bower smalot-bootstrap-datetimepicker#2.4.4         resolved https://github.com/smalot/bootstrap-datetimepicker.git#2.4.4
bower angular-highlightjs#^0.7.1                     extract archive.tar.gz
bower angular-images-resizer#^2.0.3                  extract archive.tar.gz
bower angular-ui-sortable#^0.19.0                    extract archive.tar.gz
bower marked#^0.3.5                               not-cached https://github.com/chjj/marked.git#^0.3.5
bower marked#^0.3.5                                  resolve https://github.com/chjj/marked.git#^0.3.5
bower bootstrap-markdown#^2.10.0                  not-cached https://github.com/toopay/bootstrap-markdown.git#^2.10.0
bower bootstrap-markdown#^2.10.0                     resolve https://github.com/toopay/bootstrap-markdown.git#^2.10.0
bower angular-ui-sortable#^0.19.0                   resolved https://github.com/angular-ui/ui-sortable.git#0.19.0
bower js-base64#^2.5.1                              download https://github.com/dankogai/js-base64/archive/2.6.4.tar.gz
bower jquery-ui#>=1.12.x                          not-cached https://github.com/components/jqueryui.git#>=1.12.x
bower jquery-ui#>=1.12.x                             resolve https://github.com/components/jqueryui.git#>=1.12.x
bower angular-scroll#^1.0.2                         download https://github.com/oblador/angular-scroll/archive/v1.0.2.tar.gz
bower angular-base64-upload#^0.1.19                  extract archive.tar.gz
bower jquery#^2.2.4                                  extract archive.tar.gz
bower bootstrap#^3                                  resolved https://github.com/twbs/bootstrap.git#3.4.1
bower file-saver#1.3.4                              download https://github.com/eligrey/FileSaver.js/archive/1.3.4.tar.gz
bower angular-drag-and-drop-lists#^2.1.0             extract archive.tar.gz
bower js-base64#^2.5.1                               extract archive.tar.gz
bower angular-scroll#^1.0.2                          extract archive.tar.gz
bower angular-highlightjs#^0.7.1                    resolved https://github.com/pc035860/angular-highlightjs.git#0.7.1
bower angular-base64-upload#^0.1.19                 resolved https://github.com/adonespitogo/angular-base64-upload.git#0.1.23
bower underscore.string#^3.3.5                      download https://github.com/epeli/underscore.string/archive/3.3.6.tar.gz
bower angular-images-resizer#^2.0.3                 resolved https://github.com/FBerthelot/angular-images-resizer.git#2.0.3
bower angular-qr#^0.2.0                             download https://github.com/janantala/angular-qr/archive/v0.2.0.tar.gz
bower file-saver#1.3.4                               extract archive.tar.gz
bower js-base64#^2.5.1                              resolved https://github.com/dankogai/js-base64.git#2.6.4
bower qrcode.js#^1.0.2                              download https://github.com/janantala/qrcode.js/archive/v1.0.2.tar.gz
bower moment#>=2.8.0 <2.11.0                        resolved https://github.com/moment/moment.git#2.10.6
bower angular-timer#^1.3.5                          resolved https://github.com/siddii/angular-timer.git#1.3.5
bower moment#~2.9.0                               not-cached https://github.com/moment/moment.git#~2.9.0
bower moment#~2.9.0                                  resolve https://github.com/moment/moment.git#~2.9.0
bower moment#~2.9.0                                 download https://github.com/moment/moment/archive/2.9.0.tar.gz
bower humanize-duration#~3.10.0                   not-cached https://github.com/EvanHahn/HumanizeDuration.js.git#~3.10.0
bower humanize-duration#~3.10.0                      resolve https://github.com/EvanHahn/HumanizeDuration.js.git#~3.10.0
bower file-saver#1.3.4                              mismatch Version declared in the json (1.3.3) is different than the resolved one (1.3.4)
bower file-saver#1.3.4                              resolved https://github.com/eligrey/FileSaver.js.git#1.3.4
bower angular-drag-and-drop-lists#^2.1.0            resolved https://github.com/marceljuenemann/angular-drag-and-drop-lists.git#2.1.0
bower angular-scroll#^1.0.2                         mismatch Version declared in the json (1.0.0) is different than the resolved one (1.0.2)
bower angular-scroll#^1.0.2                         resolved https://github.com/oblador/angular-scroll.git#1.0.2
bower angular-highlightjs#^0.6.1                     extract archive.tar.gz
bower js-url#~2.5.3                                 download https://github.com/websanova/js-url/archive/v2.5.3.tar.gz
bower underscore.string#^3.3.5                       extract archive.tar.gz
bower angular-qr#^0.2.0                              extract archive.tar.gz
bower qrcode.js#^1.0.2                               extract archive.tar.gz
bower angular-mocks#1.7.8                           download https://github.com/angular/bower-angular-mocks/archive/v1.7.8.tar.gz
bower angular-bootstrap-colorpicker#^3.0.32         download https://github.com/buberdds/angular-bootstrap-colorpicker/archive/v3.0.32.tar.gz
bower moment#~2.9.0                                  extract archive.tar.gz
bower angular-qr#^0.2.0                             resolved https://github.com/janantala/angular-qr.git#0.2.0
bower angular#~1.2.5                              not-cached https://github.com/angular/bower-angular.git#~1.2.5
bower angular#~1.2.5                                 resolve https://github.com/angular/bower-angular.git#~1.2.5
bower qrcode#~1.0.x                               not-cached https://github.com/janantala/qrcode.js.git#~1.0.x
bower qrcode#~1.0.x                                  resolve https://github.com/janantala/qrcode.js.git#~1.0.x
bower angular#~1.2.5                                download https://github.com/angular/bower-angular/archive/v1.2.32.tar.gz
bower qrcode#~1.0.x                                 download https://github.com/janantala/qrcode.js/archive/v1.0.2.tar.gz
bower qrcode.js#^1.0.2                              resolved https://github.com/janantala/qrcode.js.git#1.0.2
bower qrcode#~1.0.x                                  extract archive.tar.gz
bower angular-highlightjs#^0.6.1                    resolved https://github.com/pc035860/angular-highlightjs.git#0.6.3
bower ace-builds#^1                                 download https://github.com/ajaxorg/ace-builds/archive/v1.44.0.tar.gz
bower jquery#^2.2.4                                 resolved https://github.com/jquery/jquery-dist.git#2.2.4
bower js-url#~2.5.3                                  extract archive.tar.gz
bower angular-mocks#1.7.8                            extract archive.tar.gz
bower angular-marked#^1.2.2                         download https://github.com/Hypercubed/angular-marked/archive/v1.2.2.tar.gz
bower qrcode#~1.0.x                                 resolved https://github.com/janantala/qrcode.js.git#1.0.2
bower d3#~3.5.0                                     download https://github.com/mbostock-bower/d3-bower/archive/v3.5.17.tar.gz
bower angular-bootstrap-colorpicker#^3.0.32          extract archive.tar.gz
bower angular-mocks#1.7.8                           resolved https://github.com/angular/bower-angular-mocks.git#1.7.8
bower js-url#~2.5.3                                 resolved https://github.com/websanova/js-url.git#2.5.3
bower angular#~1.2.5                                 extract archive.tar.gz
bower angular-bootstrap-colorpicker#^3.0.32         resolved https://github.com/buberdds/angular-bootstrap-colorpicker.git#3.0.32
bower angular#~1.2.5                                resolved https://github.com/angular/bower-angular.git#1.2.32
bower marked#^0.3.5                                 download https://github.com/chjj/marked/archive/v0.3.19.tar.gz
bower bootstrap-markdown#^2.10.0                    download https://github.com/toopay/bootstrap-markdown/archive/v2.10.0.tar.gz
bower jquery-ui#>=1.12.x                            download https://github.com/components/jqueryui/archive/1.12.1.tar.gz
bower angular-marked#^1.2.2                          extract archive.tar.gz
bower d3#~3.5.0                                      extract archive.tar.gz
bower underscore.string#^3.3.5                      resolved https://github.com/epeli/underscore.string.git#3.3.6
bower d3#~3.5.0                                     resolved https://github.com/mbostock-bower/d3-bower.git#3.5.17
bower humanize-duration#~3.10.0                     download https://github.com/EvanHahn/HumanizeDuration.js/archive/v3.10.1.tar.gz
bower angular-marked#^1.2.2                         resolved https://github.com/Hypercubed/angular-marked.git#1.2.2
bower jquery-ui#>=1.12.x                             extract archive.tar.gz
bower bootstrap-markdown#^2.10.0                     extract archive.tar.gz
bower humanize-duration#~3.10.0                      extract archive.tar.gz
bower marked#^0.3.5                                  extract archive.tar.gz
bower ace-builds#^1                                  extract archive.tar.gz
bower bootstrap-markdown#^2.10.0                invalid-meta for:C:\Users\CYNOXS~1\AppData\Local\Temp\Wizard-Cynox Security\bower\1b8a0e1f01662adefe81b4fafc6de764-31880-rEr9GC\bower.json
bower bootstrap-markdown#^2.10.0                invalid-meta The "main" field cannot contain minified files
bower bootstrap-markdown#^2.10.0                    resolved https://github.com/toopay/bootstrap-markdown.git#2.10.0
bower humanize-duration#~3.10.0                     resolved https://github.com/EvanHahn/HumanizeDuration.js.git#3.10.1
bower moment#~2.9.0                                 resolved https://github.com/moment/moment.git#2.9.0
bower font-awesome#^4.7.0                           resolved https://github.com/FortAwesome/Font-Awesome.git#4.7.0
bower marked#^0.3.5                                 resolved https://github.com/chjj/marked.git#0.3.19
bower moment#^2.24.0                                resolved https://github.com/moment/moment.git#2.30.1
bower jquery-ui#>=1.12.x                            resolved https://github.com/components/jqueryui.git#1.12.1
bower highlight.js.origin#^9.15.6                   resolved https://github.com/isagalaev/highlight.js.git#9.18.5
bower ace-builds#^1                                 resolved https://github.com/ajaxorg/ace-builds.git#1.44.0
bower angular-sanitize#1.7.8                         ECMDERR Failed to execute "git ls-remote --tags --heads https://github.com/angular/bower-angular-sanitize.git", exit code of #128 fatal: unable to access 'https://github.com/angular/bower-angular-sanitize.git/': Failed to connect to github.com port 443 after 21115 ms: Could not connect to server

Additional error details:
fatal: unable to access 'https://github.com/angular/bower-angular-sanitize.git/': Failed to connect to github.com port 443 after 21115 ms: Could not connect to server
